
Gurobi 13.0.3 (win64) logging started Mon Sep 21 03:27:33 2026

Set parameter LogFile to value "<workspace>tmp\r9-flow-probe-vf-vt-local-v2\solver-local.log"

Gurobi 13.0.3 (win64) logging started Mon Sep 21 03:27:33 2026

Set parameter LogFile to value "<workspace>tmp\r9-flow-probe-vf-vt-local-v2\solver-local.log"
Set parameter TimeLimit to value 9.2999996199971065e+01
Gurobi Optimizer version 13.0.3 build v13.0.3rc0 (win64 - Windows 11+.0 (26200.2))

CPU model: 12th Gen Intel(R) Core(TM) i7-12700, instruction set [SSE2|AVX|AVX2]
Thread count: 12 physical cores, 20 logical processors, using up to 1 threads

Non-default parameters:
TimeLimit  9.2999996199971065e+01
FeasibilityTol  1e-09
OptimalityTol  1e-09
NLBarPFeasTol  1e-09
NLBarDFeasTol  1e-09
OptimalityTarget  1
LogToConsole  0
NonConvex  2
Threads  1

Optimize a model with 21183 rows, 32808 columns and 52239 nonzeros (Min)
Model fingerprint: 0x0002d344
Model has 120 linear objective coefficients
Model has 9864 quadratic constraints
Model has 1776 general nonlinear constraints (3552 nonlinear terms)
Variable types: 32808 continuous, 0 integer (0 binary)
Coefficient statistics:
  Matrix range     [1e-05, 3e+01]
  QMatrix range    [5e-02, 2e+02]
  QLMatrix range   [2e-01, 1e+00]
  Objective range  [5e+01, 1e+03]
  Bounds range     [1e-03, 5e+03]
  RHS range        [5e-03, 4e+02]
  QRHS range       [1e+00, 6e+01]
  NLCon coe range  [8e-04, 3e+02]

Presolve removed 16493 rows and 15102 columns
Presolve time: 0.11s
Presolved: 4690 rows, 17706 columns, 15715 nonzeros
Presolved model has 10657 quadratic constraint(s)
Presolved model has 1776 nonlinear constraint(s)

Solving NLP to local optimality

Warning, incomplete warm-start solution
Ordering time: 0.02s

NL barrier statistics:
  Hessian NZ  : 2.171e+04
  Jacobian NZ : 5.510e+04
  Factor NZ   : 4.942e+05
  Factor Ops  : 1.878e+07
  Threads     : 1

                           Residuals
Iter     Objective      Primal     Dual      Compl     Step     Time
   0   5.08115433e+05  1.90e+02  2.00e+03  2.35e+02  0.00e+00     0s
   1   5.08107356e+05  1.89e+02  2.00e+03  2.35e+02  9.36e-04     0s
   2   5.08103211e+05  1.89e+02  2.00e+03  2.35e+02  7.34e-04     0s
   3   5.08105216e+05  1.89e+02  2.00e+03  2.35e+02  3.93e-03     0s
   4   5.08118928e+05  1.88e+02  2.01e+03  2.35e+02  2.07e-03     0s
   5   5.08135039e+05  1.88e+02  2.00e+03  2.34e+02  2.33e-03     0s
   6   5.08166713e+05  1.87e+02  2.00e+03  2.34e+02  6.06e-03     0s
   7   5.08169384e+05  1.87e+02  1.99e+03  2.34e+02  3.93e-04     0s
   8   5.08234512e+05  1.84e+02  2.00e+03  2.33e+02  1.35e-02     0s
   9   5.08264406e+05  1.82e+02  1.99e+03  2.33e+02  1.10e-02     0s
  10   5.08306971e+05  1.79e+02  1.98e+03  2.30e+02  1.70e-02     0s
  11   5.08401238e+05  1.73e+02  1.95e+03  2.27e+02  3.50e-02     0s
  12   5.08599185e+05  1.62e+02  1.95e+03  2.24e+02  6.31e-02     0s
  13   5.08848235e+05  1.51e+02  1.94e+03  2.21e+02  6.84e-02     0s
  14   5.08962336e+05  1.47e+02  1.94e+03  2.19e+02  2.63e-02     0s
  15   5.08974449e+05  1.47e+02  1.83e+03  2.09e+02  2.61e-03     0s
  16   5.09355984e+05  1.36e+02  1.84e+03  2.07e+02  7.54e-02     0s
  17   5.09374218e+05  1.35e+02  1.77e+03  2.01e+02  3.24e-03     0s
  18   5.09732521e+05  1.27e+02  1.75e+03  1.96e+02  5.93e-02     0s
  19   5.09742640e+05  1.27e+02  1.73e+03  1.94e+02  1.47e-03     0s
  20   5.10277431e+05  1.18e+02  1.72e+03  1.91e+02  7.58e-02     0s
  21   5.11711087e+05  9.64e+01  1.76e+03  1.86e+02  1.84e-01     1s
  22   5.11799984e+05  9.55e+01  1.54e+03  1.68e+02  9.38e-03     1s
  23   5.13834519e+05  7.86e+01  1.57e+03  1.59e+02  1.80e-01     1s
  24   5.13873758e+05  7.83e+01  1.39e+03  1.48e+02  3.15e-03     1s
  25   5.14702200e+05  7.35e+01  1.43e+03  1.45e+02  6.13e-02     1s
  26   5.14753740e+05  7.33e+01  1.34e+03  1.40e+02  3.73e-03     1s
  27   5.17258525e+05  6.06e+01  1.55e+03  1.38e+02  1.76e-01     1s
  28   5.17331314e+05  6.03e+01  1.35e+03  1.27e+02  5.31e-03     1s
  29   5.20191380e+05  4.85e+01  1.53e+03  1.22e+02  1.98e-01     1s
  30   5.21674804e+05  4.32e+01  1.48e+03  1.14e+02  1.10e-01     1s
  31   5.23476584e+05  3.73e+01  1.33e+03  1.02e+02  1.38e-01     1s
  32   5.23818190e+05  3.63e+01  1.14e+03  9.24e+01  2.72e-02     1s
  33   5.29538800e+05  2.03e+01  1.25e+03  8.69e+01  4.47e-01     1s
  34   5.30352859e+05  1.84e+01  1.11e+03  7.84e+01  9.44e-02     1s
  35   5.34269706e+05  9.68e+00  9.51e+02  6.71e+01  4.75e-01     1s
  36   5.37075301e+05  4.54e+00  8.32e+02  5.98e+01  5.37e-01     1s
  37   5.39594378e+05  2.37e+00  6.82e+02  4.00e+01  9.89e-01     1s
  38   5.39708732e+05  1.60e+00  4.79e+02  1.89e+01  4.05e-01     1s
  39   5.39747393e+05  9.52e-01  3.23e+02  1.14e+01  4.60e-01     1s
  40   5.39701214e+05  6.24e-01  4.56e+02  8.35e+00  5.00e-01     1s
  41   5.39581864e+05  1.21e+01  2.26e+03  7.68e+00  9.96e-01     1s
  42   5.39466951e+05  3.25e+00  1.55e+03  3.59e+00  1.00e+00     1s
  43   5.39269923e+05  2.92e+00  1.96e+03  2.35e+00  8.40e-01     1s
  44   5.39130740e+05  5.32e+00  2.05e+03  1.56e+00  1.00e+00     1s
  45   5.39051670e+05  6.44e+00  2.71e+03  1.28e+00  1.00e+00     1s
  46   5.39012066e+05  3.07e+00  1.84e+03  1.10e+00  1.00e+00     1s
  47   5.38984022e+05  2.20e+00  2.43e+02  9.99e-01  1.00e+00     1s
  48   5.38946843e+05  1.09e-01  5.94e+01  9.99e-01  1.00e+00     1s
  49   5.38905405e+05  4.86e-03  4.74e+00  9.99e-01  1.00e+00     1s
  50   5.38863214e+05  1.63e-03  2.87e+00  1.00e+00  1.00e+00     1s
  51   5.38822007e+05  5.71e-04  1.68e+00  1.00e+00  1.00e+00     1s
  52   5.38782569e+05  1.94e-04  1.01e+00  1.00e+00  1.00e+00     1s
  53   5.38745207e+05  6.48e-05  6.23e-01  1.00e+00  1.00e+00     1s
  54   5.38709991e+05  2.23e-05  3.99e-01  1.00e+00  1.00e+00     1s
  55   5.38676873e+05  2.15e-05  2.73e-01  1.00e+00  1.00e+00     1s
  56   5.38645747e+05  2.07e-05  2.09e-01  1.00e+00  1.00e+00     1s
  57   5.38616485e+05  2.00e-05  1.66e-01  1.00e+00  1.00e+00     1s
  58   5.38588950e+05  1.94e-05  1.41e-01  1.00e+00  1.00e+00     1s
  59   5.38563007e+05  1.88e-05  1.22e-01  1.00e+00  1.00e+00     1s
  60   5.38538529e+05  1.83e-05  1.06e-01  1.00e+00  1.00e+00     1s
  61   5.38515398e+05  1.78e-05  9.36e-02  1.00e+00  1.00e+00     1s
  62   5.38355667e+05  2.72e-04  2.61e+02  3.45e-01  6.25e-02     1s
  63   5.37801460e+05  4.55e-04  4.02e+02  2.10e-01  6.25e-02     1s
  64   5.37477686e+05  4.44e-04  1.12e+03  2.09e-01  2.45e-02     1s
  65   5.37296861e+05  4.37e-04  1.39e+03  2.08e-01  1.56e-02     1s
  66   5.37121595e+05  4.31e-04  1.39e+03  2.07e-01  1.56e-02     1s
  67   5.36953050e+05  4.32e-04  1.44e+03  2.07e-01  1.56e-02     1s
  68   5.26470101e+05  2.27e-01  7.46e+00  1.50e-01  1.00e+00     1s
  69   5.26140272e+05  4.26e-03  3.21e+00  1.50e-01  1.00e+00     1s
  70   5.26282518e+05  6.20e-04  1.14e+00  1.50e-01  1.00e+00     1s
  71   5.26389864e+05  8.08e-05  1.56e-01  1.50e-01  1.00e+00     1s
  72   5.26483020e+05  4.65e-05  1.19e-01  1.50e-01  1.00e+00     1s
  73   5.26560487e+05  3.68e-05  1.02e-01  1.50e-01  1.00e+00     1s
  74   5.26626798e+05  3.35e-05  9.35e-02  1.50e-01  1.00e+00     1s
  75   5.26683871e+05  3.01e-05  8.57e-02  1.50e-01  1.00e+00     1s
  76   5.26733372e+05  2.68e-05  7.85e-02  1.50e-01  1.00e+00     1s
  77   5.26776618e+05  2.36e-05  7.19e-02  1.50e-01  1.00e+00     1s
  78   5.26814681e+05  2.06e-05  6.59e-02  1.50e-01  1.00e+00     1s
  79   5.26848437e+05  1.79e-05  6.04e-02  1.50e-01  1.00e+00     1s
  80   5.26878600e+05  1.55e-05  5.54e-02  1.50e-01  1.00e+00     1s
  81   5.26905750e+05  1.34e-05  5.08e-02  1.50e-01  1.00e+00     1s
  82   5.26930358e+05  1.16e-05  4.66e-02  1.50e-01  1.00e+00     1s
  83   5.26952807e+05  9.96e-06  4.27e-02  1.50e-01  1.00e+00     1s
  84   5.26973408e+05  8.55e-06  3.92e-02  1.50e-01  1.00e+00     1s
  85   5.26992415e+05  7.34e-06  3.60e-02  1.50e-01  1.00e+00     1s
  86   5.27010039e+05  6.29e-06  3.35e-02  1.50e-01  1.00e+00     1s
  87   5.27026451e+05  5.64e-06  3.23e-02  1.50e-01  1.00e+00     1s
  88   5.27041797e+05  5.52e-06  3.13e-02  1.50e-01  1.00e+00     1s
  89   5.27056198e+05  5.41e-06  3.02e-02  1.50e-01  1.00e+00     2s
  90   5.27069756e+05  5.28e-06  2.93e-02  1.50e-01  1.00e+00     2s
  91   5.27082561e+05  5.16e-06  2.83e-02  1.50e-01  1.00e+00     2s
  92   5.27094686e+05  5.03e-06  2.74e-02  1.50e-01  1.00e+00     2s
  93   5.27106198e+05  4.90e-06  2.65e-02  1.50e-01  1.00e+00     2s
  94   5.27117154e+05  4.76e-06  2.57e-02  1.50e-01  1.00e+00     2s
  95   5.27127602e+05  4.63e-06  2.48e-02  1.50e-01  1.00e+00     2s
  96   5.27137588e+05  4.49e-06  2.40e-02  1.50e-01  1.00e+00     2s
  97   5.27147149e+05  4.36e-06  2.33e-02  1.50e-01  1.00e+00     2s
  98   5.27156320e+05  4.22e-06  2.25e-02  1.50e-01  1.00e+00     2s
  99   5.27165130e+05  4.09e-06  2.18e-02  1.50e-01  1.00e+00     2s
 100   5.27173608e+05  3.96e-06  2.12e-02  1.50e-01  1.00e+00     2s
 101   5.27181777e+05  3.83e-06  2.05e-02  1.50e-01  1.00e+00     2s
 102   5.27189660e+05  3.70e-06  1.99e-02  1.50e-01  1.00e+00     2s
 103   5.27197275e+05  3.58e-06  1.92e-02  1.50e-01  1.00e+00     2s
 104   5.27204640e+05  3.46e-06  1.87e-02  1.50e-01  1.00e+00     2s
 105   5.27211772e+05  3.35e-06  1.81e-02  1.50e-01  1.00e+00     2s
 106   5.27218684e+05  3.27e-06  1.75e-02  1.50e-01  1.00e+00     2s
 107   5.27225391e+05  3.22e-06  1.70e-02  1.50e-01  1.00e+00     2s
 108   5.27231904e+05  3.18e-06  1.65e-02  1.50e-01  1.00e+00     2s
 109   5.27238234e+05  3.13e-06  1.60e-02  1.50e-01  1.00e+00     2s
 110   5.27244391e+05  3.08e-06  1.55e-02  1.50e-01  1.00e+00     2s
 111   5.27250385e+05  3.04e-06  1.51e-02  1.50e-01  1.00e+00     2s
 112   5.27256223e+05  3.01e-06  1.46e-02  1.50e-01  1.00e+00     2s
 113   5.27261915e+05  2.98e-06  1.42e-02  1.50e-01  1.00e+00     2s
 114   5.27247991e+05  2.98e-06  1.33e+03  6.72e-02  1.57e-03     2s
 115   5.27244422e+05  2.98e-06  4.51e+03  3.42e-02  2.36e-04     2s
 116   5.27243504e+05  2.98e-06  7.69e+03  3.46e-02  4.47e-05     2s
 117   5.27242600e+05  2.98e-06  8.92e+03  3.47e-02  4.70e-05     2s
 118   5.12021198e+05  5.68e+00  1.67e+03  2.48e-02  8.17e-01     2s
 119   5.09554209e+05  2.83e+00  2.05e+03  2.35e-02  5.55e-01     2s
 120   5.09215621e+05  6.82e-03  1.26e+03  2.26e-02  1.00e+00     2s
 121   5.09136121e+05  8.56e-06  6.06e-01  2.25e-02  1.00e+00     2s
 122   5.08940056e+05  8.24e-06  1.03e+00  2.25e-02  1.00e+00     2s
 123   5.08879013e+05  7.86e-06  1.23e+00  2.25e-02  1.00e+00     2s
 124   5.08705760e+05  8.67e-06  3.07e+00  2.25e-02  1.00e+00     2s
 125   5.08647179e+05  6.97e-06  2.74e+00  2.25e-02  1.00e+00     2s
 126   5.08456521e+05  2.94e-05  3.26e+01  2.25e-02  1.00e+00     2s
 127   5.08234475e+05  3.31e-05  4.38e+01  2.25e-02  1.00e+00     2s
 128   5.08052268e+05  4.54e-05  3.22e+01  2.25e-02  3.54e-01     2s
 129   5.07941284e+05  1.98e-05  1.08e+01  2.25e-02  6.73e-01     2s
 130   5.07874662e+05  4.32e-05  3.94e+02  2.25e-02  4.22e-02     2s
 131   5.07850846e+05  2.72e-05  5.23e-01  2.25e-02  1.00e+00     2s
 132   5.07851604e+05  2.97e-05  1.40e-01  2.25e-02  1.00e+00     2s
 133   5.07860048e+05  1.65e-04  1.55e-01  2.25e-02  1.00e+00     2s
 134   5.07874641e+05  1.31e-03  5.20e-01  2.25e-02  1.00e+00     2s
 135   5.07885971e+05  1.14e-02  2.11e+00  2.25e-02  1.00e+00     2s
 136   5.07880110e+05  1.23e-01  1.36e+01  2.25e-02  1.00e+00     2s
 137   5.07836762e+05  7.20e-01  8.67e+01  2.25e-02  1.00e+00     2s
 138   5.07619532e+05  2.36e+00  2.34e+03  2.25e-02  3.12e-01     2s
 139   5.07467170e+05  5.63e-01  3.73e+02  2.25e-02  1.00e+00     2s
 140   5.07341284e+05  1.93e+00  5.12e+03  2.25e-02  2.81e-01     2s
 141   5.07362491e+05  9.75e-03  1.33e+01  2.25e-02  1.00e+00     2s
 142   5.07353994e+05  1.99e-01  6.50e+00  2.25e-02  1.00e+00     3s
 143   5.07317702e+05  6.10e-01  3.19e+03  2.25e-02  1.01e-01     3s
 144   5.07268244e+05  1.14e+00  8.84e+02  2.25e-02  8.66e-01     3s
 145   5.07266233e+05  7.66e-01  1.94e+03  2.25e-02  5.07e-01     3s
 146   5.07303875e+05  8.85e-02  1.80e+01  2.25e-02  1.00e+00     3s
 147   5.07322667e+05  8.57e-04  1.35e-01  2.25e-02  1.00e+00     3s
 148   5.07338325e+05  7.80e-05  3.28e-02  2.25e-02  1.00e+00     3s
 149   5.07353285e+05  7.04e-05  3.09e-02  2.25e-02  1.00e+00     3s
 150   5.07367651e+05  6.39e-05  2.92e-02  2.25e-02  1.00e+00     3s
 151   5.07381465e+05  5.82e-05  2.76e-02  2.25e-02  1.00e+00     3s
 152   5.07394765e+05  5.31e-05  2.61e-02  2.25e-02  1.00e+00     3s
 153   5.07407585e+05  4.86e-05  2.48e-02  2.25e-02  1.00e+00     3s
 154   5.07419957e+05  4.45e-05  2.35e-02  2.25e-02  1.00e+00     3s
 155   5.07431908e+05  4.08e-05  2.23e-02  2.25e-02  1.00e+00     3s
 156   5.07443466e+05  3.75e-05  2.12e-02  2.25e-02  1.00e+00     3s
 157   5.07454653e+05  3.45e-05  2.02e-02  2.25e-02  1.00e+00     3s
 158   5.07465490e+05  3.18e-05  1.92e-02  2.25e-02  1.00e+00     3s
 159   5.07475996e+05  2.93e-05  1.83e-02  2.25e-02  1.00e+00     3s
 160   5.07486189e+05  2.70e-05  1.75e-02  2.25e-02  1.00e+00     3s
 161   5.07496085e+05  2.49e-05  1.70e-02  2.25e-02  1.00e+00     3s
 162   5.07505699e+05  2.30e-05  1.67e-02  2.25e-02  1.00e+00     3s
 163   5.07515044e+05  2.12e-05  1.64e-02  2.25e-02  1.00e+00     3s
 164   5.07524132e+05  1.96e-05  1.61e-02  2.25e-02  1.00e+00     3s
 165   5.07532977e+05  1.85e-05  1.57e-02  2.25e-02  1.00e+00     3s
 166   5.07541588e+05  1.79e-05  1.53e-02  2.25e-02  1.00e+00     3s
 167   5.07549976e+05  1.73e-05  1.50e-02  2.25e-02  1.00e+00     3s
 168   5.07558152e+05  1.67e-05  1.46e-02  2.25e-02  1.00e+00     3s
 169   5.07566123e+05  1.61e-05  1.42e-02  2.25e-02  1.00e+00     3s
 170   5.07573900e+05  1.54e-05  1.38e-02  2.25e-02  1.00e+00     3s
 171   5.07581491e+05  1.48e-05  1.34e-02  2.25e-02  1.00e+00     3s
 172   5.07588903e+05  1.42e-05  1.30e-02  2.25e-02  1.00e+00     3s
 173   5.07596143e+05  1.36e-05  1.27e-02  2.25e-02  1.00e+00     3s
 174   5.07603219e+05  1.30e-05  1.23e-02  2.25e-02  1.00e+00     3s
 175   5.07610138e+05  1.24e-05  1.19e-02  2.25e-02  1.00e+00     3s
 176   5.07616905e+05  1.18e-05  1.16e-02  2.25e-02  1.00e+00     3s
 177   5.07623526e+05  1.13e-05  1.12e-02  2.25e-02  1.00e+00     3s
 178   5.07630008e+05  1.08e-05  1.09e-02  2.25e-02  1.00e+00     3s
 179   5.07636355e+05  1.03e-05  1.06e-02  2.25e-02  1.00e+00     3s
 180   5.07642573e+05  9.88e-06  1.03e-02  2.25e-02  1.00e+00     3s
 181   5.07648666e+05  9.45e-06  1.00e-02  2.25e-02  1.00e+00     3s
 182   5.07654638e+05  9.05e-06  9.75e-03  2.25e-02  1.00e+00     3s
 183   5.07660494e+05  8.67e-06  9.48e-03  2.25e-02  1.00e+00     3s
 184   5.07666238e+05  8.31e-06  9.23e-03  2.25e-02  1.00e+00     3s
 185   5.07671873e+05  7.97e-06  8.99e-03  2.25e-02  1.00e+00     3s
 186   5.07677402e+05  7.64e-06  8.75e-03  2.25e-02  1.00e+00     3s
 187   5.07682830e+05  7.32e-06  8.53e-03  2.25e-02  1.00e+00     3s
 188   5.07688159e+05  7.01e-06  8.30e-03  2.25e-02  1.00e+00     3s
 189   5.07693393e+05  6.72e-06  8.09e-03  2.25e-02  1.00e+00     3s
 190   5.07698533e+05  6.43e-06  7.87e-03  2.25e-02  1.00e+00     3s
 191   5.07703583e+05  6.16e-06  7.66e-03  2.25e-02  1.00e+00     3s
 192   5.07708545e+05  5.89e-06  7.46e-03  2.25e-02  1.00e+00     3s
 193   5.07713422e+05  5.62e-06  7.25e-03  2.25e-02  1.00e+00     3s
 194   5.07718216e+05  5.36e-06  7.05e-03  2.25e-02  1.00e+00     3s
 195   5.07722929e+05  5.11e-06  6.85e-03  2.25e-02  1.00e+00     3s
 196   5.07727564e+05  4.86e-06  6.64e-03  2.25e-02  1.00e+00     3s
 197   5.07732122e+05  4.61e-06  6.45e-03  2.25e-02  1.00e+00     3s
 198   5.07736605e+05  4.37e-06  6.25e-03  2.25e-02  1.00e+00     3s
 199   5.07741016e+05  4.14e-06  6.05e-03  2.25e-02  1.00e+00     3s
 200   5.07745356e+05  3.91e-06  5.85e-03  2.25e-02  1.00e+00     3s
 201   5.07749627e+05  3.68e-06  5.66e-03  2.25e-02  1.00e+00     3s
 202   5.07753831e+05  3.47e-06  5.46e-03  2.25e-02  1.00e+00     3s
 203   5.07757970e+05  3.25e-06  5.27e-03  2.25e-02  1.00e+00     3s
 204   5.07762044e+05  3.05e-06  5.08e-03  2.25e-02  1.00e+00     3s
 205   5.07766056e+05  2.85e-06  4.89e-03  2.25e-02  1.00e+00     3s
 206   5.07770007e+05  2.66e-06  4.71e-03  2.25e-02  1.00e+00     3s
 207   5.07773899e+05  2.47e-06  4.52e-03  2.25e-02  1.00e+00     3s
 208   5.07777733e+05  2.30e-06  4.34e-03  2.25e-02  1.00e+00     3s
 209   5.07781510e+05  2.13e-06  4.17e-03  2.25e-02  1.00e+00     3s
 210   5.07785231e+05  1.97e-06  3.99e-03  2.25e-02  1.00e+00     4s
 211   5.07788899e+05  1.82e-06  3.82e-03  2.25e-02  1.00e+00     4s
 212   5.07792515e+05  1.68e-06  3.66e-03  2.25e-02  1.00e+00     4s
 213   5.07796078e+05  1.54e-06  3.49e-03  2.25e-02  1.00e+00     4s
 214   5.07799592e+05  1.41e-06  3.34e-03  2.25e-02  1.00e+00     4s
 215   5.07803056e+05  1.29e-06  3.18e-03  2.25e-02  1.00e+00     4s
 216   5.07806473e+05  1.18e-06  3.04e-03  2.25e-02  1.00e+00     4s
 217   5.07809842e+05  1.08e-06  2.89e-03  2.25e-02  1.00e+00     4s
 218   5.07813166e+05  9.83e-07  2.76e-03  2.25e-02  1.00e+00     4s
 219   5.07816445e+05  9.58e-07  2.62e-03  2.25e-02  1.00e+00     4s
 220   5.07819680e+05  9.49e-07  2.50e-03  2.25e-02  1.00e+00     4s
 221   5.07822872e+05  9.42e-07  2.37e-03  2.25e-02  1.00e+00     4s
 222   5.07826023e+05  9.36e-07  2.26e-03  2.25e-02  1.00e+00     4s
 223   5.07829133e+05  9.31e-07  2.14e-03  2.25e-02  1.00e+00     4s
 224   5.07832202e+05  9.25e-07  2.03e-03  2.25e-02  1.00e+00     4s
 225   5.05395170e+05  7.60e-01  2.32e+03  1.19e-02  3.09e-01     4s
 226   5.01786602e+05  4.29e+00  2.26e+03  7.58e-03  4.55e-01     4s
 227   4.99898288e+05  2.36e+00  1.67e+03  6.58e-03  4.64e-01     4s
 228   4.99565687e+05  2.20e+00  1.14e+04  4.52e-03  9.34e-02     4s
 229   4.99385554e+05  2.09e+00  1.09e+04  4.20e-03  5.62e-02     4s
 230   4.99171435e+05  1.94e+00  1.45e+04  3.83e-03  7.15e-02     4s
 231   4.98922557e+05  1.78e+00  1.32e+04  3.79e-03  9.13e-02     4s
 232   4.98675498e+05  1.61e+00  1.15e+04  3.74e-03  1.00e-01     4s
 233   4.97126912e+05  1.01e+00  1.84e+03  3.39e-03  1.00e+00     4s
 234   4.96622263e+05  1.24e+00  3.23e+03  3.38e-03  6.43e-01     4s
 235   4.96431313e+05  3.12e-01  4.06e+01  3.37e-03  1.00e+00     4s
 236   4.96419192e+05  3.93e-02  1.64e+00  3.37e-03  1.00e+00     4s
 237   4.96407960e+05  5.46e-03  4.50e+00  3.37e-03  8.61e-01     4s
 238   4.96402382e+05  8.59e-02  4.48e+01  3.37e-03  1.00e+00     4s
 239   4.96385454e+05  6.49e-02  4.80e+02  3.37e-03  4.90e-01     4s
 240   4.96403462e+05  8.81e-03  3.23e+00  3.38e-03  1.00e+00     4s
 241   4.96400167e+05  9.95e-04  2.73e+01  3.38e-03  1.00e+00     4s
 242   4.96402553e+05  2.96e-02  1.41e+00  3.37e-03  1.00e+00     4s
 243   4.96405484e+05  1.83e-03  1.09e-01  3.37e-03  1.00e+00     4s
 244   4.96404638e+05  1.19e-03  1.37e-01  3.37e-03  1.00e+00     4s
 245   4.96396405e+05  9.65e-02  1.96e+00  3.37e-03  1.00e+00     4s
 246   4.96402741e+05  4.92e-02  4.47e+00  3.37e-03  1.00e+00     4s
 247   4.96413762e+05  7.15e-02  2.01e+00  3.37e-03  1.00e+00     4s
 248   4.96397393e+05  3.92e-01  1.58e+01  3.37e-03  1.00e+00     4s
 249   4.96411262e+05  3.00e-01  2.81e+02  3.38e-03  1.00e+00     4s
 250   4.96417193e+05  7.02e-03  5.45e-01  3.37e-03  1.00e+00     4s
 251   4.96422192e+05  4.72e-03  5.04e-01  3.37e-03  1.00e+00     4s
 252   4.96411090e+05  2.16e-01  2.46e+01  3.37e-03  1.00e+00     4s
 253   4.96416142e+05  6.55e-03  3.29e-01  3.37e-03  1.00e+00     4s
 254   4.96442734e+05  9.58e-01  8.26e+02  3.38e-03  5.00e-01     4s
 255   4.96425972e+05  3.19e-01  2.38e+00  3.37e-03  1.00e+00     4s
 256   4.96413084e+05  3.48e-01  2.05e+01  3.37e-03  1.00e+00     4s
 257   4.96425520e+05  9.02e-02  2.10e+00  3.37e-03  1.00e+00     4s
 258   4.96430845e+05  1.07e-02  3.74e-01  3.37e-03  1.00e+00     4s
 259   4.96433110e+05  2.99e-03  2.59e-01  3.37e-03  1.00e+00     4s
 260   4.96418421e+05  2.82e-01  9.70e+00  3.37e-03  1.00e+00     4s
 261   4.96430069e+05  2.06e-01  2.03e+01  3.37e-03  1.00e+00     4s
 262   4.96433832e+05  1.52e-03  1.75e-01  3.37e-03  1.00e+00     4s
 263   4.96436556e+05  2.00e-04  1.05e-01  3.37e-03  1.00e+00     4s
 264   4.96422142e+05  4.01e-01  3.55e+01  3.37e-03  1.00e+00     4s
 265   4.96431413e+05  1.14e-01  9.90e+00  3.37e-03  1.00e+00     5s
 266   4.96434902e+05  1.87e-03  5.69e-02  3.37e-03  1.00e+00     5s
 267   4.96441798e+05  2.56e-02  6.90e-01  3.37e-03  1.00e+00     5s
 268   4.96475008e+05  1.06e+00  5.31e+02  3.38e-03  1.00e+00     5s
 269   4.96447259e+05  5.52e-01  9.94e+00  3.37e-03  1.00e+00     5s
 270   4.96435787e+05  2.05e-01  1.35e+01  3.37e-03  1.00e+00     5s
 271   4.96441477e+05  3.10e-03  5.31e-02  3.37e-03  1.00e+00     5s
 272   4.96444058e+05  3.89e-03  1.36e-01  3.37e-03  1.00e+00     5s
 273   4.96444843e+05  1.73e-04  9.95e-03  3.37e-03  1.00e+00     5s
 274   4.96442580e+05  1.57e-02  5.30e-01  3.37e-03  1.00e+00     5s
 275   4.96444568e+05  2.68e-04  3.73e-02  3.37e-03  1.00e+00     5s
 276   4.96447771e+05  5.98e-03  2.39e-01  3.37e-03  1.00e+00     5s
 277   4.96449443e+05  3.60e-04  1.97e-02  3.37e-03  1.00e+00     5s
 278   4.96449148e+05  1.67e-03  2.70e-02  3.37e-03  1.00e+00     5s
 279   4.96444736e+05  4.95e-02  2.43e+00  3.37e-03  1.00e+00     5s
 280   4.96449660e+05  3.35e-02  2.43e+00  3.37e-03  1.00e+00     5s
 281   4.96458637e+05  6.60e-02  1.92e+00  3.37e-03  1.00e+00     5s
 282   4.96456182e+05  6.71e-03  1.56e-01  3.37e-03  1.00e+00     5s
 283   4.96449003e+05  9.55e-02  1.90e+03  3.38e-03  2.38e-01     5s
 284   4.96463090e+05  2.09e-01  9.80e+02  3.38e-03  1.00e+00     5s
 285   4.96468396e+05  2.03e-01  1.09e+03  3.37e-03  1.25e-01     5s
 286   4.96476986e+05  3.11e-01  2.85e+03  3.37e-03  1.25e-01     5s
 287   4.96455878e+05  5.51e-01  1.05e+03  3.37e-03  6.69e-01     5s
 288   4.96462121e+05  5.49e-02  1.12e+01  3.37e-03  1.00e+00     5s
 289   4.96448353e+05  2.01e-01  1.26e+01  3.37e-03  1.00e+00     5s
 290   4.96455927e+05  4.41e-02  3.62e+00  3.37e-03  1.00e+00     5s
 291   4.96465957e+05  1.29e-01  1.44e+02  3.37e-03  5.00e-01     5s
 292   4.96468108e+05  1.14e-03  2.18e-01  3.37e-03  1.00e+00     5s
 293   4.96456936e+05  1.58e-01  4.92e+00  3.37e-03  1.00e+00     5s
 294   4.96460341e+05  4.99e-03  1.39e-01  3.37e-03  1.00e+00     5s
 295   4.96471191e+05  1.64e-01  7.00e+00  3.37e-03  1.00e+00     5s
 296   4.96453823e+05  3.27e-01  8.33e+00  3.37e-03  1.00e+00     5s
 297   4.96457189e+05  3.51e-01  2.13e+01  3.37e-03  1.70e-02     5s
 298   4.96463679e+05  1.07e-03  5.32e-02  3.38e-03  1.00e+00     5s
 299   4.96466623e+05  2.91e-03  1.05e-01  3.37e-03  1.00e+00     5s
 300   4.96466674e+05  2.91e-03  7.02e+02  3.37e-03  9.77e-04     5s
 301   4.96464541e+05  5.00e-03  2.31e+00  3.37e-03  1.00e+00     5s
 302   4.96458138e+05  9.73e-02  1.03e+03  3.37e-03  4.88e-01     5s
 303   4.96461497e+05  1.29e-02  3.14e+00  3.37e-03  1.00e+00     5s
 304   4.96467947e+05  4.11e-02  1.43e+00  3.37e-03  1.00e+00     5s
 305   4.96472686e+05  1.57e-02  4.63e-01  3.37e-03  1.00e+00     5s
 306   4.96477749e+05  3.18e-02  1.14e+00  3.37e-03  1.00e+00     5s
 307   4.96464914e+05  1.52e-01  2.07e+00  3.37e-03  1.00e+00     5s
 308   4.96468152e+05  2.93e-03  4.82e-02  3.37e-03  1.00e+00     5s
 309   4.96474069e+05  4.56e-02  1.77e+00  3.37e-03  1.00e+00     5s
 310   4.96466116e+05  1.30e-01  1.60e+03  3.38e-03  2.60e-01     5s
 311   4.96466414e+05  1.30e-01  9.12e+02  3.37e-03  1.68e-03     5s
 312   4.96468911e+05  5.67e-04  4.22e-01  3.37e-03  1.00e+00     5s
 313   4.96472358e+05  6.31e-03  1.65e-01  3.37e-03  1.00e+00     6s
 314   4.96476699e+05  2.06e-02  4.67e+02  3.37e-03  2.50e-01     6s
 315   4.96478064e+05  8.42e-04  2.45e-01  3.37e-03  1.00e+00     6s
 316   4.96479012e+05  3.98e-04  9.17e-02  3.37e-03  1.00e+00     6s
 317   4.96465267e+05  1.94e-01  6.13e+00  3.37e-03  1.00e+00     6s
 318   4.96478940e+05  4.01e-01  6.18e+02  3.38e-03  1.00e+00     6s
 319   4.96486198e+05  1.74e-02  2.34e+00  3.37e-03  1.00e+00     6s
 320   4.96473907e+05  2.49e-01  2.67e+01  3.37e-03  1.00e+00     6s
 321   4.96467710e+05  2.72e-01  2.56e+03  3.38e-03  1.73e-01     6s
 322   4.96475721e+05  1.81e-01  1.47e+03  3.38e-03  1.00e+00     6s
 323   4.96484125e+05  3.65e-02  5.94e+00  3.37e-03  1.00e+00     6s
 324   4.96485229e+05  3.62e-02  6.36e+02  3.37e-03  6.25e-02     6s
 325   4.96497387e+05  4.62e-02  5.55e+00  3.38e-03  1.00e+00     6s
 326   4.96481522e+05  2.13e-01  8.07e+00  3.37e-03  1.00e+00     6s
 327   4.96472564e+05  1.37e-01  7.49e+00  3.37e-03  1.00e+00     6s
 328   4.96475143e+05  7.42e-04  5.01e-02  3.37e-03  1.00e+00     6s
 329   4.96479728e+05  2.87e-02  1.23e+00  3.37e-03  1.00e+00     6s
 330   4.96481238e+05  1.35e-03  8.68e-02  3.37e-03  1.00e+00     6s
 331   4.96468608e+05  2.60e-01  1.35e+01  3.37e-03  1.00e+00     6s
 332   4.96475701e+05  8.29e-02  6.92e+00  3.37e-03  1.00e+00     6s
 333   4.96476725e+05  8.28e-02  5.25e+02  3.37e-03  1.56e-02     6s
 334   4.96480957e+05  9.00e-03  6.71e-01  3.38e-03  1.00e+00     6s
 335   4.96483795e+05  9.99e-03  3.64e-01  3.37e-03  1.00e+00     6s
 336   4.96481603e+05  3.66e-03  8.04e-02  3.37e-03  1.00e+00     6s
 337   4.96474885e+05  8.46e-02  1.11e+03  3.38e-03  3.48e-01     6s
 338   4.96486284e+05  3.62e-01  1.39e+03  3.38e-03  1.00e+00     6s
 339   4.96516197e+05  6.54e-01  4.44e+02  3.38e-03  1.00e+00     6s
 340   4.96527612e+05  5.27e-01  6.80e+02  3.38e-03  5.00e-01     6s
 341   4.96495537e+05  1.21e+00  2.19e+02  3.37e-03  9.60e-01     6s
 342   4.96485280e+05  1.33e-01  6.04e+00  3.37e-03  1.00e+00     6s
 343   4.96477835e+05  1.81e-02  2.05e+03  3.38e-03  2.44e-01     6s
 344   4.96487051e+05  1.08e-01  1.03e+03  3.38e-03  5.00e-01     6s
 345   4.96494158e+05  1.16e-01  6.46e+02  3.37e-03  2.50e-01     6s
 346   4.96476903e+05  2.77e-01  3.65e+01  3.37e-03  1.00e+00     6s
 347   4.96481504e+05  4.12e-02  2.68e+00  3.38e-03  1.00e+00     6s
 348   4.96482319e+05  1.68e-03  1.98e-01  3.37e-03  1.00e+00     6s
 349   4.96483828e+05  1.46e-03  6.39e-02  3.37e-03  1.00e+00     6s
 350   4.96487494e+05  1.82e-02  8.15e-01  3.37e-03  1.00e+00     6s
 351   4.96480205e+05  9.88e-02  1.07e+03  3.38e-03  3.46e-01     6s
 352   4.96489260e+05  9.48e-02  7.09e+01  3.37e-03  1.00e+00     6s
 353   4.96494121e+05  8.89e-02  4.77e+02  3.37e-03  2.50e-01     6s
 354   4.96480947e+05  1.70e-01  8.27e+00  3.37e-03  1.00e+00     6s
 355   4.96484649e+05  4.13e-03  4.19e-01  3.37e-03  1.00e+00     6s
 356   4.96490890e+05  5.87e-02  2.40e+00  3.37e-03  1.00e+00     6s
 357   4.96483058e+05  1.34e-01  1.89e+03  3.38e-03  2.20e-01     6s
 358   4.96488168e+05  1.40e-02  4.91e+00  3.37e-03  1.00e+00     6s
 359   4.96490637e+05  2.51e-03  1.42e-01  3.37e-03  1.00e+00     6s
 360   4.96496913e+05  2.79e-02  8.95e-01  3.37e-03  1.00e+00     6s
 361   4.96497988e+05  2.71e-02  6.08e+02  3.37e-03  6.25e-02     6s
 362   4.96476104e+05  3.58e-01  1.34e+01  3.37e-03  1.00e+00     6s
 363   4.96482826e+05  3.70e-01  9.16e+01  3.37e-03  2.50e-01     6s
 364   4.96486962e+05  1.91e-03  9.62e-02  3.38e-03  1.00e+00     7s
 365   4.96491386e+05  1.32e-02  2.64e-01  3.37e-03  1.00e+00     7s
 366   4.96496818e+05  3.73e-02  2.08e+02  3.37e-03  5.00e-01     7s
 367   4.96482484e+05  2.61e-01  2.38e+01  3.37e-03  1.00e+00     7s
 368   4.96488682e+05  2.46e-02  5.79e-01  3.38e-03  1.00e+00     7s
 369   4.96489473e+05  2.41e-02  6.86e+02  3.37e-03  6.25e-02     7s
 370   4.96482841e+05  5.22e-02  2.82e+02  3.37e-03  4.52e-01     7s
 371   4.96482852e+05  5.22e-02  5.76e+02  3.37e-03  2.08e-05     7s
 372   4.96485219e+05  3.71e-04  1.32e-01  3.38e-03  1.00e+00     7s
 373   4.96489680e+05  4.89e-02  5.39e+00  3.37e-03  1.00e+00     7s
 374   4.96490479e+05  4.88e-02  7.14e+02  3.37e-03  1.56e-02     7s
 375   4.96488227e+05  6.14e-03  1.66e+00  3.37e-03  1.00e+00     7s
 376   4.96481984e+05  1.28e-01  1.90e+01  3.37e-03  1.00e+00     7s
 377   4.96486054e+05  3.21e-02  2.93e+00  3.37e-03  1.00e+00     7s
 378   4.96488725e+05  4.20e-02  8.25e+02  3.37e-03  2.50e-01     7s
 379   4.96489845e+05  2.45e-04  2.15e-01  3.38e-03  1.00e+00     7s
 380   4.96491528e+05  1.88e-03  5.47e-02  3.37e-03  1.00e+00     7s
 381   4.96495551e+05  1.89e-02  6.05e-01  3.37e-03  1.00e+00     7s
 382   4.96495543e+05  6.49e-04  8.24e-02  3.37e-03  1.00e+00     7s
 383   4.96486357e+05  1.27e-01  5.98e+00  3.37e-03  1.00e+00     7s
 384   4.96489132e+05  1.12e-01  8.71e+02  3.37e-03  2.50e-01     7s
 385   4.96490070e+05  7.86e-06  9.99e-03  3.38e-03  1.00e+00     7s
 386   4.96490114e+05  4.62e-06  1.21e+03  3.37e-03  1.95e-03     7s
 387   4.96484580e+05  3.10e-02  7.07e+02  3.38e-03  2.39e-01     7s
 388   4.96492913e+05  1.80e-01  5.68e+02  3.38e-03  5.00e-01     7s
 389   4.96495936e+05  2.21e-03  4.53e-01  3.38e-03  1.00e+00     7s
 390   4.96495957e+05  2.21e-03  1.32e+03  3.37e-03  4.88e-04     7s
 391   4.96487881e+05  1.15e-01  1.17e+03  3.37e-03  4.04e-01     7s
 392   4.96496561e+05  5.90e-02  6.01e+00  3.37e-03  1.00e+00     7s
 393   4.96499042e+05  5.33e-02  4.00e+02  3.37e-03  2.50e-01     7s
 394   4.96481616e+05  3.72e-01  3.15e+01  3.37e-03  9.95e-01     7s
 395   4.96493647e+05  2.19e-01  1.34e+01  3.37e-03  1.00e+00     7s
 396   4.96495867e+05  1.77e-03  1.22e-01  3.38e-03  1.00e+00     7s
 397   4.96498688e+05  5.61e-03  2.66e-01  3.37e-03  1.00e+00     7s
 398   4.96499512e+05  9.21e-04  3.15e-01  3.37e-03  1.00e+00     7s
 399   4.96490106e+05  1.44e-01  8.45e+00  3.37e-03  1.00e+00     7s
 400   4.96490866e+05  1.43e-01  9.85e+02  3.37e-03  1.56e-02     7s
 401   4.96485870e+05  1.55e-01  2.08e+03  3.38e-03  8.15e-02     7s
 402   4.96486925e+05  1.54e-01  1.50e+03  3.38e-03  2.50e-02     7s
 403   4.96492782e+05  1.49e-02  3.20e+00  3.38e-03  1.00e+00     7s
 404   4.96493629e+05  1.46e-02  4.27e+02  3.37e-03  6.25e-02     7s
 405   4.96498066e+05  1.03e-02  5.67e-01  3.38e-03  1.00e+00     7s
 406   4.96499203e+05  1.03e-02  3.24e+02  3.37e-03  1.25e-01     7s
 407   4.96499748e+05  1.03e-02  7.00e+02  3.37e-03  3.13e-02     7s
 408   4.96484764e+05  2.35e-01  2.03e+01  3.37e-03  1.00e+00     7s
 409   4.96492520e+05  7.51e-02  3.34e+00  3.37e-03  1.00e+00     7s
 410   4.96495915e+05  1.17e-02  4.30e-01  3.37e-03  1.00e+00     7s
 411   4.96496187e+05  1.16e-02  8.16e+02  3.37e-03  1.56e-02     7s
 412   4.96486455e+05  8.27e-02  5.89e+00  3.37e-03  1.00e+00     7s
 413   4.96491129e+05  6.43e-02  2.38e+02  3.37e-03  5.00e-01     8s
 414   4.96494871e+05  7.14e-03  1.94e-01  3.38e-03  1.00e+00     8s
 415   4.96494876e+05  7.14e-03  1.27e+03  3.37e-03  1.93e-05     8s
 416   4.96484441e+05  1.02e-01  1.00e+01  3.37e-03  1.00e+00     8s
 417   4.96494525e+05  9.96e-02  2.52e+00  3.37e-03  1.00e+00     8s
 418   4.96500786e+05  3.95e-02  1.26e+00  3.37e-03  1.00e+00     8s
 419   4.96503109e+05  2.03e-02  2.65e+00  3.37e-03  1.00e+00     8s
 420   4.96493087e+05  1.53e-01  8.66e+00  3.37e-03  1.00e+00     8s
 421   4.96494232e+05  1.51e-01  9.77e+02  3.37e-03  3.13e-02     8s
 422   4.96484439e+05  1.09e-01  9.36e+00  3.37e-03  1.00e+00     8s
 423   4.96494259e+05  8.07e-02  1.19e+00  3.37e-03  1.00e+00     8s
 424   4.96499900e+05  3.30e-02  1.08e+00  3.37e-03  1.00e+00     8s
 425   4.96502205e+05  3.26e-02  4.05e+02  3.37e-03  2.50e-01     8s
 426   4.96486584e+05  2.84e-01  1.42e+01  3.37e-03  1.00e+00     8s
 427   4.96496956e+05  1.66e-01  1.01e+01  3.37e-03  1.00e+00     8s
 428   4.96502756e+05  1.58e-01  7.03e+02  3.37e-03  2.50e-01     8s
 429   4.96493717e+05  1.91e-01  6.49e+02  3.38e-03  4.46e-01     8s
 430   4.96508004e+05  1.98e-01  1.10e+01  3.37e-03  1.00e+00     8s
 431   4.96497655e+05  9.56e-02  1.85e+00  3.37e-03  1.00e+00     8s
 432   4.96499850e+05  2.57e-03  9.08e-02  3.37e-03  1.00e+00     8s
 433   4.96494289e+05  5.11e-02  3.93e+00  3.37e-03  1.00e+00     8s
 434   4.96494975e+05  5.05e-02  1.10e+03  3.37e-03  3.13e-02     8s
 435   4.96489487e+05  6.04e-02  3.22e+02  3.38e-03  4.00e-01     8s
 436   4.96494420e+05  7.14e-02  4.38e+02  3.37e-03  5.00e-01     8s
 437   4.96496106e+05  6.18e-04  1.48e-01  3.38e-03  1.00e+00     8s
 438   4.96498640e+05  4.39e-03  9.76e-02  3.37e-03  1.00e+00     8s
 439   4.96500043e+05  5.47e-03  1.78e+02  3.37e-03  2.50e-01     8s
 440   4.96497719e+05  5.51e-03  6.99e-01  3.37e-03  1.00e+00     8s
 441   4.96498167e+05  1.19e-04  6.09e-02  3.37e-03  1.00e+00     8s
 442   4.96497546e+05  1.03e-03  6.79e-02  3.37e-03  1.00e+00     8s
 443   4.96500766e+05  1.96e-02  1.73e+00  3.37e-03  1.00e+00     8s
 444   4.96492940e+05  1.10e-01  7.62e+00  3.37e-03  1.00e+00     8s
 445   4.96495584e+05  9.81e-02  9.06e+02  3.37e-03  2.50e-01     8s
 446   4.96496320e+05  1.89e-05  3.48e-02  3.38e-03  1.00e+00     8s
 447   4.96496322e+05  1.89e-05  1.19e+03  3.37e-03  1.22e-04     8s
 448   4.96486131e+05  1.12e-01  1.10e+01  3.37e-03  1.00e+00     8s
 449   4.96496105e+05  1.01e-01  2.17e+00  3.37e-03  1.00e+00     8s
 450   4.96501592e+05  8.36e-02  2.51e+02  3.37e-03  5.00e-01     8s
 451   4.96502371e+05  4.08e-04  9.70e-02  3.37e-03  1.00e+00     8s
 452   4.96497960e+05  1.98e-02  4.65e-01  3.37e-03  1.00e+00     8s
 453   4.96498206e+05  1.96e-02  1.19e+03  3.37e-03  1.56e-02     8s
 454   4.96489386e+05  7.70e-02  8.03e+00  3.37e-03  1.00e+00     8s
 455   4.96497999e+05  5.99e-02  1.07e+00  3.37e-03  1.00e+00     8s
 456   4.96498019e+05  5.99e-02  1.22e+03  3.37e-03  4.09e-05     8s
 457   4.96488945e+05  7.43e-02  7.59e+00  3.37e-03  1.00e+00     8s
 458   4.96493663e+05  5.85e-02  1.89e+02  3.37e-03  5.00e-01     8s
 459   4.96499024e+05  2.07e-02  6.13e-02  3.38e-03  1.00e+00     8s
 460   4.96499710e+05  2.02e-02  6.55e+02  3.37e-03  6.25e-02     8s
 461   4.96493585e+05  3.47e-02  3.11e+00  3.37e-03  1.00e+00     8s
 462   4.96495627e+05  3.23e-02  4.42e+02  3.37e-03  2.50e-01     8s
 463   4.96499786e+05  9.44e-03  5.01e-01  3.38e-03  1.00e+00     8s
 464   4.96500164e+05  9.19e-03  6.45e+02  3.37e-03  6.25e-02     8s
 465   4.96496457e+05  1.43e-02  1.95e+00  3.37e-03  1.00e+00     8s
 466   4.96497920e+05  4.69e-04  1.42e-01  3.37e-03  1.00e+00     8s
 467   4.96498208e+05  4.42e-04  5.03e+02  3.37e-03  6.25e-02     9s
 468   4.96498258e+05  3.34e-05  5.84e-02  3.37e-03  1.00e+00     9s
 469   4.96498266e+05  3.35e-05  4.92e+02  3.37e-03  1.95e-03     9s
 470   4.96498296e+05  5.48e-05  8.76e-02  3.37e-03  1.00e+00     9s
 471   4.96498311e+05  5.51e-05  4.50e+02  3.37e-03  3.91e-03     9s
 472   4.96498760e+05  4.44e-05  4.55e-02  3.37e-03  1.00e+00     9s
 473   4.96498769e+05  4.46e-05  5.88e+02  3.37e-03  1.95e-03     9s
 474   4.96498336e+05  4.04e-04  2.61e-01  3.37e-03  1.00e+00     9s
 475   4.96498748e+05  7.42e-04  3.29e+02  3.37e-03  1.25e-01     9s
 476   4.96499664e+05  4.97e-04  1.22e-01  3.38e-03  1.00e+00     9s
 477   4.96499679e+05  4.97e-04  8.64e+02  3.37e-03  1.95e-03     9s
 478   4.96496167e+05  1.34e-02  2.31e+00  3.37e-03  1.00e+00     9s
 479   4.96497790e+05  1.00e-02  8.03e+01  3.37e-03  5.00e-01     9s
 480   4.96497921e+05  9.97e-03  1.21e+03  3.37e-03  7.81e-03     9s
 481   4.96488551e+05  9.29e-02  9.38e+00  3.37e-03  1.00e+00     9s
 482   4.96498072e+05  8.52e-02  1.68e+00  3.37e-03  1.00e+00     9s
 483   4.96505533e+05  6.21e-02  2.08e+00  3.37e-03  1.00e+00     9s
 484   4.96507079e+05  6.13e-02  1.02e+03  3.37e-03  6.25e-02     9s
 485   4.96495295e+05  1.00e-01  5.48e+00  3.37e-03  1.00e+00     9s
 486   4.96500895e+05  8.55e-02  2.97e+02  3.37e-03  5.00e-01     9s
 487   4.96498700e+05  1.01e-02  1.35e+00  3.37e-03  1.00e+00     9s
 488   4.96498686e+05  2.91e-03  1.75e+00  3.37e-03  1.00e+00     9s
 489   4.96500516e+05  8.17e-03  2.25e+02  3.37e-03  5.00e-01     9s
 490   4.96501738e+05  1.19e-03  1.19e-01  3.38e-03  1.00e+00     9s
 491   4.96501791e+05  1.19e-03  7.31e+02  3.37e-03  7.81e-03     9s
 492   4.96497645e+05  1.83e-02  2.42e+00  3.37e-03  1.00e+00     9s
 493   4.96499169e+05  4.27e-04  1.23e-01  3.37e-03  1.00e+00     9s
 494   4.96499606e+05  3.81e-04  3.85e+02  3.37e-03  1.25e-01     9s
 495   4.96500998e+05  1.67e-03  2.85e-01  3.38e-03  1.00e+00     9s
 496   4.96501021e+05  1.67e-03  1.26e+03  3.37e-03  1.95e-03     9s
 497   4.96492029e+05  7.34e-02  7.78e+00  3.37e-03  1.00e+00     9s
 498   4.96496481e+05  5.77e-02  2.13e+02  3.37e-03  5.00e-01     9s
 499   4.96502064e+05  2.42e-02  6.50e-02  3.38e-03  1.00e+00     9s
 500   4.96502883e+05  2.38e-02  7.33e+02  3.37e-03  6.25e-02     9s
 501   4.96495309e+05  5.02e-02  4.11e+00  3.37e-03  1.00e+00     9s
 502   4.96497845e+05  4.74e-02  5.83e+02  3.37e-03  2.50e-01     9s
 503   4.96505453e+05  4.03e-02  1.21e+00  3.38e-03  1.00e+00     9s
 504   4.96504342e+05  2.51e-04  1.02e-01  3.37e-03  1.00e+00     9s
 505   4.96499219e+05  4.83e-02  3.37e+00  3.37e-03  1.00e+00     9s
 506   4.96500449e+05  4.55e-02  1.00e+03  3.37e-03  1.25e-01     9s
 507   4.96497660e+05  1.05e-02  2.50e+00  3.37e-03  1.00e+00     9s
 508   4.96498365e+05  1.00e-02  3.86e+02  3.37e-03  1.25e-01     9s
 509   4.96502453e+05  1.24e-02  4.88e-01  3.38e-03  1.00e+00     9s
 510   4.96502616e+05  1.24e-02  1.24e+03  3.37e-03  7.81e-03     9s
 511   4.96494029e+05  6.52e-02  7.36e+00  3.37e-03  1.00e+00     9s
 512   4.96498280e+05  5.27e-02  2.02e+02  3.37e-03  5.00e-01     9s
 513   4.96502905e+05  1.54e-02  1.10e-01  3.38e-03  1.00e+00     9s
 514   4.96503748e+05  1.46e-02  3.77e+02  3.37e-03  1.25e-01     9s
 515   4.96501702e+05  4.02e-03  5.83e-01  3.37e-03  1.00e+00     9s
 516   4.96503046e+05  2.54e-03  8.62e-02  3.37e-03  1.00e+00     9s
 517   4.96504573e+05  4.04e-03  3.49e-01  3.37e-03  1.00e+00     9s
 518   4.96500562e+05  3.04e-02  2.23e+00  3.37e-03  1.00e+00     9s
 519   4.96501751e+05  2.96e-02  9.54e+02  3.37e-03  1.25e-01     9s
 520   4.96498094e+05  1.59e-02  2.89e+00  3.37e-03  1.00e+00     9s
 521   4.96499484e+05  1.47e-02  2.77e+02  3.37e-03  2.50e-01     9s
 522   4.96502915e+05  8.04e-03  2.56e-01  3.38e-03  1.00e+00     9s
 523   4.96503004e+05  8.02e-03  1.24e+03  3.37e-03  3.91e-03    10s
 524   4.96494678e+05  6.36e-02  7.39e+00  3.37e-03  1.00e+00    10s
 525   4.96498800e+05  4.97e-02  1.76e+02  3.37e-03  5.00e-01    10s
 526   4.96503264e+05  1.43e-02  6.37e-02  3.38e-03  1.00e+00    10s
 527   4.96504176e+05  1.38e-02  4.10e+02  3.37e-03  1.25e-01    10s
 528   4.96502348e+05  3.20e-03  5.54e-01  3.37e-03  1.00e+00    10s
 529   4.96502928e+05  2.99e-03  1.35e+02  3.37e-03  2.50e-01    10s
 530   4.96503272e+05  3.99e-05  7.36e-02  3.37e-03  1.00e+00    10s
 531   4.96503357e+05  2.44e-05  2.79e+02  3.37e-03  3.13e-02    10s
 532   4.96497593e+05  6.28e-02  9.90e+02  3.38e-03  3.62e-01    10s
 533   4.96499964e+05  4.63e-02  3.85e+02  3.37e-03  5.00e-01    10s
 534   4.96502149e+05  2.35e-03  2.65e-01  3.38e-03  1.00e+00    10s
 535   4.96502426e+05  2.28e-03  1.70e+02  3.37e-03  6.25e-02    10s
 536   4.96502452e+05  2.28e-03  7.73e+02  3.37e-03  4.88e-04    10s
 537   4.96503944e+05  1.62e-03  4.49e-01  3.38e-03  1.00e+00    10s
 538   4.96503959e+05  1.62e-03  1.25e+03  3.37e-03  9.77e-04    10s
 539   4.96495284e+05  6.75e-02  7.79e+00  3.37e-03  1.00e+00    10s
 540   4.96499517e+05  5.57e-02  2.17e+02  3.37e-03  5.00e-01    10s
 541   4.96505463e+05  2.93e-02  6.48e-02  3.38e-03  1.00e+00    10s
 542   4.96506606e+05  2.78e-02  5.09e+02  3.37e-03  1.25e-01    10s
 543   4.96499941e+05  7.78e-02  2.38e+03  3.38e-03  1.25e-01    10s
 544   4.96503676e+05  7.37e-02  7.81e+02  3.38e-03  2.50e-01    10s
 545   4.96513767e+05  6.26e-02  5.16e+00  3.38e-03  1.00e+00    10s
 546   4.96515536e+05  6.13e-02  6.58e+02  3.37e-03  6.25e-02    10s
 547   4.96509079e+05  1.18e-03  7.31e-01  3.37e-03  1.00e+00    10s
 548   4.96502902e+05  7.43e-02  1.75e+00  3.37e-03  1.00e+00    10s
 549   4.96505275e+05  4.89e-03  1.42e-01  3.37e-03  1.00e+00    10s
 550   4.96505313e+05  4.88e-03  1.26e+03  3.37e-03  9.77e-04    10s
 551   4.96496900e+05  6.41e-02  7.49e+00  3.37e-03  1.00e+00    10s
 552   4.96503835e+05  3.30e-02  4.15e-01  3.37e-03  1.00e+00    10s
 553   4.96505874e+05  2.52e-02  2.39e+02  3.37e-03  5.00e-01    10s
 554   4.96499429e+05  8.93e-02  1.47e+03  3.38e-03  2.76e-01    10s
 555   4.96499905e+05  8.72e-02  3.04e+02  3.37e-03  3.13e-02    10s
 556   4.96502875e+05  4.35e-03  2.48e-01  3.38e-03  1.00e+00    10s
 557   4.96503511e+05  4.23e-03  2.00e+02  3.37e-03  1.25e-01    10s
 558   4.96505434e+05  2.74e-03  1.25e-01  3.38e-03  1.00e+00    10s
 559   4.96505749e+05  2.67e-03  2.07e+02  3.37e-03  6.25e-02    10s
 560   4.96505816e+05  2.67e-03  8.94e+02  3.37e-03  1.95e-03    10s
 561   4.96503877e+05  1.71e-03  7.41e-01  3.37e-03  1.00e+00    10s
 562   4.96503936e+05  1.36e-03  8.30e+01  3.37e-03  2.50e-01    10s
 563   4.96504015e+05  1.35e-03  6.18e+02  3.37e-03  1.56e-02    10s
 564   4.96503113e+05  1.51e-03  5.61e-01  3.37e-03  1.00e+00    10s
 565   4.96503281e+05  1.49e-03  3.02e+02  3.37e-03  6.25e-02    10s
 566   4.96504540e+05  1.37e-03  1.76e-01  3.38e-03  1.00e+00    10s
 567   4.96504580e+05  1.37e-03  1.23e+03  3.37e-03  3.91e-03    10s
 568   4.96496865e+05  5.49e-02  6.55e+00  3.37e-03  1.00e+00    10s
 569   4.96500670e+05  4.43e-02  1.95e+02  3.37e-03  5.00e-01    10s
 570   4.96505652e+05  2.00e-02  4.98e-02  3.38e-03  1.00e+00    10s
 571   4.96506291e+05  1.94e-02  6.28e+02  3.37e-03  6.25e-02    10s
 572   4.96501508e+05  2.06e-02  2.19e+00  3.37e-03  1.00e+00    11s
 573   4.96502959e+05  1.87e-02  3.24e+02  3.37e-03  2.50e-01    11s
 574   4.96504742e+05  1.10e-03  1.17e-01  3.38e-03  1.00e+00    11s
 575   4.96504790e+05  1.09e-03  6.67e+02  3.37e-03  7.81e-03    11s
 576   4.96503124e+05  3.54e-03  9.97e-01  3.37e-03  1.00e+00    11s
 577   4.96503741e+05  3.26e-03  1.11e+02  3.37e-03  2.50e-01    11s
 578   4.96503809e+05  3.26e-03  1.26e+03  3.37e-03  3.91e-03    11s
 579   4.96496146e+05  6.12e-02  7.59e+00  3.37e-03  1.00e+00    11s
 580   4.96503920e+05  5.46e-02  8.50e-01  3.37e-03  1.00e+00    11s
 581   4.96507541e+05  1.42e-02  5.02e-01  3.37e-03  1.00e+00    11s
 582   4.96508083e+05  1.38e-02  5.15e+02  3.37e-03  6.25e-02    11s
 583   4.96501680e+05  7.10e-02  4.57e+03  3.38e-03  7.88e-02    11s
 584   4.96501770e+05  7.10e-02  3.83e+03  3.38e-03  2.51e-04    11s
 585   4.96504987e+05  4.22e-03  4.65e+00  3.37e-03  1.00e+00    11s
 586   4.96505331e+05  4.18e-03  3.87e+02  3.37e-03  3.13e-02    11s
 587   4.96508190e+05  4.28e-03  3.68e-01  3.38e-03  1.00e+00    11s
 588   4.96508762e+05  4.27e-03  3.14e+02  3.37e-03  6.25e-02    11s
 589   4.96509792e+05  2.33e-03  2.30e-01  3.37e-03  1.00e+00    11s
 590   4.96510155e+05  2.29e-03  1.94e+02  3.37e-03  6.25e-02    11s
 591   4.96510241e+05  2.28e-03  8.46e+02  3.37e-03  3.91e-03    11s
 592   4.96511701e+05  1.09e-02  1.56e+00  3.38e-03  1.00e+00    11s
 593   4.96506118e+05  2.06e-02  1.15e+00  3.37e-03  1.00e+00    11s
 594   4.96508657e+05  1.01e-02  7.75e-01  3.37e-03  1.00e+00    11s
 595   4.96503615e+05  4.68e-02  3.40e+00  3.37e-03  1.00e+00    11s
 596   4.96504997e+05  4.50e-02  1.09e+03  3.37e-03  1.25e-01    11s
 597   4.96498977e+05  3.95e-02  5.30e+00  3.37e-03  1.00e+00    11s
 598   4.96501005e+05  3.53e-02  3.95e+02  3.37e-03  2.50e-01    11s
 599   4.96505386e+05  3.43e-02  1.55e+02  3.37e-03  5.00e-01    11s
 600   4.96506695e+05  3.25e-02  5.51e+02  3.37e-03  1.25e-01    11s
 601   4.96503908e+05  9.36e-03  1.43e+00  3.37e-03  1.00e+00    11s
 602   4.96505702e+05  9.00e-03  1.03e+02  3.37e-03  5.00e-01    11s
 603   4.96505865e+05  8.98e-03  1.26e+03  3.37e-03  7.81e-03    11s
 604   4.96498121e+05  6.31e-02  7.81e+00  3.37e-03  1.00e+00    11s
 605   4.96505380e+05  3.58e-02  4.19e-01  3.37e-03  1.00e+00    11s
 606   4.96506400e+05  3.36e-02  8.55e+02  3.37e-03  1.25e-01    11s
 607   4.96503328e+05  9.60e-03  1.77e+00  3.37e-03  1.00e+00    11s
 608   4.96504474e+05  9.05e-03  2.36e+02  3.37e-03  2.50e-01    11s
 609   4.96506294e+05  1.85e-03  1.22e-01  3.38e-03  1.00e+00    11s
 610   4.96506362e+05  1.84e-03  9.74e+02  3.37e-03  7.81e-03    11s
 611   4.96501923e+05  2.07e-02  3.34e+00  3.37e-03  1.00e+00    11s
 612   4.96506182e+05  1.88e-02  3.94e-01  3.37e-03  1.00e+00    11s
 613   4.96506457e+05  1.87e-02  1.22e+03  3.37e-03  1.56e-02    11s
 614   4.96498782e+05  5.69e-02  6.79e+00  3.37e-03  1.00e+00    11s
 615   4.96502751e+05  4.39e-02  1.62e+02  3.37e-03  5.00e-01    11s
 616   4.96506832e+05  1.18e-02  6.51e-02  3.38e-03  1.00e+00    11s
 617   4.96506834e+05  1.18e-02  1.31e+03  3.37e-03  2.22e-06    11s
 618   4.96499081e+05  5.57e-02  7.25e+00  3.37e-03  1.00e+00    11s
 619   4.96503094e+05  4.63e-02  1.96e+02  3.37e-03  5.00e-01    11s
 620   4.96508066e+05  1.96e-02  5.14e-02  3.38e-03  1.00e+00    11s
 621   4.96509002e+05  1.85e-02  4.25e+02  3.37e-03  1.25e-01    11s
 622   4.96502671e+05  7.27e-02  3.98e+03  3.38e-03  1.16e-03    11s
 623   4.96504078e+05  7.09e-02  2.31e+03  3.38e-03  6.25e-02    11s
 624   4.96505988e+05  6.91e-02  2.91e+02  3.37e-03  6.25e-02    12s
 625   4.96522382e+05  1.89e-06  1.38e+00  3.38e-03  1.00e+00    12s
 626   4.96512522e+05  7.42e-07  3.62e-01  3.38e-03  1.00e+00    12s
 627   4.96504424e+05  3.90e-07  2.20e-02  3.37e-03  1.00e+00    12s
 628   4.96506977e+05  2.25e-07  4.17e-02  3.37e-03  1.00e+00    12s
 629   4.96507096e+05  4.19e-07  9.20e-04  3.37e-03  1.00e+00    12s
 630   4.96507216e+05  3.18e-06  1.21e-03  3.37e-03  1.00e+00    12s
 631   4.96507456e+05  2.45e-05  4.48e-03  3.37e-03  1.00e+00    12s
 632   4.96508033e+05  1.96e-04  1.56e-02  3.37e-03  1.00e+00    12s
 633   4.96508231e+05  2.00e-04  4.56e+01  3.37e-03  1.25e-01    12s
 634   4.96508308e+05  2.01e-04  1.73e+02  3.37e-03  1.56e-02    12s
 635   4.96508315e+05  2.01e-04  7.64e+02  3.37e-03  2.44e-04    12s
 636   4.96509956e+05  3.48e-03  7.31e-01  3.38e-03  1.00e+00    12s
 637   4.96510305e+05  3.38e-03  2.15e+02  3.37e-03  6.25e-02    12s
 638   4.96510366e+05  3.37e-03  9.90e+02  3.37e-03  1.95e-03    12s
 639   4.96504190e+05  4.21e-02  2.46e+03  3.38e-03  1.44e-03    12s
 640   4.96507348e+05  3.87e-02  2.79e+02  3.37e-03  2.50e-01    12s
 641   4.96512021e+05  4.03e-03  2.34e-01  3.38e-03  1.00e+00    12s
 642   4.96512354e+05  3.99e-03  3.65e+02  3.37e-03  3.13e-02    12s
 643   4.96510913e+05  1.81e-03  2.45e-01  3.37e-03  1.00e+00    12s
 644   4.96511385e+05  1.81e-03  2.09e+02  3.37e-03  6.25e-02    12s
 645   4.96511425e+05  1.81e-03  9.36e+02  3.37e-03  9.77e-04    12s
 646   4.96514376e+05  1.67e-03  3.46e+01  3.37e-03  5.00e-01    12s
 647   4.96514760e+05  3.24e-03  9.10e-02  3.37e-03  1.00e+00    12s
 648   4.96515168e+05  3.02e-03  1.04e+02  3.37e-03  2.50e-01    12s
 649   4.96506324e+05  4.21e-02  1.35e+00  3.37e-03  1.00e+00    12s
 650   4.96506409e+05  4.21e-02  1.18e+03  3.37e-03  7.03e-04    12s
 651   4.96499091e+05  5.52e-02  6.62e+00  3.37e-03  1.00e+00    12s
 652   4.96503145e+05  4.35e-02  1.58e+02  3.37e-03  5.00e-01    12s
 653   4.96503167e+05  4.35e-02  1.19e+03  3.37e-03  8.31e-05    12s
 654   4.96504131e+05  5.76e-05  8.56e-02  3.38e-03  1.00e+00    12s
 655   4.96504147e+05  5.78e-05  3.23e+02  3.37e-03  3.91e-03    12s
 656   4.96504171e+05  5.81e-05  2.38e+02  3.37e-03  3.91e-03    12s
 657   4.96504181e+05  5.82e-05  5.79e+02  3.37e-03  9.77e-04    12s
 658   4.96504199e+05  5.84e-05  3.52e+02  3.37e-03  1.95e-03    12s
 659   4.96510899e+05  7.63e-02  1.84e+00  3.37e-03  1.00e+00    12s
 660   4.96511243e+05  1.23e-03  1.07e-01  3.37e-03  1.00e+00    12s
 661   4.96506325e+05  4.27e-02  2.96e+00  3.37e-03  1.00e+00    12s
 662   4.96507535e+05  4.05e-02  9.75e+02  3.37e-03  1.25e-01    12s
 663   4.96504483e+05  1.17e-02  2.57e+00  3.37e-03  1.00e+00    12s
 664   4.96505757e+05  1.11e-02  2.65e+02  3.37e-03  2.50e-01    12s
 665   4.96508639e+05  5.83e-03  2.19e-01  3.38e-03  1.00e+00    12s
 666   4.96508700e+05  5.82e-03  1.25e+03  3.37e-03  3.91e-03    12s
 667   4.96501065e+05  5.39e-02  6.78e+00  3.37e-03  1.00e+00    13s
 668   4.96504887e+05  4.22e-02  1.64e+02  3.37e-03  5.00e-01    13s
 669   4.96508780e+05  1.09e-02  6.28e-02  3.38e-03  1.00e+00    13s
 670   4.96508801e+05  1.09e-02  1.31e+03  3.37e-03  1.79e-04    13s
 671   4.96501207e+05  5.33e-02  7.09e+00  3.37e-03  1.00e+00    13s
 672   4.96505083e+05  4.35e-02  1.82e+02  3.37e-03  5.00e-01    13s
 673   4.96509422e+05  1.43e-02  6.78e-02  3.38e-03  1.00e+00    13s
 674   4.96510235e+05  1.36e-02  3.72e+02  3.37e-03  1.25e-01    13s
 675   4.96508566e+05  2.52e-03  4.48e-01  3.37e-03  1.00e+00    13s
 676   4.96509272e+05  2.06e-03  4.78e+01  3.37e-03  5.00e-01    13s
 677   4.96509889e+05  1.62e-03  4.57e+01  3.37e-03  5.00e-01    13s
 678   4.96508628e+05  3.55e-03  4.15e-01  3.37e-03  1.00e+00    13s
 679   4.96508920e+05  3.50e-03  4.79e+02  3.37e-03  6.25e-02    13s
 680   4.96507915e+05  1.46e-03  4.33e-01  3.37e-03  1.00e+00    13s
 681   4.96508179e+05  1.39e-03  1.45e+02  3.37e-03  1.25e-01    13s
 682   4.96508238e+05  1.38e-03  7.40e+02  3.37e-03  7.81e-03    13s
 683   4.96506100e+05  6.55e-03  1.50e+00  3.37e-03  1.00e+00    13s
 684   4.96508294e+05  4.37e-03  7.48e-02  3.37e-03  1.00e+00    13s
 685   4.96508510e+05  4.33e-03  7.76e+02  3.37e-03  3.13e-02    13s
 686   4.96506890e+05  3.27e-03  1.01e+00  3.37e-03  1.00e+00    13s
 687   4.96507281e+05  3.10e-03  2.21e+02  3.37e-03  1.25e-01    13s
 688   4.96507290e+05  3.10e-03  1.33e+03  3.37e-03  1.22e-04    13s
 689   4.96500263e+05  5.22e-02  7.25e+00  3.37e-03  1.00e+00    13s
 690   4.96507645e+05  4.96e-02  9.44e-01  3.37e-03  1.00e+00    13s
 691   4.96507687e+05  4.96e-02  1.23e+03  3.37e-03  1.85e-04    13s
 692   4.96501500e+05  3.71e-02  5.28e+00  3.37e-03  1.00e+00    13s
 693   4.96503402e+05  3.25e-02  3.60e+02  3.37e-03  2.50e-01    13s
 694   4.96507568e+05  3.19e-02  1.55e+02  3.37e-03  5.00e-01    13s
 695   4.96508311e+05  3.18e-02  8.28e+02  3.37e-03  3.13e-02    13s
 696   4.96510672e+05  2.84e-02  2.38e+02  3.37e-03  2.50e-01    13s
 697   4.96506338e+05  2.84e-02  3.40e+00  3.37e-03  1.00e+00    13s
 698   4.96508733e+05  1.10e-02  1.33e+00  3.37e-03  1.00e+00    13s
 699   4.96508995e+05  1.10e-02  1.23e+03  3.37e-03  1.56e-02    13s
 700   4.96501741e+05  5.09e-02  6.45e+00  3.37e-03  1.00e+00    13s
 701   4.96505646e+05  4.17e-02  1.81e+02  3.37e-03  5.00e-01    13s
 702   4.96510392e+05  1.79e-02  4.75e-02  3.38e-03  1.00e+00    13s
 703   4.96511454e+05  1.74e-02  4.91e+02  3.37e-03  1.25e-01    13s
 704   4.96508447e+05  8.19e-03  1.07e+00  3.37e-03  1.00e+00    13s
 705   4.96509849e+05  6.77e-03  9.23e+01  3.37e-03  5.00e-01    13s
 706   4.96511008e+05  5.31e-03  8.39e+01  3.37e-03  5.00e-01    13s
 707   4.96507648e+05  2.37e-02  2.47e+00  3.37e-03  1.00e+00    13s
 708   4.96508541e+05  2.25e-02  7.57e+02  3.37e-03  1.25e-01    13s
 709   4.96509580e+05  5.70e-04  2.62e-01  3.38e-03  1.00e+00    13s
 710   4.96509611e+05  5.68e-04  5.07e+02  3.37e-03  7.81e-03    13s
 711   4.96509326e+05  9.46e-05  9.07e-02  3.37e-03  1.00e+00    13s
 712   4.96509341e+05  9.47e-05  4.38e+02  3.37e-03  3.91e-03    13s
 713   4.96509513e+05  4.75e-06  1.42e-02  3.37e-03  1.00e+00    13s
 714   4.96509522e+05  4.90e-06  5.17e+02  3.37e-03  1.95e-03    13s
 715   4.96509351e+05  7.47e-05  9.76e-02  3.37e-03  1.00e+00    13s
 716   4.96509366e+05  7.49e-05  4.28e+02  3.37e-03  3.91e-03    13s
 717   4.96509780e+05  9.19e-05  7.20e-02  3.38e-03  1.00e+00    13s
 718   4.96509789e+05  9.19e-05  5.85e+02  3.37e-03  1.95e-03    13s
 719   4.96509262e+05  3.86e-04  2.46e-01  3.37e-03  1.00e+00    13s
 720   4.96509312e+05  3.85e-04  3.64e+02  3.37e-03  1.56e-02    13s
 721   4.96510137e+05  4.94e-04  1.39e-01  3.38e-03  1.00e+00    13s
 722   4.96510161e+05  4.94e-04  7.51e+02  3.37e-03  3.91e-03    14s
 723   4.96508501e+05  3.03e-03  9.06e-01  3.37e-03  1.00e+00    14s
 724   4.96508852e+05  2.88e-03  2.27e+02  3.37e-03  1.25e-01    14s
 725   4.96508863e+05  2.88e-03  1.36e+03  3.37e-03  2.44e-04    14s
 726   4.96501732e+05  5.27e-02  7.31e+00  3.37e-03  1.00e+00    14s
 727   4.96509008e+05  5.01e-02  1.03e+00  3.37e-03  1.00e+00    14s
 728   4.96509093e+05  5.01e-02  1.24e+03  3.37e-03  5.28e-04    14s
 729   4.96502932e+05  3.66e-02  5.23e+00  3.37e-03  1.00e+00    14s
 730   4.96504848e+05  3.21e-02  3.62e+02  3.37e-03  2.50e-01    14s
 731   4.96508874e+05  3.05e-02  1.49e+02  3.37e-03  5.00e-01    14s
 732   4.96509449e+05  3.01e-02  8.30e+02  3.37e-03  3.13e-02    14s
 733   4.96512950e+05  7.62e-03  1.01e+00  3.38e-03  1.00e+00    14s
 734   4.96511300e+05  2.64e-04  2.58e-02  3.38e-03  1.00e+00    14s
 735   4.96511548e+05  3.10e-04  8.07e+01  3.37e-03  2.50e-01    14s
 736   4.96511652e+05  8.54e-06  6.50e-03  3.37e-03  1.00e+00    14s
 737   4.96511741e+05  6.49e-06  1.36e+02  3.37e-03  6.25e-02    14s
 738   4.96509440e+05  1.07e-02  1.32e+00  3.37e-03  1.00e+00    14s
 739   4.96509861e+05  1.04e-02  7.51e+02  3.37e-03  6.25e-02    14s
 740   4.96509631e+05  1.79e-04  2.89e-01  3.37e-03  1.00e+00    14s
 741   4.96509660e+05  1.79e-04  4.07e+02  3.37e-03  7.81e-03    14s
 742   4.96509932e+05  1.92e-04  2.89e+01  3.37e-03  2.50e-01    14s
 743   4.96509947e+05  1.92e-04  8.52e+02  3.37e-03  1.95e-03    14s
 744   4.96508882e+05  1.78e-03  8.26e-01  3.37e-03  1.00e+00    14s
 745   4.96509084e+05  1.75e-03  2.88e+02  3.37e-03  6.25e-02    14s
 746   4.96510080e+05  1.71e-03  3.66e+01  3.37e-03  5.00e-01    14s
 747   4.96510107e+05  1.71e-03  1.28e+03  3.37e-03  1.95e-03    14s
 748   4.96503178e+05  4.72e-02  6.40e+00  3.37e-03  1.00e+00    14s
 749   4.96506947e+05  4.01e-02  1.95e+02  3.37e-03  5.00e-01    14s
 750   4.96512694e+05  2.92e-02  1.03e-01  3.37e-03  1.00e+00    14s
 751   4.96513596e+05  2.87e-02  7.80e+02  3.37e-03  6.25e-02    14s
 752   4.96506426e+05  4.37e-02  3.99e+00  3.37e-03  1.00e+00    14s
 753   4.96508591e+05  3.93e-02  4.66e+02  3.37e-03  2.50e-01    14s
 754   4.96511218e+05  2.00e-03  2.15e-01  3.38e-03  1.00e+00    14s
 755   4.96511357e+05  1.98e-03  4.60e+02  3.37e-03  3.13e-02    14s
 756   4.96511038e+05  2.07e-04  2.09e-01  3.37e-03  1.00e+00    14s
 757   4.96511082e+05  2.08e-04  2.49e+02  3.37e-03  1.56e-02    14s
 758   4.96511088e+05  2.08e-04  1.40e+03  3.37e-03  2.44e-04    14s
 759   4.96503539e+05  5.59e-02  7.77e+00  3.37e-03  1.00e+00    14s
 760   4.96510407e+05  3.23e-02  4.44e-01  3.37e-03  1.00e+00    14s
 761   4.96511214e+05  2.97e-02  7.29e+02  3.37e-03  1.25e-01    14s
 762   4.96510923e+05  6.44e-05  4.50e-02  3.37e-03  1.00e+00    14s
 763   4.96511062e+05  2.30e-05  4.85e+02  3.37e-03  3.13e-02    14s
 764   4.96511113e+05  7.61e-06  4.15e-02  3.37e-03  1.00e+00    14s
 765   4.96511121e+05  7.72e-06  4.45e+02  3.37e-03  1.95e-03    14s
 766   4.96511387e+05  2.21e-05  2.86e-02  3.38e-03  1.00e+00    14s
 767   4.96511395e+05  2.22e-05  5.15e+02  3.37e-03  1.95e-03    14s
 768   4.96511223e+05  7.46e-05  1.03e-01  3.37e-03  1.00e+00    14s
 769   4.96511237e+05  7.48e-05  4.15e+02  3.37e-03  3.91e-03    14s
 770   4.96511674e+05  1.09e-04  7.26e-02  3.38e-03  1.00e+00    14s
 771   4.96511683e+05  1.09e-04  5.81e+02  3.37e-03  1.95e-03    14s
 772   4.96511123e+05  4.21e-04  2.61e-01  3.37e-03  1.00e+00    14s
 773   4.96511173e+05  4.20e-04  3.51e+02  3.37e-03  1.56e-02    14s
 774   4.96512013e+05  5.19e-04  1.34e-01  3.38e-03  1.00e+00    14s
 775   4.96512037e+05  5.18e-04  7.51e+02  3.37e-03  3.91e-03    14s
 776   4.96510360e+05  3.08e-03  9.20e-01  3.37e-03  1.00e+00    15s
 777   4.96510714e+05  2.92e-03  2.19e+02  3.37e-03  1.25e-01    15s
 778   4.96510732e+05  2.92e-03  1.36e+03  3.37e-03  4.88e-04    15s
 779   4.96503770e+05  5.04e-02  7.18e+00  3.37e-03  1.00e+00    15s
 780   4.96510941e+05  4.80e-02  9.61e-01  3.37e-03  1.00e+00    15s
 781   4.96511026e+05  4.80e-02  1.25e+03  3.37e-03  8.82e-04    15s
 782   4.96505011e+05  3.48e-02  5.14e+00  3.37e-03  1.00e+00    15s
 783   4.96506894e+05  3.07e-02  3.60e+02  3.37e-03  2.50e-01    15s
 784   4.96510695e+05  2.81e-02  1.40e+02  3.37e-03  5.00e-01    15s
 785   4.96511633e+05  2.77e-02  7.94e+02  3.37e-03  6.25e-02    15s
 786   4.96512366e+05  4.32e-04  8.59e-02  3.38e-03  1.00e+00    15s
 787   4.96512645e+05  1.88e-04  2.49e+02  3.37e-03  1.25e-01    15s
 788   4.96512844e+05  1.07e-04  1.30e+03  3.37e-03  1.56e-02    15s
 789   4.96506045e+05  4.47e-02  6.31e+00  3.37e-03  1.00e+00    15s
 790   4.96511285e+05  1.53e-02  2.94e-01  3.37e-03  1.00e+00    15s
 791   4.96512217e+05  1.35e-02  3.83e+02  3.37e-03  2.50e-01    15s
 792   4.96513409e+05  1.51e-03  2.89e-01  3.38e-03  1.00e+00    15s
 793   4.96513471e+05  1.51e-03  9.43e+02  3.37e-03  7.81e-03    15s
 794   4.96509280e+05  1.70e-02  2.73e+00  3.37e-03  1.00e+00    15s
 795   4.96512332e+05  7.96e-03  1.98e-01  3.37e-03  1.00e+00    15s
 796   4.96512531e+05  7.79e-03  7.25e+02  3.37e-03  3.13e-02    15s
 797   4.96511164e+05  2.26e-03  7.61e-01  3.37e-03  1.00e+00    15s
 798   4.96511355e+05  2.18e-03  2.49e+02  3.37e-03  6.25e-02    15s
 799   4.96511364e+05  2.18e-03  1.38e+03  3.37e-03  1.22e-04    15s
 800   4.96504416e+05  5.01e-02  7.22e+00  3.37e-03  1.00e+00    15s
 801   4.96511653e+05  4.65e-02  8.89e-01  3.37e-03  1.00e+00    15s
 802   4.96511863e+05  4.65e-02  1.24e+03  3.37e-03  3.91e-03    15s
 803   4.96505889e+05  3.41e-02  5.05e+00  3.37e-03  1.00e+00    15s
 804   4.96507785e+05  3.03e-02  3.73e+02  3.37e-03  2.50e-01    15s
 805   4.96511620e+05  2.81e-02  1.42e+02  3.37e-03  5.00e-01    15s
 806   4.96512486e+05  2.75e-02  8.00e+02  3.37e-03  6.25e-02    15s
 807   4.96509932e+05  7.84e-03  1.78e+00  3.37e-03  1.00e+00    15s
 808   4.96510342e+05  7.64e-03  5.76e+02  3.37e-03  6.25e-02    15s
 809   4.96512153e+05  6.18e-03  5.48e+01  3.37e-03  5.00e-01    15s
 810   4.96512378e+05  6.10e-03  7.97e+02  3.37e-03  3.13e-02    15s
 811   4.96511770e+05  8.17e-04  6.45e-01  3.37e-03  1.00e+00    15s
 812   4.96511873e+05  8.11e-04  2.94e+02  3.37e-03  3.13e-02    15s
 813   4.96512650e+05  8.97e-04  2.61e+01  3.37e-03  5.00e-01    15s
 814   4.96512686e+05  8.96e-04  1.08e+03  3.37e-03  3.91e-03    15s
 815   4.96508967e+05  1.50e-02  3.09e+00  3.37e-03  1.00e+00    15s
 816   4.96511222e+05  1.40e-02  1.20e+02  3.37e-03  5.00e-01    15s
 817   4.96511244e+05  1.40e-02  1.27e+03  3.37e-03  1.88e-04    15s
 818   4.96507118e+05  2.15e-02  4.63e+00  3.37e-03  1.00e+00    15s
 819   4.96509800e+05  1.86e-02  1.07e+02  3.37e-03  5.00e-01    15s
 820   4.96509919e+05  1.86e-02  1.23e+03  3.37e-03  3.91e-03    15s
 821   4.96510503e+05  2.37e-05  4.49e-02  3.38e-03  1.00e+00    15s
 822   4.96510518e+05  2.40e-05  3.53e+02  3.37e-03  3.91e-03    15s
 823   4.96510536e+05  2.42e-05  1.84e+02  3.37e-03  3.91e-03    15s
 824   4.96510537e+05  2.42e-05  1.34e+03  3.37e-03  1.53e-05    15s
 825   4.96510927e+05  3.35e-06  2.31e-02  3.38e-03  1.00e+00    15s
 826   4.96510975e+05  1.07e-06  2.58e+02  3.37e-03  1.56e-02    15s
 827   4.96511002e+05  1.74e-06  1.33e+02  3.37e-03  7.81e-03    15s
 828   4.96511003e+05  1.74e-06  1.31e+03  3.37e-03  3.05e-05    15s
 829   4.96511350e+05  9.09e-07  2.33e-02  3.38e-03  1.00e+00    16s
 830   4.96511373e+05  4.96e-07  2.68e+02  3.37e-03  7.81e-03    16s
 831   4.96511397e+05  7.57e-07  1.22e+02  3.37e-03  7.81e-03    16s
 832   4.96511398e+05  7.62e-07  1.31e+03  3.37e-03  6.10e-05    16s
 833   4.96511399e+05  7.62e-07  2.66e+03  3.37e-03  5.40e-06    16s
 834   4.96510370e+05  2.73e-03  1.55e+01  3.38e-03  1.00e+00    16s
 835   4.96511869e+05  3.03e-03  2.26e+02  3.38e-03  5.00e-01    16s
 836   4.96513941e+05  4.56e-03  1.70e-01  3.37e-03  1.00e+00    16s
 837   4.96513982e+05  4.56e-03  1.29e+03  3.37e-03  9.77e-04    16s
 838   4.96506443e+05  4.68e-02  5.80e+00  3.37e-03  1.00e+00    16s
 839   4.96510500e+05  4.29e-02  2.55e+02  3.37e-03  5.00e-01    16s
 840   4.96515798e+05  2.37e-02  1.42e-01  3.38e-03  1.00e+00    16s
 841   4.96516843e+05  2.25e-02  4.98e+02  3.37e-03  1.25e-01    16s
 842   4.96510319e+05  7.46e-02  3.37e+03  3.38e-03  9.74e-02    16s
 843   4.96512338e+05  7.05e-02  1.49e+03  3.38e-03  1.25e-01    16s
 844   4.96516251e+05  6.34e-02  3.74e+02  3.37e-03  2.50e-01    16s
 845   4.96520267e+05  4.32e-03  3.64e-01  3.38e-03  1.00e+00    16s
 846   4.96520699e+05  4.23e-03  2.70e+02  3.37e-03  6.25e-02    16s
 847   4.96520885e+05  4.23e-03  9.71e+02  3.37e-03  7.81e-03    16s
 848   4.96516347e+05  6.21e-03  1.25e+02  3.38e-03  4.24e-01    16s
 849   4.96517009e+05  6.15e-03  3.16e+02  3.37e-03  1.25e-01    16s
 850   4.96508423e+05  9.70e-02  5.93e+00  3.37e-03  1.00e+00    16s
 851   4.96512263e+05  7.83e-02  4.13e+02  3.37e-03  5.00e-01    16s
 852   4.96514251e+05  7.77e-02  1.11e+03  3.37e-03  6.25e-02    16s
 853   4.96512416e+05  3.26e-03  1.56e+00  3.37e-03  1.00e+00    16s
 854   4.96512412e+05  2.88e-03  2.58e+02  3.38e-03  1.25e-01    16s
 855   4.96513230e+05  2.97e-03  1.42e+02  3.37e-03  2.50e-01    16s
 856   4.96515560e+05  3.52e-03  6.44e-02  3.38e-03  1.00e+00    16s
 857   4.96515613e+05  3.51e-03  1.28e+03  3.37e-03  3.91e-03    16s
 858   4.96508188e+05  5.14e-02  6.83e+00  3.37e-03  1.00e+00    16s
 859   4.96514991e+05  3.98e-02  7.22e-01  3.37e-03  1.00e+00    16s
 860   4.96515752e+05  3.84e-02  1.22e+03  3.37e-03  6.25e-02    16s
 861   4.96508622e+05  4.73e-02  6.00e+00  3.37e-03  1.00e+00    16s
 862   4.96512317e+05  3.66e-02  1.50e+02  3.37e-03  5.00e-01    16s
 863   4.96512448e+05  3.65e-02  1.27e+03  3.37e-03  1.95e-03    16s
 864   4.96507781e+05  3.01e-02  5.73e+00  3.37e-03  1.00e+00    16s
 865   4.96510706e+05  2.24e-02  8.25e+01  3.37e-03  5.00e-01    16s
 866   4.96511131e+05  2.21e-02  1.19e+03  3.37e-03  3.13e-02    16s
 867   4.96511897e+05  8.69e-05  1.09e-01  3.38e-03  1.00e+00    16s
 868   4.96511906e+05  8.69e-05  4.69e+02  3.37e-03  1.95e-03    16s
 869   4.96511931e+05  8.72e-05  2.59e+02  3.37e-03  3.91e-03    16s
 870   4.96511932e+05  8.72e-05  1.40e+03  3.37e-03  1.53e-05    16s
 871   4.96511934e+05  8.72e-05  2.51e+03  3.37e-03  3.05e-05    16s
 872   4.96513369e+05  1.94e-03  6.47e+00  3.38e-03  1.00e+00    16s
 873   4.96513526e+05  1.93e-03  1.34e+03  3.37e-03  7.81e-03    16s
 874   4.96513631e+05  5.99e-06  4.37e-02  3.37e-03  1.00e+00    16s
 875   4.96513638e+05  6.07e-06  5.39e+02  3.37e-03  1.95e-03    16s
 876   4.96513726e+05  1.21e-05  6.68e+01  3.37e-03  6.25e-02    16s
 877   4.96513728e+05  1.21e-05  1.44e+03  3.37e-03  2.44e-04    16s
 878   4.96507866e+05  3.59e-02  5.56e+00  3.37e-03  1.00e+00    16s
 879   4.96509654e+05  3.10e-02  4.05e+02  3.37e-03  2.50e-01    16s
 880   4.96509677e+05  3.10e-02  1.37e+03  3.37e-03  1.20e-04    17s
 881   4.96511112e+05  3.27e-04  3.12e-01  3.38e-03  1.00e+00    17s
 882   4.96511143e+05  3.26e-04  4.80e+02  3.37e-03  7.81e-03    17s
 883   4.96511179e+05  3.26e-04  4.30e+02  3.37e-03  3.91e-03    17s
 884   4.96511182e+05  3.26e-04  1.03e+03  3.37e-03  6.10e-05    17s
 885   4.96512023e+05  2.02e-04  1.91e-01  3.38e-03  1.00e+00    17s
 886   4.96512041e+05  2.01e-04  6.30e+02  3.37e-03  3.91e-03    17s
 887   4.96512059e+05  2.01e-04  4.22e+02  3.37e-03  1.95e-03    17s
 888   4.96512071e+05  2.01e-04  7.96e+02  3.37e-03  9.77e-04    17s
 889   4.96512104e+05  2.02e-04  3.33e+02  3.37e-03  3.91e-03    17s
 890   4.96515416e+05  1.90e-02  1.76e-01  3.37e-03  1.00e+00    17s
 891   4.96515668e+05  1.88e-02  1.27e+03  3.37e-03  1.56e-02    17s
 892   4.96508685e+05  4.92e-02  6.66e+00  3.37e-03  1.00e+00    17s
 893   4.96512361e+05  3.79e-02  1.59e+02  3.37e-03  5.00e-01    17s
 894   4.96512383e+05  3.79e-02  1.27e+03  3.37e-03  8.01e-05    17s
 895   4.96513058e+05  3.77e-02  1.55e+03  3.37e-03  1.56e-02    17s
 896   4.96510055e+05  2.42e-02  2.59e+01  3.38e-03  1.00e+00    17s
 897   4.96511888e+05  1.50e-03  1.10e+00  3.37e-03  1.00e+00    17s
 898   4.96512583e+05  1.56e-03  1.21e+02  3.37e-03  5.00e-01    17s
 899   4.96512862e+05  1.65e-03  6.35e+02  3.37e-03  6.25e-02    17s
 900   4.96513990e+05  2.71e-03  1.70e+02  3.37e-03  2.50e-01    17s
 901   4.96514009e+05  2.71e-03  1.39e+03  3.37e-03  2.44e-04    17s
 902   4.96511040e+05  9.13e-03  1.09e+02  3.38e-03  5.00e-01    17s
 903   4.96511425e+05  8.85e-03  6.97e+02  3.37e-03  6.25e-02    17s
 904   4.96512085e+05  8.76e-03  4.43e+02  3.37e-03  6.25e-02    17s
 905   4.96512513e+05  8.76e-03  8.83e+02  3.37e-03  3.13e-02    17s
 906   4.96513246e+05  8.82e-05  1.15e-01  3.38e-03  1.00e+00    17s
 907   4.96513250e+05  8.82e-05  7.41e+02  3.37e-03  9.77e-04    17s
 908   4.96513266e+05  8.83e-05  3.79e+02  3.37e-03  1.95e-03    17s
 909   4.96513280e+05  8.84e-05  4.44e+02  3.37e-03  1.95e-03    17s
 910   4.96513307e+05  8.85e-05  1.51e+02  3.37e-03  7.81e-03    17s
 911   4.96524725e+05  3.03e-01  1.88e+02  3.37e-03  1.00e+00    17s
 912   4.96515186e+05  1.78e-01  1.38e+01  3.37e-03  1.00e+00    17s
 913   4.96526241e+05  1.16e-01  3.07e+00  3.37e-03  1.00e+00    17s
 914   4.96518018e+05  6.99e-02  2.31e+00  3.37e-03  1.00e+00    17s
 915   4.96522537e+05  3.14e-02  2.11e+00  3.37e-03  1.00e+00    17s
 916   4.96514403e+05  1.08e-01  7.10e+00  3.37e-03  1.00e+00    17s
 917   4.96516562e+05  1.04e-01  1.02e+03  3.37e-03  1.25e-01    17s
 918   4.96511052e+05  3.62e-02  5.17e+00  3.37e-03  1.00e+00    17s
 919   4.96514788e+05  3.52e-02  2.08e+02  3.37e-03  5.00e-01    17s
 920   4.96518356e+05  8.73e-03  1.43e-01  3.38e-03  1.00e+00    17s
 921   4.96518666e+05  8.66e-03  1.02e+03  3.37e-03  3.13e-02    17s
 922   4.96512537e+05  3.67e-02  4.95e+00  3.37e-03  1.00e+00    17s
 923   4.96515388e+05  1.18e-03  3.90e-01  3.38e-03  1.00e+00    17s
 924   4.96516730e+05  3.64e-03  1.89e+02  3.37e-03  5.00e-01    17s
 925   4.96518036e+05  1.88e-03  1.09e-01  3.38e-03  1.00e+00    17s
 926   4.96518106e+05  1.88e-03  1.03e+03  3.37e-03  7.81e-03    17s
 927   4.96512943e+05  2.56e-02  3.79e+00  3.37e-03  1.00e+00    17s
 928   4.96515962e+05  4.09e-03  1.20e-01  3.37e-03  1.00e+00    17s
 929   4.96516222e+05  3.99e-03  5.04e+02  3.37e-03  6.25e-02    17s
 930   4.96516924e+05  5.05e-04  2.40e-01  3.38e-03  1.00e+00    17s
 931   4.96516948e+05  5.05e-04  7.75e+02  3.37e-03  3.91e-03    17s
 932   4.96516742e+05  4.85e-04  6.07e+01  3.38e-03  1.25e-01    18s
 933   4.96516815e+05  4.81e-04  2.98e+02  3.37e-03  3.13e-02    18s
 934   4.96516824e+05  4.81e-04  1.50e+03  3.37e-03  4.88e-04    18s
 935   4.96509313e+05  5.34e-02  7.64e+00  3.37e-03  1.00e+00    18s
 936   4.96516303e+05  3.90e-02  8.01e-01  3.37e-03  1.00e+00    18s
 937   4.96516924e+05  3.74e-02  1.18e+03  3.37e-03  6.25e-02    18s
 938   4.96511899e+05  2.30e-02  3.74e+00  3.37e-03  1.00e+00    18s
 939   4.96513690e+05  2.17e-02  3.95e+02  3.37e-03  2.50e-01    18s
 940   4.96518591e+05  1.87e-02  5.32e-01  3.38e-03  1.00e+00    18s
 941   4.96518750e+05  1.86e-02  1.34e+03  3.37e-03  7.81e-03    18s
 942   4.96511263e+05  4.93e-02  6.74e+00  3.37e-03  1.00e+00    18s
 943   4.96514824e+05  3.76e-02  1.62e+02  3.37e-03  5.00e-01    18s
 944   4.96514963e+05  3.76e-02  1.30e+03  3.37e-03  1.95e-03    18s
 945   4.96510434e+05  2.81e-02  5.60e+00  3.37e-03  1.00e+00    18s
 946   4.96513295e+05  2.16e-02  7.71e+01  3.37e-03  5.00e-01    18s
 947   4.96513539e+05  2.14e-02  1.23e+03  3.37e-03  1.56e-02    18s
 948   4.96514266e+05  7.93e-05  1.06e-01  3.38e-03  1.00e+00    18s
 949   4.96514283e+05  7.96e-05  4.41e+02  3.37e-03  3.91e-03    18s
 950   4.96514307e+05  7.98e-05  2.52e+02  3.37e-03  3.91e-03    18s
 951   4.96514307e+05  7.98e-05  1.41e+03  3.37e-03  2.59e-06    18s
 952   4.96514635e+05  7.08e-06  3.82e-02  3.38e-03  1.00e+00    18s
 953   4.96514682e+05  3.23e-06  2.19e+02  3.37e-03  1.56e-02    18s
 954   4.96514735e+05  5.79e-07  1.32e+02  3.37e-03  1.56e-02    18s
 955   4.96514739e+05  5.79e-07  1.33e+03  3.37e-03  1.22e-04    18s
 956   4.96515102e+05  5.75e-06  1.77e-02  3.38e-03  1.00e+00    18s
 957   4.96515115e+05  6.05e-06  2.97e+02  3.37e-03  3.91e-03    18s
 958   4.96515141e+05  6.68e-06  1.35e+02  3.37e-03  7.81e-03    18s
 959   4.96515142e+05  6.68e-06  1.34e+03  3.37e-03  6.10e-05    18s
 960   4.96515144e+05  6.69e-06  2.18e+03  3.37e-03  3.05e-05    18s
 961   4.96515042e+05  1.30e-03  8.23e+00  3.38e-03  1.00e+00    18s
 962   4.96515859e+05  1.22e-03  3.66e+02  3.38e-03  2.50e-01    18s
 963   4.96517954e+05  4.08e-03  3.85e-01  3.37e-03  1.00e+00    18s
 964   4.96517998e+05  4.08e-03  1.37e+03  3.37e-03  1.95e-03    18s
 965   4.96510639e+05  4.74e-02  6.20e+00  3.37e-03  1.00e+00    18s
 966   4.96514584e+05  4.21e-02  2.63e+02  3.37e-03  5.00e-01    18s
 967   4.96519259e+05  1.79e-02  2.02e-01  3.38e-03  1.00e+00    18s
 968   4.96520172e+05  1.70e-02  4.48e+02  3.37e-03  1.25e-01    18s
 969   4.96513818e+05  7.17e-02  4.25e+03  3.38e-03  2.77e-02    18s
 970   4.96515893e+05  6.87e-02  2.15e+03  3.38e-03  1.25e-01    18s
 971   4.96517685e+05  6.68e-02  2.69e+02  3.37e-03  6.25e-02    18s
 972   4.96531175e+05  1.40e-06  1.06e+00  3.38e-03  1.00e+00    18s
 973   4.96522311e+05  6.16e-07  2.95e-01  3.38e-03  1.00e+00    18s
 974   4.96517173e+05  2.27e-07  6.70e-02  3.37e-03  1.00e+00    18s
 975   4.96518424e+05  2.27e-07  2.40e-02  3.38e-03  1.00e+00    18s
 976   4.96518439e+05  3.84e-07  8.80e-04  3.37e-03  1.00e+00    18s
 977   4.96518500e+05  2.85e-06  1.15e-03  3.37e-03  1.00e+00    18s
 978   4.96518674e+05  2.15e-05  4.46e-03  3.37e-03  1.00e+00    18s
 979   4.96518916e+05  5.27e-05  8.33e+00  3.37e-03  5.00e-01    19s
 980   4.96519001e+05  5.49e-05  4.57e+01  3.37e-03  6.25e-02    19s
 981   4.96519033e+05  5.53e-05  1.55e+02  3.37e-03  7.81e-03    19s
 982   4.96519038e+05  5.53e-05  7.74e+02  3.37e-03  2.44e-04    19s
 983   4.96519096e+05  5.81e-05  4.60e+01  3.38e-03  6.25e-02    19s
 984   4.96519120e+05  5.83e-05  1.39e+02  3.37e-03  7.81e-03    19s
 985   4.96519126e+05  5.83e-05  6.33e+02  3.37e-03  4.88e-04    19s
 986   4.96519097e+05  6.28e-05  1.18e+01  3.38e-03  5.00e-01    19s
 987   4.96519171e+05  4.72e-05  1.33e+03  3.37e-03  7.81e-03    19s
 988   4.96516152e+05  8.77e-03  1.39e+02  3.38e-03  5.00e-01    19s
 989   4.96516484e+05  8.47e-03  5.83e+02  3.37e-03  6.25e-02    19s
 990   4.96519832e+05  8.15e-03  7.13e-01  3.38e-03  1.00e+00    19s
 991   4.96519969e+05  8.08e-03  1.23e+03  3.37e-03  1.56e-02    19s
 992   4.96513698e+05  3.32e-02  4.88e+00  3.37e-03  1.00e+00    19s
 993   4.96516776e+05  2.95e-02  2.14e+02  3.37e-03  5.00e-01    19s
 994   4.96519649e+05  6.34e-03  1.52e-01  3.38e-03  1.00e+00    19s
 995   4.96519740e+05  6.33e-03  1.34e+03  3.37e-03  3.91e-03    19s
 996   4.96512434e+05  4.90e-02  6.84e+00  3.37e-03  1.00e+00    19s
 997   4.96519363e+05  4.61e-02  1.28e+00  3.37e-03  1.00e+00    19s
 998   4.96520002e+05  4.54e-02  1.26e+03  3.37e-03  3.13e-02    19s
 999   4.96512893e+05  4.76e-02  6.28e+00  3.37e-03  1.00e+00    19s
1000   4.96519565e+05  3.47e-02  5.99e-01  3.37e-03  1.00e+00    19s

NL barrier performed 1000 iterations in 18.92 seconds (25.07 work units)
Iteration limit reached

User-callback calls 9004, time in user-callback 0.00 sec
