
Gurobi 13.0.3 (win64) logging started Mon Sep 21 03:24:21 2026

Set parameter LogFile to value "<workspace>tmp\r9-flow-probe-vf-vt-local-v1\solver-local.log"

Gurobi 13.0.3 (win64) logging started Mon Sep 21 03:24:22 2026

Set parameter LogFile to value "<workspace>tmp\r9-flow-probe-vf-vt-local-v1\solver-local.log"
Warning on update mode = 1 after new variables or constraints added:
Setting LP warm start basis or start ignored

Set parameter TimeLimit to value 9.2976828799990471e+01
Gurobi Optimizer version 13.0.3 build v13.0.3rc0 (win64 - Windows 11+.0 (26200.2))

CPU model: 12th Gen Intel(R) Core(TM) i7-12700, instruction set [SSE2|AVX|AVX2]
Thread count: 12 physical cores, 20 logical processors, using up to 1 threads

Non-default parameters:
TimeLimit  9.2976828799990471e+01
FeasibilityTol  1e-09
OptimalityTol  1e-09
NLBarPFeasTol  1e-09
NLBarDFeasTol  1e-09
OptimalityTarget  1
LogToConsole  0
NonConvex  2
Threads  1

Optimize a model with 21183 rows, 32808 columns and 52239 nonzeros (Min)
Model fingerprint: 0x11b99193
Model has 120 linear objective coefficients
Model has 9864 quadratic constraints
Model has 1776 general nonlinear constraints (3552 nonlinear terms)
Variable types: 32808 continuous, 0 integer (0 binary)
Coefficient statistics:
  Matrix range     [1e-05, 3e+01]
  QMatrix range    [5e-02, 2e+02]
  QLMatrix range   [2e-01, 1e+00]
  Objective range  [5e+01, 1e+03]
  Bounds range     [1e-03, 5e+03]
  RHS range        [5e-03, 4e+02]
  QRHS range       [1e+00, 6e+01]
  NLCon coe range  [8e-04, 3e+02]

Presolve removed 16493 rows and 15102 columns
Presolve time: 0.11s
Presolved: 4690 rows, 17706 columns, 15715 nonzeros
Presolved model has 10657 quadratic constraint(s)
Presolved model has 1776 nonlinear constraint(s)

Solving NLP to local optimality

Ordering time: 0.02s

NL barrier statistics:
  Hessian NZ  : 2.171e+04
  Jacobian NZ : 5.510e+04
  Factor NZ   : 4.925e+05
  Factor Ops  : 1.816e+07
  Threads     : 1

                           Residuals
Iter     Objective      Primal     Dual      Compl     Step     Time
   0   5.43423970e+05  2.69e+02  2.00e+03  2.35e+02  0.00e+00     0s
   1   5.43423971e+05  2.69e+02  1.90e+03  2.17e+02  6.27e-07     0s
   2   5.43598804e+05  2.42e+02  5.59e+03  2.02e+02  1.03e-01     0s
   3   5.43605705e+05  2.41e+02  1.72e+03  1.89e+02  5.37e-03     0s
   4   5.43620668e+05  2.36e+02  2.10e+03  1.82e+02  1.94e-02     0s
   5   5.43630922e+05  2.32e+02  2.62e+03  1.76e+02  1.45e-02     0s
   6   5.43635763e+05  2.30e+02  3.00e+03  1.72e+02  9.26e-03     0s
   7   5.43650350e+05  2.25e+02  2.95e+03  1.66e+02  2.44e-02     0s
   8   5.43675803e+05  2.17e+02  2.91e+03  1.59e+02  3.23e-02     0s
   9   5.43702357e+05  2.07e+02  2.81e+03  1.49e+02  4.83e-02     0s
  10   5.43707359e+05  2.04e+02  1.05e+04  1.39e+02  1.27e-02     0s
  11   5.43704324e+05  2.03e+02  1.71e+04  1.34e+02  7.81e-03     0s
  12   5.43690418e+05  2.00e+02  2.28e+04  1.29e+02  1.42e-02     0s
  13   5.43640398e+05  1.93e+02  1.85e+04  1.25e+02  3.38e-02     0s
  14   5.43613560e+05  1.91e+02  2.83e+04  1.21e+02  9.15e-03     0s
  15   5.43522341e+05  1.86e+02  2.73e+04  1.18e+02  2.58e-02     0s
  16   5.43499707e+05  1.85e+02  2.57e+04  1.17e+02  5.07e-03     0s
  17   5.43495728e+05  1.85e+02  2.49e+04  1.17e+02  1.04e-03     0s
  18   5.43469078e+05  1.84e+02  2.87e+04  1.16e+02  7.15e-03     0s
  19   5.43408243e+05  1.81e+02  2.21e+04  1.15e+02  1.65e-02     0s
  20   5.43350750e+05  1.78e+02  3.44e+04  1.11e+02  1.63e-02     0s
  21   5.43313904e+05  1.75e+02  5.31e+04  1.07e+02  1.68e-02     0s
  22   5.43304454e+05  1.72e+02  7.95e+04  1.03e+02  1.60e-02     0s
  23   5.43312753e+05  1.70e+02  7.31e+04  1.02e+02  1.13e-02     1s
  24   5.43315273e+05  1.70e+02  1.21e+05  9.85e+01  1.76e-03     1s
  25*  5.43315273e+05  1.70e+02  1.03e+06  4.84e+03  0.00e+00     1s
  26*  5.38983258e+05  1.23e+02  9.52e+05  3.67e+03  2.43e-01     1s
  27*  5.35064200e+05  7.62e+01  7.48e+05  2.37e+03  3.56e-01     1s
  28*  5.34468406e+05  4.05e+01  3.65e+05  1.23e+03  4.81e-01     1s
  29*  5.36158471e+05  2.70e+01  1.81e+05  8.12e+02  3.38e-01     1s
  30*  5.36253616e+05  2.65e+01  1.66e+05  7.98e+02  1.67e-02     1s
  31*  5.39418899e+05  1.26e+01  1.09e+05  3.78e+02  5.29e-01     1s
  32   5.39587206e+05  1.23e+01  2.60e+03  2.30e+02  2.26e-02     1s
  33   5.39587276e+05  1.23e+01  2.42e+03  2.14e+02  2.44e-05     1s
  34   5.40028053e+05  1.06e+01  2.32e+03  2.05e+02  1.42e-01     1s
  35   5.40407313e+05  9.27e+00  2.27e+03  2.01e+02  1.29e-01     1s
  36   5.40792800e+05  7.95e+00  2.05e+03  1.82e+02  1.47e-01     1s
  37   5.40811409e+05  7.88e+00  1.97e+03  1.75e+02  8.37e-03     1s
  38   5.41269847e+05  6.31e+00  1.80e+03  1.59e+02  2.09e-01     1s
  39   5.41340859e+05  6.02e+00  1.74e+03  1.54e+02  4.71e-02     1s
  40   5.41897092e+05  1.10e+01  1.83e+03  1.47e+02  4.06e-01     1s
  41   5.41914449e+05  1.02e+01  1.02e+03  9.02e+01  7.22e-02     1s
  42   5.41639608e+05  5.27e+00  3.26e+03  6.94e+01  4.74e-01     1s
  43   5.41221876e+05  3.39e+00  4.33e+03  6.38e+01  3.52e-01     1s
  44   5.40880657e+05  3.42e+00  4.27e+03  5.27e+01  4.22e-01     1s
  45   5.40730897e+05  3.16e+00  2.61e+03  2.74e+01  8.37e-01     1s
  46   5.40762057e+05  1.55e+00  1.36e+03  1.70e+01  6.10e-01     1s
  47   5.41166277e+05  5.39e+00  1.36e+03  1.29e+01  9.37e-01     1s
  48   5.41149745e+05  3.82e+00  5.44e+01  2.41e+00  2.89e-01     1s
  49   5.41434310e+05  1.11e-01  5.04e+01  9.89e-01  1.00e+00     1s
  50   5.41798136e+05  4.05e-02  2.45e+02  9.95e-01  6.15e-01     1s
  51   5.41874360e+05  2.78e-02  2.72e+02  1.01e+00  2.50e-01     1s
  52   5.41862339e+05  2.53e-02  8.23e+02  1.02e+00  6.25e-02     1s
  53   5.41859964e+05  2.49e-02  9.26e+02  1.02e+00  1.56e-02     1s
  54   5.41859712e+05  2.48e-02  1.14e+03  1.02e+00  3.05e-03     1s
  55   5.41857231e+05  2.44e-02  9.61e+02  1.02e+00  1.56e-02     1s
  56   5.41856784e+05  2.43e-02  1.95e+03  1.03e+00  3.91e-03     1s
  57   5.41838229e+05  9.26e+00  1.33e+03  1.02e+00  3.46e-01     1s
  58   5.41877298e+05  6.17e+00  1.37e+03  1.00e+00  1.00e+00     1s
  59   5.41925948e+05  3.08e+00  7.04e+01  9.98e-01  1.00e+00     1s
  60   5.41984742e+05  1.16e+01  2.39e+03  9.88e-01  9.98e-01     1s
  61   5.42010941e+05  3.77e+00  2.06e+03  9.69e-01  1.00e+00     1s
  62   5.41972083e+05  2.08e+00  8.27e+02  9.98e-01  1.00e+00     1s
  63   5.41939570e+05  2.43e-01  1.79e+02  1.00e+00  1.00e+00     1s
  64   5.41914226e+05  6.36e-02  1.26e+01  1.00e+00  1.00e+00     1s
  65   5.41891154e+05  2.35e-02  7.05e+00  1.00e+00  1.00e+00     1s
  66   5.41869924e+05  8.45e-03  3.96e+00  1.00e+00  1.00e+00     1s
  67   5.41850245e+05  3.04e-03  2.26e+00  1.00e+00  1.00e+00     1s
  68   5.41831907e+05  1.08e-03  1.31e+00  1.00e+00  1.00e+00     1s
  69   5.41814742e+05  3.85e-04  7.62e-01  1.00e+00  1.00e+00     1s
  70   5.41798619e+05  1.36e-04  4.50e-01  1.00e+00  1.00e+00     1s
  71   5.41783425e+05  4.77e-05  2.71e-01  1.00e+00  1.00e+00     1s
  72   5.41769070e+05  1.73e-05  1.71e-01  1.00e+00  1.00e+00     1s
  73   5.41755476e+05  1.69e-05  1.14e-01  1.00e+00  1.00e+00     1s
  74   5.41742579e+05  1.65e-05  7.89e-02  1.00e+00  1.00e+00     1s
  75   5.41577031e+05  2.72e-04  2.87e+02  3.48e-01  6.25e-02     1s
  76   5.41032246e+05  4.38e-04  4.41e+02  2.10e-01  6.06e-02     1s
  77   5.40705316e+05  4.28e-04  1.23e+03  2.09e-01  2.42e-02     1s
  78   5.40523032e+05  4.22e-04  1.54e+03  2.08e-01  1.56e-02     2s
  79   5.40346491e+05  4.16e-04  1.55e+03  2.07e-01  1.56e-02     2s
  80   5.40176599e+05  4.10e-04  1.60e+03  2.07e-01  1.56e-02     2s
  81   5.29615120e+05  1.84e-01  6.93e+00  1.50e-01  1.00e+00     2s
  82   5.29057608e+05  4.38e-03  7.28e+00  1.50e-01  1.00e+00     2s
  83   5.29121648e+05  7.06e-04  6.38e+00  1.50e-01  1.00e+00     2s
  84   5.29208314e+05  1.43e-04  2.23e+00  1.50e-01  1.00e+00     2s
  85   5.29286709e+05  1.07e-05  1.18e-01  1.50e-01  1.00e+00     2s
  86   5.29763983e+05  7.45e-04  6.12e+01  1.50e-01  1.00e+00     2s
  87   5.29693213e+05  2.68e-05  1.32e+01  1.50e-01  1.00e+00     2s
  88   5.29532876e+05  6.69e-04  1.55e+01  1.50e-01  8.60e-01     2s
  89   5.29636853e+05  3.10e-05  1.73e+00  1.50e-01  1.00e+00     2s
  90   5.29644645e+05  1.59e-05  1.90e+00  1.50e-01  1.00e+00     2s
  91   5.29812270e+05  9.31e-05  2.22e+01  1.50e-01  1.00e+00     2s
  92   5.29758928e+05  6.97e-05  1.02e+01  1.50e-01  1.00e+00     2s
  93   5.29744563e+05  1.61e-05  5.46e+00  1.50e-01  1.00e+00     2s
  94   5.29784044e+05  6.98e-06  4.52e-01  1.50e-01  1.00e+00     2s
  95   5.29929558e+05  2.99e-05  2.08e+01  1.50e-01  1.00e+00     2s
  96   5.29895116e+05  2.84e-05  5.80e+00  1.50e-01  1.00e+00     2s
  97   5.29878531e+05  1.08e-05  3.08e+00  1.50e-01  1.00e+00     2s
  98   5.30532772e+05  9.00e-04  8.12e+01  1.50e-01  4.56e-01     2s
  99   5.30271588e+05  2.27e-03  2.10e+01  1.50e-01  1.00e+00     2s
 100   5.30024040e+05  2.69e-03  2.52e+01  1.50e-01  8.33e-01     2s
 101   5.30050357e+05  7.56e-05  1.41e-01  1.50e-01  1.00e+00     2s
 102   5.29977463e+05  7.27e-05  6.25e+00  1.50e-01  1.00e+00     2s
 103   5.30043122e+05  1.86e-05  1.77e+00  1.50e-01  1.00e+00     2s
 104   5.30026692e+05  7.66e-06  1.38e+00  1.50e-01  1.00e+00     2s
 105   5.30081618e+05  1.09e-05  1.89e+00  1.50e-01  1.00e+00     2s
 106   5.30058395e+05  1.06e-05  1.73e+00  1.50e-01  1.00e+00     2s
 107   5.30108090e+05  9.19e-06  1.43e+00  1.50e-01  1.00e+00     2s
 108   5.30088216e+05  8.01e-06  1.34e+00  1.50e-01  1.00e+00     2s
 109   5.30135362e+05  8.54e-06  1.38e+00  1.50e-01  1.00e+00     2s
 110   5.30115134e+05  7.64e-06  1.26e+00  1.50e-01  1.00e+00     2s
 111   5.30159051e+05  7.54e-06  1.19e+00  1.50e-01  1.00e+00     2s
 112   5.30140194e+05  6.57e-06  1.09e+00  1.50e-01  1.00e+00     2s
 113   5.30181113e+05  6.60e-06  1.04e+00  1.50e-01  1.00e+00     2s
 114   5.30163472e+05  5.71e-06  9.42e-01  1.50e-01  1.00e+00     2s
 115   5.30201526e+05  5.72e-06  8.95e-01  1.50e-01  1.00e+00     2s
 116   5.30185279e+05  4.90e-06  8.05e-01  1.50e-01  1.00e+00     2s
 117   5.30220555e+05  4.90e-06  7.61e-01  1.50e-01  1.00e+00     2s
 118   5.30205816e+05  4.13e-06  6.77e-01  1.50e-01  1.00e+00     2s
 119   5.30238385e+05  4.13e-06  6.38e-01  1.50e-01  1.00e+00     2s
 120   5.30225250e+05  3.43e-06  5.60e-01  1.50e-01  1.00e+00     2s
 121   5.30255172e+05  3.42e-06  5.26e-01  1.50e-01  1.00e+00     2s
 122   5.30243715e+05  3.29e-06  4.54e-01  1.50e-01  1.00e+00     2s
 123   5.30271045e+05  3.24e-06  4.24e-01  1.50e-01  1.00e+00     2s
 124   5.30261321e+05  3.20e-06  3.59e-01  1.50e-01  1.00e+00     2s
 125   5.30286115e+05  3.17e-06  3.34e-01  1.50e-01  1.00e+00     2s
 126   5.30278153e+05  3.13e-06  2.76e-01  1.50e-01  1.00e+00     2s
 127   5.30300480e+05  3.11e-06  2.56e-01  1.50e-01  1.00e+00     2s
 128   5.30294278e+05  3.08e-06  2.05e-01  1.50e-01  1.00e+00     2s
 129   5.30314225e+05  3.06e-06  1.90e-01  1.50e-01  1.00e+00     2s
 130   5.30309748e+05  3.04e-06  1.47e-01  1.50e-01  1.00e+00     2s
 131   5.30327428e+05  3.01e-06  1.36e-01  1.50e-01  1.00e+00     2s
 132   5.30324600e+05  2.99e-06  1.00e-01  1.50e-01  1.00e+00     2s
 133   5.30340155e+05  2.96e-06  9.37e-02  1.50e-01  1.00e+00     2s
 134   5.30338862e+05  2.94e-06  6.51e-02  1.50e-01  1.00e+00     2s
 135   5.30352466e+05  2.92e-06  6.18e-02  1.50e-01  1.00e+00     2s
 136   5.30352556e+05  2.89e-06  3.99e-02  1.50e-01  1.00e+00     2s
 137   5.30364410e+05  2.87e-06  3.90e-02  1.50e-01  1.00e+00     2s
 138   5.30365700e+05  2.85e-06  2.29e-02  1.50e-01  1.00e+00     3s
 139   5.30376025e+05  2.82e-06  2.35e-02  1.50e-01  1.00e+00     3s
 140   5.30378314e+05  2.80e-06  1.23e-02  1.50e-01  1.00e+00     3s
 141   5.30366338e+05  2.80e-06  1.47e+03  6.73e-02  1.29e-03     3s
 142   5.30362910e+05  2.80e-06  4.62e+03  3.43e-02  2.28e-04     3s
 143   5.30362441e+05  2.80e-06  4.74e+03  3.43e-02  5.26e-05     3s
 144   5.29952745e+05  3.48e-05  3.79e+03  3.41e-02  1.91e-02     3s
 145   5.29951861e+05  3.48e-05  9.71e+03  3.45e-02  4.40e-05     3s
 146   5.28659515e+05  3.41e-05  6.11e+00  2.28e-02  9.84e-01     3s
 147   5.24981366e+05  3.30e-04  4.34e+01  2.25e-02  1.00e+00     3s
 148   5.23709176e+05  1.10e-04  3.44e+01  2.25e-02  1.00e+00     3s
 149   5.21454229e+05  1.71e-04  6.81e+01  2.25e-02  8.45e-01     3s
 150   5.18879665e+05  2.65e-04  6.97e+01  2.24e-02  5.12e-01     3s
 151   5.17107557e+05  1.67e-04  5.34e+00  2.25e-02  1.00e+00     3s
 152   5.16351498e+05  4.56e-02  3.30e+03  2.25e-02  4.02e-02     3s
 153   5.12880766e+05  2.03e+00  1.45e+03  2.24e-02  3.00e-01     3s
 154   5.11755828e+05  1.06e+00  7.88e+02  2.25e-02  4.75e-01     3s
 155   5.11268933e+05  6.26e-04  1.74e+02  2.25e-02  1.00e+00     3s
 156   5.10726407e+05  7.75e-05  1.67e+02  2.25e-02  9.18e-01     3s
 157   5.10099746e+05  4.38e-04  1.17e+02  2.25e-02  2.05e-01     3s
 158   5.09986487e+05  4.36e-04  1.15e+02  2.25e-02  1.22e-02     3s
 159   5.09822643e+05  4.55e-04  1.03e+02  2.25e-02  3.23e-02     3s
 160   5.09669221e+05  4.53e-04  1.02e+02  2.25e-02  3.62e-03     3s
 161   5.09356923e+05  5.41e-03  1.41e+01  2.25e-02  1.00e+00     3s
 162   5.09244225e+05  1.46e-02  4.94e+01  2.25e-02  5.49e-01     3s
 163   5.08994550e+05  2.77e-01  7.67e+01  2.25e-02  1.00e+00     3s
 164   5.08961417e+05  2.31e-05  2.62e+00  2.25e-02  1.00e+00     3s
 165   5.08497089e+05  1.22e-03  2.64e+02  2.25e-02  2.41e-01     3s
 166   5.08688289e+05  1.22e-04  2.36e+02  2.25e-02  1.00e+00     3s
 167   5.08555517e+05  1.86e-04  6.48e+01  2.25e-02  3.47e-01     3s
 168   5.07821227e+05  4.66e+00  6.95e+03  2.25e-02  2.85e-01     3s
 169   5.07164217e+05  8.66e+00  6.69e+03  2.25e-02  5.35e-01     3s
 170   5.07113264e+05  6.31e+00  3.15e+03  2.25e-02  2.72e-01     3s
 171   5.07146780e+05  6.13e-01  3.99e+01  2.25e-02  1.00e+00     3s
 172   5.07096551e+05  9.45e-01  6.03e+03  2.25e-02  5.06e-02     3s
 173   5.06956761e+05  6.19e-01  2.65e+03  2.25e-02  5.52e-01     3s
 174   5.06933898e+05  1.33e-01  8.50e+01  2.25e-02  1.00e+00     3s
 175   5.06978355e+05  3.97e-02  8.79e+00  2.25e-02  1.00e+00     3s
 176   5.07015857e+05  4.53e-02  4.31e+00  2.25e-02  1.00e+00     3s
 177   5.07047210e+05  4.76e-02  4.52e+00  2.25e-02  1.00e+00     3s
 178   5.07076139e+05  4.65e-02  4.51e+00  2.25e-02  1.00e+00     3s
 179   5.07103481e+05  4.07e-02  4.12e+00  2.25e-02  1.00e+00     3s
 180   5.07129011e+05  2.96e-02  3.18e+00  2.25e-02  1.00e+00     3s
 181   5.07152508e+05  1.60e-02  1.87e+00  2.25e-02  1.00e+00     3s
 182   5.07174027e+05  6.59e-03  8.67e-01  2.25e-02  1.00e+00     3s
 183   5.07193944e+05  2.52e-03  3.86e-01  2.25e-02  1.00e+00     3s
 184   5.07212633e+05  1.07e-03  1.96e-01  2.25e-02  1.00e+00     4s
 185   5.07230320e+05  5.00e-04  1.12e-01  2.25e-02  1.00e+00     4s
 186   5.07247154e+05  2.55e-04  7.10e-02  2.25e-02  1.00e+00     4s
 187   5.07263239e+05  1.42e-04  4.93e-02  2.25e-02  1.00e+00     4s
 188   5.07278658e+05  8.71e-05  3.70e-02  2.25e-02  1.00e+00     4s
 189   5.07293474e+05  5.85e-05  2.98e-02  2.25e-02  1.00e+00     4s
 190   5.07307739e+05  4.27e-05  2.52e-02  2.25e-02  1.00e+00     4s
 191   5.07321500e+05  3.88e-05  2.23e-02  2.25e-02  1.00e+00     4s
 192   5.07334792e+05  3.67e-05  2.13e-02  2.25e-02  1.00e+00     4s
 193   5.07347650e+05  3.45e-05  2.04e-02  2.25e-02  1.00e+00     4s
 194   5.07360102e+05  3.24e-05  1.95e-02  2.25e-02  1.00e+00     4s
 195   5.07372172e+05  3.04e-05  1.87e-02  2.25e-02  1.00e+00     4s
 196   5.07383884e+05  2.85e-05  1.80e-02  2.25e-02  1.00e+00     4s
 197   5.07395257e+05  2.66e-05  1.72e-02  2.25e-02  1.00e+00     4s
 198   5.07406307e+05  2.49e-05  1.66e-02  2.25e-02  1.00e+00     4s
 199   5.07417053e+05  2.33e-05  1.59e-02  2.25e-02  1.00e+00     4s
 200   5.07427507e+05  2.18e-05  1.53e-02  2.25e-02  1.00e+00     4s
 201   5.07437683e+05  2.04e-05  1.47e-02  2.25e-02  1.00e+00     4s
 202   5.07447595e+05  1.90e-05  1.41e-02  2.25e-02  1.00e+00     4s
 203   5.07457253e+05  1.78e-05  1.36e-02  2.25e-02  1.00e+00     4s
 204   5.07466668e+05  1.66e-05  1.31e-02  2.25e-02  1.00e+00     4s
 205   5.07475852e+05  1.55e-05  1.27e-02  2.25e-02  1.00e+00     4s
 206   5.07484813e+05  1.44e-05  1.23e-02  2.25e-02  1.00e+00     4s
 207   5.07493560e+05  1.34e-05  1.20e-02  2.25e-02  1.00e+00     4s
 208   5.07502103e+05  1.26e-05  1.17e-02  2.25e-02  1.00e+00     4s
 209   5.07510449e+05  1.21e-05  1.13e-02  2.25e-02  1.00e+00     4s
 210   5.07518606e+05  1.16e-05  1.10e-02  2.25e-02  1.00e+00     4s
 211   5.07526581e+05  1.12e-05  1.07e-02  2.25e-02  1.00e+00     4s
 212   5.07534381e+05  1.07e-05  1.04e-02  2.25e-02  1.00e+00     4s
 213   5.07542013e+05  1.03e-05  1.02e-02  2.25e-02  1.00e+00     4s
 214   5.07549483e+05  9.89e-06  9.91e-03  2.25e-02  1.00e+00     4s
 215   5.07556798e+05  9.51e-06  9.65e-03  2.25e-02  1.00e+00     4s
 216   5.07563962e+05  9.14e-06  9.40e-03  2.25e-02  1.00e+00     4s
 217   5.07570981e+05  8.79e-06  9.17e-03  2.25e-02  1.00e+00     4s
 218   5.07577861e+05  8.45e-06  8.93e-03  2.25e-02  1.00e+00     4s
 219   5.07584607e+05  8.13e-06  8.71e-03  2.25e-02  1.00e+00     4s
 220   5.07591222e+05  7.81e-06  8.49e-03  2.25e-02  1.00e+00     4s
 221   5.07597712e+05  7.51e-06  8.28e-03  2.25e-02  1.00e+00     4s
 222   5.07604080e+05  7.21e-06  8.07e-03  2.25e-02  1.00e+00     4s
 223   5.07610330e+05  6.93e-06  7.86e-03  2.25e-02  1.00e+00     4s
 224   5.07616467e+05  6.65e-06  7.66e-03  2.25e-02  1.00e+00     4s
 225   5.07622493e+05  6.37e-06  7.46e-03  2.25e-02  1.00e+00     4s
 226   5.07628411e+05  6.10e-06  7.26e-03  2.25e-02  1.00e+00     4s
 227   5.07634226e+05  5.84e-06  7.07e-03  2.25e-02  1.00e+00     4s
 228   5.07639940e+05  5.57e-06  6.87e-03  2.25e-02  1.00e+00     4s
 229   5.07645555e+05  5.32e-06  6.68e-03  2.25e-02  1.00e+00     4s
 230   5.07651075e+05  5.06e-06  6.48e-03  2.25e-02  1.00e+00     4s
 231   5.07656502e+05  4.82e-06  6.29e-03  2.25e-02  1.00e+00     4s
 232   5.07661838e+05  4.57e-06  6.10e-03  2.25e-02  1.00e+00     4s
 233   5.07667086e+05  4.33e-06  5.91e-03  2.25e-02  1.00e+00     4s
 234   5.07672248e+05  4.10e-06  5.72e-03  2.25e-02  1.00e+00     4s
 235   5.07677326e+05  3.87e-06  5.53e-03  2.25e-02  1.00e+00     4s
 236   5.07682323e+05  3.64e-06  5.34e-03  2.25e-02  1.00e+00     4s
 237   5.07687240e+05  3.43e-06  5.15e-03  2.25e-02  1.00e+00     4s
 238   5.07692080e+05  3.21e-06  4.97e-03  2.25e-02  1.00e+00     4s
 239   5.07696844e+05  3.01e-06  4.79e-03  2.25e-02  1.00e+00     4s
 240   5.07701534e+05  2.81e-06  4.61e-03  2.25e-02  1.00e+00     4s
 241   5.07706153e+05  2.62e-06  4.43e-03  2.25e-02  1.00e+00     4s
 242   5.07710701e+05  2.44e-06  4.25e-03  2.25e-02  1.00e+00     4s
 243   5.07715181e+05  2.26e-06  4.08e-03  2.25e-02  1.00e+00     4s
 244   5.07719594e+05  2.10e-06  3.91e-03  2.25e-02  1.00e+00     4s
 245   5.07723943e+05  1.94e-06  3.75e-03  2.25e-02  1.00e+00     4s
 246   5.07728227e+05  1.79e-06  3.59e-03  2.25e-02  1.00e+00     4s
 247   5.07732450e+05  1.65e-06  3.43e-03  2.25e-02  1.00e+00     4s
 248   5.07736613e+05  1.51e-06  3.28e-03  2.25e-02  1.00e+00     4s
 249   5.07740717e+05  1.39e-06  3.13e-03  2.25e-02  1.00e+00     4s
 250   5.07744763e+05  1.27e-06  2.99e-03  2.25e-02  1.00e+00     5s
 251   5.07748753e+05  1.16e-06  2.85e-03  2.25e-02  1.00e+00     5s
 252   5.07752688e+05  1.13e-06  2.72e-03  2.25e-02  1.00e+00     5s
 253   5.07756570e+05  1.11e-06  2.59e-03  2.25e-02  1.00e+00     5s
 254   5.07760399e+05  1.10e-06  2.52e-03  2.25e-02  1.00e+00     5s
 255   5.07764178e+05  1.09e-06  2.46e-03  2.25e-02  1.00e+00     5s
 256   5.07767906e+05  1.08e-06  2.40e-03  2.25e-02  1.00e+00     5s
 257   5.07771586e+05  1.06e-06  2.35e-03  2.25e-02  1.00e+00     5s
 258   5.07775219e+05  1.05e-06  2.29e-03  2.25e-02  1.00e+00     5s
 259   5.07778805e+05  1.04e-06  2.23e-03  2.25e-02  1.00e+00     5s
 260   5.07782346e+05  1.02e-06  2.18e-03  2.25e-02  1.00e+00     5s
 261   5.07785842e+05  1.01e-06  2.12e-03  2.25e-02  1.00e+00     5s
 262   5.05356949e+05  7.58e-01  2.51e+03  1.20e-02  3.09e-01     5s
 263   5.01805862e+05  4.26e+00  2.51e+03  7.62e-03  4.50e-01     5s
 264   4.99894851e+05  2.33e+00  1.83e+03  6.57e-03  4.66e-01     5s
 265   4.99566293e+05  2.18e+00  1.24e+04  4.55e-03  9.11e-02     5s
 266   4.99387013e+05  2.06e+00  1.15e+04  4.22e-03  5.56e-02     5s
 267   4.99173584e+05  1.93e+00  1.54e+04  3.84e-03  7.10e-02     5s
 268   4.98920219e+05  1.76e+00  1.43e+04  3.79e-03  9.26e-02     5s
 269   4.98669440e+05  1.59e+00  1.25e+04  3.74e-03  1.01e-01     5s
 270   4.97114857e+05  1.02e+00  1.91e+03  3.39e-03  1.00e+00     5s
 271   4.96604905e+05  1.30e+00  3.50e+03  3.38e-03  6.51e-01     5s
 272   4.96422354e+05  3.06e-01  4.48e+01  3.37e-03  1.00e+00     5s
 273   4.96410679e+05  5.17e-02  1.92e+00  3.37e-03  1.00e+00     5s
 274   4.96410781e+05  2.63e-06  2.18e-01  3.37e-03  1.00e+00     5s
 275   4.96411746e+05  2.57e-06  3.49e-02  3.37e-03  1.00e+00     5s
 276   4.96401566e+05  2.24e-05  1.44e+01  3.37e-03  6.63e-01     5s
 277   4.96395148e+05  4.78e-02  5.57e+02  3.37e-03  1.00e+00     5s
 278   4.96389167e+05  3.96e-02  1.02e+01  3.37e-03  1.00e+00     5s
 279   4.96400330e+05  1.47e-02  7.81e-01  3.37e-03  1.00e+00     5s
 280   4.96404183e+05  2.56e-02  9.78e-01  3.37e-03  1.00e+00     5s
 281   4.96386444e+05  2.65e-01  6.50e+00  3.37e-03  1.00e+00     5s
 282   4.96393838e+05  8.96e-03  1.46e-01  3.37e-03  1.00e+00     5s
 283   4.96418775e+05  8.35e-01  9.17e+02  3.38e-03  1.00e+00     5s
 284   4.96404732e+05  2.69e-01  2.98e+00  3.37e-03  1.00e+00     5s
 285   4.96388936e+05  4.84e-01  3.47e+02  3.37e-03  8.08e-01     5s
 286   4.96403462e+05  3.23e-01  7.00e+02  3.38e-03  1.00e+00     5s
 287   4.96412024e+05  2.25e-02  2.31e+00  3.37e-03  1.00e+00     5s
 288   4.96420619e+05  2.94e-02  1.85e+00  3.37e-03  1.00e+00     5s
 289   4.96407339e+05  2.17e-01  3.30e+01  3.37e-03  1.00e+00     5s
 290   4.96410105e+05  3.53e-03  9.07e-02  3.37e-03  1.00e+00     5s
 291   4.96406206e+05  4.28e-02  1.64e+00  3.37e-03  1.00e+00     5s
 292   4.96411317e+05  1.58e-02  2.28e-01  3.37e-03  1.00e+00     5s
 293   4.96417752e+05  1.96e-02  6.67e-01  3.37e-03  1.00e+00     5s
 294   4.96420874e+05  1.14e-03  6.28e-02  3.37e-03  1.00e+00     5s
 295   4.96422012e+05  6.60e-05  1.54e-02  3.37e-03  1.00e+00     5s
 296   4.96415670e+05  6.97e-02  2.12e+00  3.37e-03  1.00e+00     5s
 297   4.96424379e+05  1.12e-01  1.03e+01  3.37e-03  1.00e+00     5s
 298   4.96430260e+05  9.88e-03  5.46e-01  3.37e-03  1.00e+00     5s
 299   4.96418185e+05  2.65e-01  1.93e+01  3.37e-03  1.00e+00     5s
 300   4.96434477e+05  4.91e-01  8.39e+02  3.38e-03  1.00e+00     5s
 301   4.96431825e+05  4.13e-02  4.28e+00  3.37e-03  1.00e+00     5s
 302   4.96423795e+05  1.35e-01  5.36e+03  3.38e-03  9.46e-02     5s
 303   4.96442439e+05  2.05e-01  2.65e+03  3.38e-03  1.00e+00     5s
 304   4.96467382e+05  1.13e-01  1.80e+03  3.38e-03  1.00e+00     6s
 305   4.96517249e+05  1.98e-05  2.56e+02  3.38e-03  1.00e+00     6s
 306   4.96496916e+05  4.81e-06  7.77e+00  3.38e-03  1.00e+00     6s
 307   4.96468760e+05  2.90e-01  1.69e+03  3.38e-03  1.46e-01     6s
 308   4.96486627e+05  5.48e-01  1.02e+03  3.37e-03  5.00e-01     6s
 309   4.96459647e+05  1.28e+00  3.61e+03  3.37e-03  1.30e-01     6s
 310   4.96487730e+05  9.31e-01  1.49e+02  3.38e-03  1.00e+00     6s
 311   4.96460664e+05  8.36e-01  3.97e+01  3.37e-03  1.00e+00     6s
 312   4.96443914e+05  4.04e-01  1.84e+01  3.37e-03  1.00e+00     6s
 313   4.96430592e+05  3.43e-01  2.05e+01  3.37e-03  1.00e+00     6s
 314   4.96444178e+05  3.02e-01  1.25e+02  3.37e-03  1.00e+00     6s
 315   4.96447740e+05  1.56e-03  2.66e-01  3.37e-03  1.00e+00     6s
 316   4.96447933e+05  1.56e-02  4.13e+00  3.37e-03  1.00e+00     6s
 317   4.96433004e+05  4.00e-01  1.52e+02  3.37e-03  9.14e-01     6s
 318   4.96442188e+05  9.44e-02  7.59e+00  3.37e-03  1.00e+00     6s
 319   4.96445386e+05  1.88e-03  5.61e-02  3.37e-03  1.00e+00     6s
 320   4.96452970e+05  3.65e-02  1.11e+00  3.37e-03  1.00e+00     6s
 321   4.96456290e+05  3.58e-03  2.19e-01  3.37e-03  1.00e+00     6s
 322   4.96460021e+05  8.67e-03  4.67e-01  3.37e-03  1.00e+00     6s
 323   4.96447875e+05  1.29e-01  2.87e+00  3.37e-03  1.00e+00     6s
 324   4.96454024e+05  2.11e-02  6.17e-01  3.37e-03  1.00e+00     6s
 325   4.96456311e+05  1.43e-03  5.77e-02  3.37e-03  1.00e+00     6s
 326   4.96457960e+05  1.33e-03  6.94e-02  3.37e-03  1.00e+00     6s
 327   4.96453394e+05  2.97e-02  8.12e-01  3.37e-03  1.00e+00     6s
 328   4.96450390e+05  3.47e-02  2.57e+00  3.37e-03  1.00e+00     6s
 329   4.96454328e+05  1.94e-02  1.17e+00  3.37e-03  1.00e+00     6s
 330   4.96460569e+05  3.09e-02  1.07e+00  3.37e-03  1.00e+00     6s
 331   4.96463166e+05  2.79e-03  1.24e-01  3.37e-03  1.00e+00     6s
 332   4.96463648e+05  8.63e-05  2.20e-02  3.37e-03  1.00e+00     6s
 333   4.96456171e+05  9.15e-02  3.45e+03  3.38e-03  1.56e-01     6s
 334   4.96477810e+05  6.55e-01  3.09e+03  3.38e-03  1.00e+00     6s
 335   4.96499754e+05  6.25e-01  3.75e+02  3.37e-03  5.00e-01     6s
 336   4.96507988e+05  6.75e-01  3.27e+03  3.37e-03  1.25e-01     6s
 337   4.96475173e+05  8.41e-01  8.66e+02  3.37e-03  7.83e-01     6s
 338   4.96466221e+05  6.88e-01  2.69e+01  3.37e-03  1.00e+00     6s
 339   4.96452922e+05  1.06e-01  2.98e+03  3.38e-03  3.33e-01     6s
 340   4.96457830e+05  1.07e-02  9.03e+00  3.37e-03  1.00e+00     6s
 341   4.96457833e+05  1.07e-02  4.65e+02  3.37e-03  7.73e-07     6s
 342   4.96459963e+05  4.96e-04  1.35e-01  3.38e-03  1.00e+00     6s
 343   4.96462972e+05  3.37e-03  8.83e-02  3.37e-03  1.00e+00     6s
 344   4.96473500e+05  1.00e-01  5.76e+01  3.37e-03  5.00e-01     6s
 345   4.96481971e+05  3.79e-02  1.72e+00  3.38e-03  1.00e+00     6s
 346   4.96486417e+05  2.95e-02  1.89e+00  3.37e-03  1.00e+00     6s
 347   4.96468596e+05  1.81e-01  7.81e+00  3.37e-03  1.00e+00     6s
 348   4.96468837e+05  1.25e-03  4.38e-02  3.37e-03  1.00e+00     6s
 349   4.96465858e+05  2.07e-02  1.10e+00  3.37e-03  1.00e+00     6s
 350   4.96465620e+05  4.44e-03  2.85e+00  3.37e-03  1.00e+00     6s
 351   4.96470416e+05  4.47e-02  6.51e+00  3.37e-03  1.00e+00     6s
 352   4.96475881e+05  2.18e-02  6.11e-01  3.37e-03  1.00e+00     6s
 353   4.96463025e+05  2.46e-01  1.51e+01  3.37e-03  1.00e+00     7s
 354   4.96473267e+05  2.06e-01  2.51e+01  3.37e-03  1.00e+00     7s
 355   4.96475982e+05  1.80e-03  1.91e-01  3.37e-03  1.00e+00     7s
 356   4.96477672e+05  3.74e-04  1.17e-01  3.37e-03  1.00e+00     7s
 357   4.96466634e+05  2.19e-01  2.42e+01  3.37e-03  1.00e+00     7s
 358   4.96467748e+05  2.15e-01  9.54e+02  3.37e-03  3.13e-02     7s
 359   4.96469215e+05  7.43e-05  1.32e-01  3.37e-03  1.00e+00     7s
 360   4.96475798e+05  9.36e-02  1.13e+01  3.37e-03  1.00e+00     7s
 361   4.96485238e+05  1.23e-01  3.51e+02  3.37e-03  5.00e-01     7s
 362   4.96470840e+05  2.78e-01  2.20e+01  3.37e-03  1.00e+00     7s
 363   4.96469881e+05  6.16e-03  1.74e-01  3.37e-03  1.00e+00     7s
 364   4.96471770e+05  1.13e-03  5.74e-01  3.37e-03  1.00e+00     7s
 365   4.96474884e+05  1.82e-02  2.88e+00  3.37e-03  1.00e+00     7s
 366   4.96479072e+05  1.41e-02  4.57e-01  3.37e-03  1.00e+00     7s
 367   4.96486109e+05  6.68e-02  2.84e+00  3.37e-03  1.00e+00     7s
 368   4.96473323e+05  2.00e-01  6.55e+00  3.37e-03  1.00e+00     7s
 369   4.96476572e+05  1.31e-03  5.39e-02  3.38e-03  1.00e+00     7s
 370   4.96481304e+05  3.07e-02  1.34e+00  3.37e-03  1.00e+00     7s
 371   4.96481908e+05  4.21e-05  2.50e-02  3.37e-03  1.00e+00     7s
 372   4.96474498e+05  9.35e-02  9.35e+02  3.38e-03  4.13e-01     7s
 373   4.96474814e+05  9.31e-02  5.72e+02  3.37e-03  7.81e-03     7s
 374   4.96477230e+05  8.96e-04  2.60e-01  3.38e-03  1.00e+00     7s
 375   4.96480281e+05  6.57e-03  2.11e-01  3.37e-03  1.00e+00     7s
 376   4.96480418e+05  6.57e-03  6.89e+02  3.37e-03  3.91e-03     7s
 377   4.96481078e+05  7.99e-05  1.40e-01  3.37e-03  1.00e+00     7s
 378   4.96482325e+05  1.95e-03  1.05e-01  3.37e-03  1.00e+00     7s
 379   4.96487862e+05  4.89e-02  2.49e+00  3.37e-03  1.00e+00     7s
 380   4.96473864e+05  2.51e-01  8.33e+00  3.37e-03  1.00e+00     7s
 381   4.96481633e+05  2.58e-01  8.19e+01  3.37e-03  5.00e-01     7s
 382   4.96483854e+05  6.36e-04  7.51e-02  3.38e-03  1.00e+00     7s
 383   4.96486222e+05  1.28e-03  1.31e-01  3.37e-03  1.00e+00     7s
 384   4.96486741e+05  1.83e-03  5.65e-02  3.37e-03  1.00e+00     7s
 385   4.96475310e+05  2.48e-01  2.59e+01  3.37e-03  1.00e+00     7s
 386   4.96482443e+05  9.15e-02  9.76e+00  3.37e-03  1.00e+00     7s
 387   4.96484404e+05  9.28e-02  5.90e+02  3.37e-03  3.13e-02     7s
 388   4.96484398e+05  2.77e-04  2.89e-01  3.37e-03  1.00e+00     7s
 389   4.96484439e+05  2.85e-04  2.25e-02  3.37e-03  1.00e+00     7s
 390   4.96478576e+05  6.94e-02  9.31e+03  3.38e-03  9.95e-03     7s
 391   4.96479286e+05  7.62e-02  2.70e+03  3.38e-03  1.00e+00     7s
 392   4.96485032e+05  7.41e-02  1.86e+03  3.37e-03  3.96e-02     7s
 393   4.96516929e+05  6.96e-06  9.39e+00  3.38e-03  1.00e+00     7s
 394   4.96498502e+05  2.69e-06  2.56e+00  3.38e-03  1.00e+00     7s
 395   4.96483472e+05  2.01e-06  3.49e+00  3.37e-03  6.93e-01     7s
 396   4.96487501e+05  7.86e-07  2.14e-01  3.37e-03  1.00e+00     7s
 397   4.96487857e+05  7.79e-07  9.72e-03  3.37e-03  1.00e+00     7s
 398   4.96488237e+05  8.99e-07  6.35e-03  3.37e-03  1.00e+00     7s
 399   4.96488726e+05  2.96e-06  1.79e-03  3.37e-03  1.00e+00     8s
 400   4.96489349e+05  6.36e-06  1.62e-03  3.37e-03  1.00e+00     8s
 401   4.96489350e+05  6.36e-06  1.36e+03  3.37e-03  7.63e-06     8s
 402   4.96483327e+05  4.65e-02  4.41e+03  3.38e-03  1.07e-01     8s
 403   4.96491999e+05  3.71e-02  1.59e+01  3.37e-03  1.00e+00     8s
 404   4.96492178e+05  3.70e-02  7.71e+02  3.37e-03  9.83e-04     8s
 405   4.96496264e+05  1.10e-02  1.15e+00  3.38e-03  1.00e+00     8s
 406   4.96501409e+05  2.17e-02  1.21e+00  3.37e-03  1.00e+00     8s
 407   4.96490071e+05  9.11e-02  2.78e+01  3.37e-03  1.00e+00     8s
 408   4.96491290e+05  1.86e-04  2.54e-02  3.37e-03  1.00e+00     8s
 409   4.96484711e+05  7.88e-02  9.05e+02  3.38e-03  4.16e-01     8s
 410   4.96495253e+05  2.90e-01  9.97e+02  3.38e-03  1.00e+00     8s
 411   4.96524427e+05  6.45e-01  2.99e+02  3.37e-03  1.00e+00     8s
 412   4.96533325e+05  4.62e-01  6.92e+02  3.38e-03  5.00e-01     8s
 413   4.96503452e+05  1.05e+00  2.30e+02  3.37e-03  9.45e-01     8s
 414   4.96493610e+05  3.67e-02  4.17e+00  3.37e-03  1.00e+00     8s
 415   4.96490471e+05  1.63e-02  1.05e+00  3.37e-03  1.00e+00     8s
 416   4.96480471e+05  2.80e-01  3.51e+01  3.37e-03  1.00e+00     8s
 417   4.96486402e+05  6.50e-02  5.55e+00  3.37e-03  1.00e+00     8s
 418   4.96489890e+05  8.23e-02  6.85e+02  3.37e-03  2.50e-01     8s
 419   4.96491900e+05  1.41e-03  4.18e-01  3.38e-03  1.00e+00     8s
 420   4.96495328e+05  9.20e-03  2.70e-01  3.37e-03  1.00e+00     8s
 421   4.96504769e+05  1.01e-01  3.20e+00  3.37e-03  1.00e+00     8s
 422   4.96491733e+05  1.51e-01  3.61e+00  3.37e-03  1.00e+00     8s
 423   4.96494123e+05  1.49e-03  2.57e-02  3.37e-03  1.00e+00     8s
 424   4.96495158e+05  9.82e-04  3.16e-02  3.37e-03  1.00e+00     8s
 425   4.96482991e+05  2.71e-01  2.20e+01  3.37e-03  1.00e+00     8s
 426   4.96489393e+05  6.89e-02  5.92e+00  3.37e-03  1.00e+00     8s
 427   4.96495513e+05  7.89e-02  3.27e+02  3.37e-03  5.00e-01     8s
 428   4.96504268e+05  5.60e-02  1.21e+00  3.38e-03  1.00e+00     8s
 429   4.96500229e+05  8.97e-03  2.03e+00  3.37e-03  1.00e+00     8s
 430   4.96491128e+05  1.39e-01  9.56e+00  3.37e-03  1.00e+00     8s
 431   4.96493449e+05  1.87e-03  5.04e-02  3.37e-03  1.00e+00     8s
 432   4.96498276e+05  3.56e-02  1.68e+00  3.37e-03  1.00e+00     8s
 433   4.96498710e+05  3.56e-02  1.02e+03  3.37e-03  7.81e-03     8s
 434   4.96492177e+05  6.67e-02  1.37e+03  3.38e-03  1.83e-01     8s
 435   4.96495163e+05  2.45e-03  1.15e+00  3.37e-03  1.00e+00     8s
 436   4.96501833e+05  3.88e-02  1.16e+00  3.37e-03  1.00e+00     8s
 437   4.96502149e+05  3.87e-02  8.89e+02  3.37e-03  3.91e-03     8s
 438   4.96494993e+05  9.48e-02  3.38e+03  3.38e-03  6.39e-02     8s
 439   4.96498669e+05  9.26e-02  6.73e+02  3.37e-03  1.25e-01     8s
 440   4.96511841e+05  1.44e-06  1.33e+00  3.38e-03  1.00e+00     8s
 441   4.96503270e+05  7.09e-07  4.35e-01  3.38e-03  1.00e+00     8s
 442   4.96499040e+05  5.84e-07  1.32e-01  3.37e-03  1.00e+00     8s
 443   4.96500515e+05  5.82e-07  4.01e-02  3.37e-03  1.00e+00     8s
 444   4.96500715e+05  5.79e-07  2.38e-03  3.37e-03  1.00e+00     8s
 445   4.96500993e+05  2.60e-06  8.49e-04  3.37e-03  1.00e+00     8s
 446   4.96501392e+05  1.76e-05  5.88e-03  3.37e-03  1.00e+00     8s
 447   4.96502065e+05  1.22e-04  2.03e-02  3.37e-03  1.00e+00     9s
 448   4.96503431e+05  9.20e-04  7.15e-02  3.37e-03  1.00e+00     9s
 449   4.96506771e+05  8.26e-03  3.48e-01  3.37e-03  1.00e+00     9s
 450   4.96508895e+05  1.07e-02  2.77e+02  3.37e-03  2.50e-01     9s
 451   4.96505449e+05  2.67e-03  5.18e-01  3.37e-03  1.00e+00     9s
 452   4.96494072e+05  1.17e-01  2.90e+00  3.37e-03  1.00e+00     9s
 453   4.96497110e+05  6.90e-03  2.33e-01  3.37e-03  1.00e+00     9s
 454   4.96498193e+05  7.86e-03  5.23e+02  3.37e-03  1.25e-01     9s
 455   4.96495002e+05  1.02e-02  1.23e+00  3.37e-03  1.00e+00     9s
 456   4.96496100e+05  1.12e-02  8.16e+02  3.37e-03  1.25e-01     9s
 457   4.96494115e+05  8.02e-03  2.02e+00  3.37e-03  1.00e+00     9s
 458   4.96497790e+05  1.71e-02  5.26e-01  3.37e-03  1.00e+00     9s
 459   4.96499884e+05  3.71e-03  1.22e-01  3.37e-03  1.00e+00     9s
 460   4.96502313e+05  9.28e-03  4.46e-01  3.37e-03  1.00e+00     9s
 461   4.96493459e+05  1.20e-01  6.49e+00  3.37e-03  1.00e+00     9s
 462   4.96496380e+05  1.09e-01  9.02e+02  3.37e-03  2.50e-01     9s
 463   4.96497301e+05  3.50e-05  5.59e-02  3.38e-03  1.00e+00     9s
 464   4.96497302e+05  3.50e-05  1.42e+03  3.37e-03  1.53e-05     9s
 465   4.96491593e+05  3.34e-02  6.16e+02  3.38e-03  2.94e-01     9s
 466   4.96498165e+05  1.08e-01  9.77e+01  3.37e-03  5.00e-01     9s
 467   4.96500448e+05  1.25e-03  7.29e-02  3.38e-03  1.00e+00     9s
 468   4.96503014e+05  3.71e-03  1.66e-01  3.37e-03  1.00e+00     9s
 469   4.96503065e+05  3.71e-03  1.28e+03  3.37e-03  1.95e-03     9s
 470   4.96496226e+05  5.93e-02  1.31e+03  3.38e-03  2.73e-01     9s
 471   4.96509002e+05  1.59e-01  1.44e+01  3.37e-03  1.00e+00     9s
 472   4.96504414e+05  8.51e-03  8.07e-01  3.37e-03  1.00e+00     9s
 473   4.96496588e+05  9.87e-02  6.63e+00  3.37e-03  1.00e+00     9s
 474   4.96499489e+05  5.47e-03  1.38e-01  3.37e-03  1.00e+00     9s
 475   4.96499720e+05  5.38e-03  5.04e+02  3.37e-03  3.13e-02     9s
 476   4.96498042e+05  3.37e-03  7.04e-01  3.37e-03  1.00e+00     9s
 477   4.96503349e+05  5.79e-02  5.63e+00  3.37e-03  1.00e+00     9s
 478   4.96489013e+05  3.61e-01  2.66e+01  3.37e-03  1.00e+00     9s
 479   4.96497460e+05  1.27e-01  1.08e+01  3.37e-03  1.00e+00     9s
 480   4.96499941e+05  3.09e-03  8.89e-02  3.38e-03  1.00e+00     9s
 481   4.96506630e+05  4.04e-02  1.20e+00  3.37e-03  1.00e+00     9s
 482   4.96508068e+05  4.01e-02  1.01e+03  3.37e-03  6.25e-02     9s
 483   4.96491630e+05  2.51e-01  1.75e+01  3.37e-03  1.00e+00     9s
 484   4.96499351e+05  2.18e-01  5.98e+02  3.37e-03  5.00e-01     9s
 485   4.96505064e+05  1.51e-02  8.36e-01  3.38e-03  1.00e+00     9s
 486   4.96499406e+05  4.54e-02  4.31e+00  3.37e-03  1.00e+00     9s
 487   4.96502633e+05  4.31e-02  3.71e+02  3.37e-03  5.00e-01     9s
 488   4.96500273e+05  7.57e-03  9.03e-01  3.37e-03  1.00e+00     9s
 489   4.96496205e+05  4.62e-02  6.16e+00  3.37e-03  1.00e+00     9s
 490   4.96500390e+05  3.86e-02  4.84e+00  3.37e-03  1.00e+00     9s
 491   4.96506030e+05  3.21e-02  9.98e-01  3.37e-03  1.00e+00     9s
 492   4.96509141e+05  2.84e-02  3.23e+00  3.37e-03  1.00e+00     9s
 493   4.96498901e+05  1.60e-01  1.00e+01  3.37e-03  1.00e+00     9s
 494   4.96500091e+05  4.49e-04  3.04e-02  3.38e-03  1.00e+00     9s
 495   4.96500531e+05  6.40e-05  7.97e+02  3.37e-03  6.25e-02     9s
 496   4.96498548e+05  5.75e-03  1.61e+00  3.37e-03  1.00e+00     9s
 497   4.96502018e+05  1.84e-02  9.04e-01  3.37e-03  1.00e+00     9s
 498   4.96503368e+05  1.37e-03  4.38e-02  3.37e-03  1.00e+00     9s
 499   4.96506754e+05  2.39e-02  2.21e+00  3.37e-03  1.00e+00    10s
 500   4.96497605e+05  1.40e-01  9.73e+00  3.37e-03  1.00e+00    10s
 501   4.96499839e+05  1.34e-01  9.53e+02  3.37e-03  1.25e-01    10s
 502   4.96500222e+05  1.97e-05  1.58e-01  3.37e-03  1.00e+00    10s
 503   4.96504413e+05  3.14e-02  2.08e+00  3.37e-03  1.00e+00    10s
 504   4.96504485e+05  1.54e-04  1.34e-02  3.37e-03  1.00e+00    10s
 505   4.96498677e+05  6.76e-02  6.33e+00  3.37e-03  1.00e+00    10s
 506   4.96500948e+05  6.21e-02  8.92e+02  3.37e-03  2.50e-01    10s
 507   4.96507098e+05  3.03e-02  2.08e+00  3.38e-03  1.00e+00    10s
 508   4.96501983e+05  2.33e-02  6.75e-01  3.37e-03  1.00e+00    10s
 509   4.96503532e+05  3.90e-03  4.17e-01  3.37e-03  1.00e+00    10s
 510   4.96502703e+05  1.63e-03  1.42e-01  3.37e-03  1.00e+00    10s
 511   4.96506514e+05  2.77e-02  2.63e+00  3.37e-03  1.00e+00    10s
 512   4.96497930e+05  1.29e-01  9.54e+00  3.37e-03  1.00e+00    10s
 513   4.96501224e+05  1.21e-01  8.49e+02  3.37e-03  2.50e-01    10s
 514   4.96501877e+05  8.31e-06  8.96e-03  3.38e-03  1.00e+00    10s
 515   4.96501914e+05  5.26e-06  1.30e+03  3.37e-03  1.95e-03    10s
 516   4.96493187e+05  8.54e-02  1.06e+01  3.37e-03  1.00e+00    10s
 517   4.96501928e+05  7.51e-02  1.42e+00  3.37e-03  1.00e+00    10s
 518   4.96507607e+05  3.30e-02  1.10e+00  3.37e-03  1.00e+00    10s
 519   4.96510682e+05  1.78e-02  8.83e-01  3.37e-03  1.00e+00    10s
 520   4.96500943e+05  1.21e-01  4.28e+00  3.37e-03  1.00e+00    10s
 521   4.96502876e+05  1.49e-03  3.45e-02  3.38e-03  1.00e+00    10s
 522   4.96502888e+05  1.49e-03  1.34e+03  3.37e-03  4.88e-04    10s
 523   4.96493349e+05  8.69e-02  9.81e+00  3.37e-03  1.00e+00    10s
 524   4.96502675e+05  8.60e-02  2.44e+00  3.37e-03  1.00e+00    10s
 525   4.96508270e+05  3.21e-02  1.11e+00  3.37e-03  1.00e+00    10s
 526   4.96508454e+05  3.21e-02  1.41e+03  3.37e-03  3.91e-03    10s
 527   4.96501398e+05  6.17e-02  6.76e+02  3.38e-03  3.19e-01    10s
 528   4.96508438e+05  3.83e-02  3.35e+00  3.37e-03  1.00e+00    10s
 529   4.96508522e+05  3.83e-02  1.51e+03  3.37e-03  9.18e-04    10s
 530   4.96501457e+05  8.13e-02  1.25e+03  3.38e-03  2.22e-01    10s
 531   4.96502135e+05  8.12e-02  6.10e+02  3.37e-03  7.75e-03    10s
 532   4.96511243e+05  4.91e-02  3.23e+00  3.38e-03  1.00e+00    10s
 533   4.96511848e+05  4.74e-02  1.46e+03  3.37e-03  6.25e-02    10s
 534   4.96503253e+05  9.32e-02  6.48e+02  3.38e-03  3.55e-01    10s
 535   4.96505361e+05  9.26e-02  1.79e+02  3.37e-03  6.25e-02    10s
 536   4.96506374e+05  1.51e-03  1.51e-01  3.38e-03  1.00e+00    10s
 537   4.96506602e+05  1.35e-03  1.41e+03  3.37e-03  1.56e-02    10s
 538   4.96496494e+05  9.58e-02  1.18e+01  3.37e-03  1.00e+00    10s
 539   4.96504415e+05  7.25e-02  2.90e+00  3.37e-03  1.00e+00    10s
 540   4.96506964e+05  5.78e-03  2.04e-01  3.37e-03  1.00e+00    10s
 541   4.96507166e+05  5.68e-03  7.15e+02  3.37e-03  3.13e-02    10s
 542   4.96500361e+05  7.14e-02  1.12e+03  3.38e-03  3.21e-01    10s
 543   4.96500791e+05  7.08e-02  3.99e+02  3.37e-03  1.56e-02    10s
 544   4.96502483e+05  6.29e-04  1.32e-01  3.38e-03  1.00e+00    10s
 545   4.96502485e+05  6.29e-04  1.60e+03  3.37e-03  3.05e-05    10s
 546   4.96503012e+05  2.18e-05  1.12e-01  3.38e-03  1.00e+00    10s
 547   4.96503015e+05  2.18e-05  1.34e+03  3.37e-03  2.44e-04    10s
 548   4.96503244e+05  3.38e-05  1.32e-01  3.38e-03  1.00e+00    10s
 549   4.96503298e+05  2.33e-05  5.50e+02  3.37e-03  1.56e-02    10s
 550   4.96505249e+05  3.59e-03  4.97e-01  3.38e-03  1.00e+00    10s
 551   4.96505301e+05  3.59e-03  1.37e+03  3.37e-03  3.91e-03    10s
 552   4.96495410e+05  8.38e-02  9.23e+00  3.37e-03  1.00e+00    11s
 553   4.96500004e+05  6.66e-02  2.62e+02  3.37e-03  5.00e-01    11s
 554   4.96506820e+05  3.91e-02  1.40e-01  3.37e-03  1.00e+00    11s
 555   4.96507483e+05  3.85e-02  8.47e+02  3.37e-03  3.13e-02    11s
 556   4.96499066e+05  5.96e-02  5.23e+00  3.37e-03  1.00e+00    11s
 557   4.96501478e+05  5.27e-02  5.39e+02  3.37e-03  2.50e-01    11s
 558   4.96505383e+05  5.89e-03  4.74e-01  3.38e-03  1.00e+00    11s
 559   4.96505665e+05  5.72e-03  5.22e+02  3.37e-03  6.25e-02    11s
 560   4.96504293e+05  2.26e-03  6.22e-01  3.37e-03  1.00e+00    11s
 561   4.96506079e+05  5.36e-03  1.67e-01  3.37e-03  1.00e+00    11s
 562   4.96506505e+05  5.02e-03  3.07e+02  3.37e-03  1.25e-01    11s
 563   4.96500332e+05  7.22e-02  1.30e+03  3.38e-03  3.21e-01    11s
 564   4.96502071e+05  6.26e-02  6.57e+02  3.37e-03  2.50e-01    11s
 565   4.96504648e+05  2.89e-03  5.25e-01  3.38e-03  1.00e+00    11s
 566   4.96505202e+05  2.83e-03  1.73e+02  3.37e-03  1.25e-01    11s
 567   4.96505226e+05  2.83e-03  8.19e+02  3.37e-03  2.44e-04    11s
 568   4.96506651e+05  1.53e-03  4.70e-01  3.38e-03  1.00e+00    11s
 569   4.96506662e+05  1.53e-03  1.40e+03  3.37e-03  4.88e-04    11s
 570   4.96497341e+05  7.73e-02  9.43e+00  3.37e-03  1.00e+00    11s
 571   4.96501691e+05  6.09e-02  2.28e+02  3.37e-03  5.00e-01    11s
 572   4.96507160e+05  2.33e-02  6.97e-02  3.38e-03  1.00e+00    11s
 573   4.96508369e+05  2.27e-02  5.85e+02  3.37e-03  1.25e-01    11s
 574   4.96503290e+05  2.31e-02  2.31e+00  3.37e-03  1.00e+00    11s
 575   4.96506893e+05  1.33e-02  3.93e-01  3.37e-03  1.00e+00    11s
 576   4.96509164e+05  9.12e-03  8.25e-01  3.37e-03  1.00e+00    11s
 577   4.96503107e+05  6.61e-02  5.10e+00  3.37e-03  1.00e+00    11s
 578   4.96504511e+05  6.21e-02  1.16e+03  3.37e-03  1.25e-01    11s
 579   4.96504748e+05  1.37e-06  1.24e-01  3.37e-03  1.00e+00    11s
 580   4.96504761e+05  1.36e-06  3.54e+02  3.37e-03  3.91e-03    11s
 581   4.96506167e+05  9.68e-04  1.43e-01  3.38e-03  1.00e+00    11s
 582   4.96506201e+05  9.67e-04  1.10e+03  3.37e-03  3.91e-03    11s
 583   4.96501200e+05  2.54e-02  4.14e+00  3.37e-03  1.00e+00    11s
 584   4.96503619e+05  1.96e-02  1.23e+02  3.37e-03  5.00e-01    11s
 585   4.96503685e+05  1.96e-02  1.32e+03  3.37e-03  9.77e-04    11s
 586   4.96497545e+05  4.55e-02  7.16e+00  3.37e-03  1.00e+00    11s
 587   4.96501025e+05  3.50e-02  1.27e+02  3.37e-03  5.00e-01    11s
 588   4.96501363e+05  3.47e-02  1.23e+03  3.37e-03  1.56e-02    11s
 589   4.96502848e+05  4.53e-04  3.18e-01  3.38e-03  1.00e+00    11s
 590   4.96502867e+05  4.52e-04  6.54e+02  3.37e-03  3.91e-03    11s
 591   4.96502881e+05  4.52e-04  1.27e+03  3.37e-03  4.88e-04    11s
 592   4.96504049e+05  9.81e-05  5.98e-02  3.38e-03  1.00e+00    11s
 593   4.96504437e+05  4.95e-04  9.95e+01  3.37e-03  2.50e-01    11s
 594   4.96504442e+05  4.95e-04  1.34e+03  3.37e-03  2.44e-04    11s
 595   4.96504711e+05  1.62e-06  8.02e-02  3.37e-03  1.00e+00    11s
 596   4.96506431e+05  8.65e-03  4.80e-01  3.37e-03  1.00e+00    11s
 597   4.96506499e+05  8.64e-03  1.32e+03  3.37e-03  1.95e-03    11s
 598   4.96498186e+05  6.67e-02  8.14e+00  3.37e-03  1.00e+00    11s
 599   4.96502419e+05  5.03e-02  1.76e+02  3.37e-03  5.00e-01    11s
 600   4.96502465e+05  5.03e-02  1.29e+03  3.37e-03  2.58e-04    11s
 601   4.96503366e+05  1.02e-05  3.36e-02  3.38e-03  1.00e+00    11s
 602   4.96503422e+05  1.00e-05  2.57e+02  3.37e-03  1.56e-02    11s
 603   4.96508439e+05  2.22e-02  1.44e-01  3.38e-03  1.00e+00    12s
 604   4.96509600e+05  2.16e-02  5.78e+02  3.37e-03  1.25e-01    12s
 605   4.96505094e+05  1.75e-02  1.87e+00  3.37e-03  1.00e+00    12s
 606   4.96507116e+05  1.44e-02  1.43e+02  3.37e-03  5.00e-01    12s
 607   4.96507608e+05  1.39e-02  7.03e+02  3.37e-03  6.25e-02    12s
 608   4.96504365e+05  1.47e-02  2.33e+00  3.37e-03  1.00e+00    12s
 609   4.96505678e+05  8.86e-04  4.25e-01  3.37e-03  1.00e+00    12s
 610   4.96506544e+05  1.10e-03  3.61e+02  3.37e-03  2.50e-01    12s
 611   4.96508087e+05  2.21e-03  2.84e-01  3.38e-03  1.00e+00    12s
 612   4.96508116e+05  2.21e-03  1.38e+03  3.37e-03  1.95e-03    12s
 613   4.96499496e+05  6.66e-02  8.10e+00  3.37e-03  1.00e+00    12s
 614   4.96503637e+05  5.05e-02  2.02e+02  3.37e-03  5.00e-01    12s
 615   4.96503660e+05  5.05e-02  1.33e+03  3.37e-03  6.26e-05    12s
 616   4.96504291e+05  4.51e-05  8.86e-02  3.38e-03  1.00e+00    12s
 617   4.96504472e+05  5.20e-06  1.50e+02  3.37e-03  6.25e-02    12s
 618   4.96504483e+05  5.20e-06  1.32e+03  3.37e-03  8.23e-05    12s
 619   4.96504891e+05  2.93e-05  1.14e-01  3.38e-03  1.00e+00    12s
 620   4.96505041e+05  6.25e-06  1.29e+02  3.37e-03  6.25e-02    12s
 621   4.96505042e+05  6.25e-06  1.33e+03  3.37e-03  3.05e-05    12s
 622   4.96506074e+05  7.84e-04  2.28e+02  3.37e-03  1.25e-01    12s
 623   4.96504983e+05  3.51e-03  2.01e+00  3.37e-03  1.00e+00    12s
 624   4.96505991e+05  3.95e-03  1.51e+02  3.37e-03  5.00e-01    12s
 625   4.96506127e+05  3.96e-03  1.41e+03  3.37e-03  7.81e-03    12s
 626   4.96500945e+05  2.75e-02  2.40e+02  3.38e-03  4.71e-01    12s
 627   4.96502833e+05  2.61e-02  5.06e+02  3.37e-03  2.50e-01    12s
 628   4.96503840e+05  2.55e-02  6.96e+02  3.37e-03  6.25e-02    12s
 629   4.96506888e+05  3.81e-03  5.77e-01  3.38e-03  1.00e+00    12s
 630   4.96506935e+05  3.80e-03  1.33e+03  3.37e-03  3.91e-03    12s
 631   4.96507131e+05  2.37e-06  1.29e-02  3.38e-03  1.00e+00    12s
 632   4.96507141e+05  2.63e-06  7.04e+02  3.37e-03  1.95e-03    12s
 633   4.96508400e+05  1.50e-03  4.29e-01  3.38e-03  1.00e+00    12s
 634   4.96508440e+05  1.49e-03  7.64e+02  3.37e-03  7.81e-03    12s
 635   4.96507086e+05  1.57e-03  6.23e-01  3.37e-03  1.00e+00    12s
 636   4.96507185e+05  1.54e-03  3.83e+02  3.37e-03  3.13e-02    12s
 637   4.96508474e+05  1.34e-03  2.23e-01  3.38e-03  1.00e+00    12s
 638   4.96508509e+05  1.34e-03  1.18e+03  3.37e-03  3.91e-03    12s
 639   4.96503208e+05  2.69e-02  4.39e+00  3.37e-03  1.00e+00    12s
 640   4.96505834e+05  2.27e-02  1.64e+02  3.37e-03  5.00e-01    12s
 641   4.96509251e+05  9.39e-03  4.91e-02  3.38e-03  1.00e+00    12s
 642   4.96509666e+05  9.08e-03  4.46e+02  3.37e-03  6.25e-02    12s
 643   4.96508547e+05  1.13e-03  3.24e-01  3.37e-03  1.00e+00    12s
 644   4.96508650e+05  1.12e-03  3.81e+02  3.37e-03  3.13e-02    12s
 645   4.96508529e+05  1.17e-04  1.18e-01  3.37e-03  1.00e+00    12s
 646   4.96508554e+05  1.17e-04  3.85e+02  3.37e-03  7.81e-03    12s
 647   4.96508714e+05  1.57e-06  2.91e-02  3.37e-03  1.00e+00    12s
 648   4.96508745e+05  9.04e-07  4.93e+02  3.37e-03  7.81e-03    12s
 649   4.96508461e+05  1.95e-04  1.75e-01  3.37e-03  1.00e+00    12s
 650   4.96508485e+05  1.95e-04  3.78e+02  3.37e-03  7.81e-03    12s
 651   4.96508987e+05  1.17e-04  5.66e-02  3.38e-03  1.00e+00    12s
 652   4.96508996e+05  1.17e-04  6.41e+02  3.37e-03  1.95e-03    12s
 653   4.96508063e+05  1.13e-03  5.02e-01  3.37e-03  1.00e+00    12s
 654   4.96508145e+05  1.11e-03  2.86e+02  3.37e-03  3.13e-02    13s
 655   4.96509361e+05  1.08e-03  1.40e-01  3.38e-03  1.00e+00    13s
 656   4.96509395e+05  1.08e-03  1.12e+03  3.37e-03  3.91e-03    13s
 657   4.96504635e+05  2.25e-02  3.86e+00  3.37e-03  1.00e+00    13s
 658   4.96506853e+05  1.76e-02  1.20e+02  3.37e-03  5.00e-01    13s
 659   4.96506926e+05  1.76e-02  1.34e+03  3.37e-03  1.95e-03    13s
 660   4.96501731e+05  3.33e-02  6.10e+00  3.37e-03  1.00e+00    13s
 661   4.96504796e+05  2.68e-02  1.24e+02  3.37e-03  5.00e-01    13s
 662   4.96505013e+05  2.67e-02  1.27e+03  3.37e-03  7.81e-03    13s
 663   4.96506066e+05  1.80e-04  1.90e-01  3.38e-03  1.00e+00    13s
 664   4.96506084e+05  1.80e-04  5.29e+02  3.37e-03  3.91e-03    13s
 665   4.96506102e+05  1.80e-04  4.17e+02  3.37e-03  1.95e-03    13s
 666   4.96506114e+05  1.80e-04  7.87e+02  3.37e-03  9.77e-04    13s
 667   4.96513268e+05  4.21e-02  1.88e+00  3.38e-03  1.00e+00    13s
 668   4.96512169e+05  1.16e-03  8.19e-01  3.37e-03  1.00e+00    13s
 669   4.96508287e+05  2.85e-02  2.31e+00  3.37e-03  1.00e+00    13s
 670   4.96509472e+05  2.79e-02  1.03e+03  3.37e-03  1.25e-01    13s
 671   4.96505770e+05  1.61e-02  3.16e+00  3.37e-03  1.00e+00    13s
 672   4.96507089e+05  1.44e-02  2.72e+02  3.37e-03  2.50e-01    13s
 673   4.96510128e+05  6.10e-03  2.22e-01  3.38e-03  1.00e+00    13s
 674   4.96510202e+05  6.09e-03  1.35e+03  3.37e-03  3.91e-03    13s
 675   4.96502323e+05  5.76e-02  7.66e+00  3.37e-03  1.00e+00    13s
 676   4.96506293e+05  4.58e-02  1.89e+02  3.37e-03  5.00e-01    13s
 677   4.96510787e+05  1.51e-02  5.63e-02  3.38e-03  1.00e+00    13s
 678   4.96511733e+05  1.46e-02  4.66e+02  3.37e-03  1.25e-01    13s
 679   4.96509558e+05  4.35e-03  7.43e-01  3.37e-03  1.00e+00    13s
 680   4.96510133e+05  3.81e-03  1.37e+02  3.37e-03  2.50e-01    13s
 681   4.96512212e+05  6.47e-03  5.81e-02  3.37e-03  1.00e+00    13s
 682   4.96509550e+05  1.35e-02  1.09e+00  3.37e-03  1.00e+00    13s
 683   4.96509991e+05  1.30e-02  7.95e+02  3.37e-03  6.25e-02    13s
 684   4.96508010e+05  5.11e-03  1.36e+00  3.37e-03  1.00e+00    13s
 685   4.96508727e+05  4.53e-03  1.48e+02  3.37e-03  2.50e-01    13s
 686   4.96508770e+05  4.53e-03  1.39e+03  3.37e-03  1.95e-03    13s
 687   4.96501288e+05  5.95e-02  8.25e+00  3.37e-03  1.00e+00    13s
 688   4.96509077e+05  5.49e-02  1.06e+00  3.37e-03  1.00e+00    13s
 689   4.96513008e+05  1.69e-02  6.36e-01  3.37e-03  1.00e+00    13s
 690   4.96513670e+05  1.65e-02  6.71e+02  3.37e-03  6.25e-02    13s
 691   4.96507258e+05  6.82e-02  4.34e+03  3.38e-03  9.03e-02    13s
 692   4.96513845e+05  3.46e-02  1.74e+01  3.37e-03  1.00e+00    13s
 693   4.96518748e+05  9.43e-03  5.49e-01  3.38e-03  1.00e+00    13s
 694   4.96519678e+05  9.38e-03  4.99e+02  3.37e-03  6.25e-02    13s
 695   4.96519985e+05  9.38e-03  1.46e+03  3.37e-03  7.81e-03    13s
 696   4.96517549e+05  8.59e-03  6.12e+02  3.38e-03  2.77e-01    13s
 697   4.96507017e+05  1.30e-01  1.20e+01  3.37e-03  1.00e+00    13s
 698   4.96508424e+05  1.26e-01  1.08e+03  3.37e-03  6.25e-02    13s
 699   4.96508834e+05  1.09e-06  7.39e-03  3.38e-03  1.00e+00    13s
 700   4.96508843e+05  1.29e-06  5.69e+02  3.37e-03  1.95e-03    13s
 701   4.96511227e+05  4.30e-03  5.30e-01  3.38e-03  1.00e+00    13s
 702   4.96511343e+05  4.26e-03  9.82e+02  3.37e-03  1.56e-02    13s
 703   4.96507491e+05  1.40e-02  2.65e+00  3.37e-03  1.00e+00    13s
 704   4.96509377e+05  1.18e-02  1.17e+02  3.37e-03  5.00e-01    13s
 705   4.96509460e+05  1.18e-02  1.36e+03  3.37e-03  1.95e-03    13s
 706   4.96502171e+05  5.67e-02  7.95e+00  3.37e-03  1.00e+00    14s
 707   4.96509828e+05  5.51e-02  1.12e+00  3.37e-03  1.00e+00    14s
 708   4.96513979e+05  1.88e-02  6.87e-01  3.37e-03  1.00e+00    14s
 709   4.96515103e+05  1.84e-02  5.36e+02  3.37e-03  1.25e-01    14s
 710   4.96508002e+05  7.88e-02  1.19e+03  3.38e-03  2.88e-01    14s
 711   4.96513577e+05  7.96e-02  1.37e+02  3.37e-03  5.00e-01    14s
 712   4.96524214e+05  8.74e-02  1.96e+00  3.38e-03  1.00e+00    14s
 713   4.96516628e+05  1.74e-02  3.41e+00  3.37e-03  1.00e+00    14s
 714   4.96510492e+05  6.39e-02  4.85e+00  3.37e-03  1.00e+00    14s
 715   4.96511189e+05  6.29e-02  1.25e+03  3.37e-03  3.13e-02    14s
 716   4.96503691e+05  6.03e-02  7.79e+00  3.37e-03  1.00e+00    14s
 717   4.96511276e+05  5.19e-02  1.19e+00  3.37e-03  1.00e+00    14s
 718   4.96513980e+05  7.40e-03  2.73e-01  3.37e-03  1.00e+00    14s
 719   4.96514048e+05  7.39e-03  1.41e+03  3.37e-03  1.95e-03    14s
 720   4.96508397e+05  3.41e-02  2.25e+03  3.38e-03  2.54e-02    14s
 721   4.96512515e+05  2.92e-02  1.30e+02  3.37e-03  5.00e-01    14s
 722   4.96512810e+05  2.91e-02  8.23e+02  3.37e-03  3.91e-03    14s
 723   4.96519488e+05  2.39e-02  1.77e+00  3.38e-03  1.00e+00    14s
 724   4.96520725e+05  2.26e-02  4.39e+02  3.37e-03  1.25e-01    14s
 725   4.96518573e+05  1.48e-03  3.30e-01  3.37e-03  1.00e+00    14s
 726   4.96511171e+05  6.23e-02  1.15e+00  3.37e-03  1.00e+00    14s
 727   4.96512409e+05  6.14e-02  1.21e+03  3.37e-03  6.25e-02    14s
 728   4.96504893e+05  5.55e-02  6.87e+00  3.37e-03  1.00e+00    14s
 729   4.96512483e+05  4.75e-02  8.47e-01  3.37e-03  1.00e+00    14s
 730   4.96513242e+05  4.57e-02  1.27e+03  3.37e-03  6.25e-02    14s
 731   4.96505718e+05  5.34e-02  6.80e+00  3.37e-03  1.00e+00    14s
 732   4.96511812e+05  2.11e-02  2.51e-01  3.37e-03  1.00e+00    14s
 733   4.96513119e+05  1.43e-02  1.79e+02  3.37e-03  5.00e-01    14s
 734   4.96509321e+05  2.58e-02  3.00e+00  3.37e-03  1.00e+00    14s
 735   4.96509884e+05  2.49e-02  1.14e+03  3.37e-03  6.25e-02    14s
 736   4.96516260e+05  3.43e-02  2.95e+00  3.38e-03  1.00e+00    14s
 737   4.96513186e+05  2.15e-03  2.06e-01  3.38e-03  1.00e+00    14s
 738   4.96512057e+05  2.48e-03  1.84e-01  3.37e-03  1.00e+00    14s
 739   4.96512299e+05  2.44e-03  4.29e+02  3.37e-03  6.25e-02    14s
 740   4.96511605e+05  7.91e-04  2.85e-01  3.37e-03  1.00e+00    14s
 741   4.96511740e+05  7.74e-04  1.99e+02  3.37e-03  6.25e-02    14s
 742   4.96511788e+05  7.72e-04  6.27e+02  3.37e-03  7.81e-03    14s
 743   4.96510219e+05  3.82e-03  9.86e-01  3.37e-03  1.00e+00    14s
 744   4.96511959e+05  3.35e-03  6.49e-02  3.37e-03  1.00e+00    14s
 745   4.96512064e+05  3.33e-03  8.03e+02  3.37e-03  1.56e-02    14s
 746   4.96509984e+05  5.23e-03  1.36e+00  3.37e-03  1.00e+00    14s
 747   4.96511344e+05  5.02e-03  9.01e+01  3.37e-03  5.00e-01    14s
 748   4.96511455e+05  5.01e-03  1.39e+03  3.37e-03  7.81e-03    14s
 749   4.96504015e+05  5.68e-02  7.88e+00  3.37e-03  1.00e+00    14s
 750   4.96511695e+05  5.40e-02  1.21e+00  3.37e-03  1.00e+00    14s
 751   4.96515057e+05  1.21e-02  4.57e-01  3.37e-03  1.00e+00    14s
 752   4.96516355e+05  1.19e-02  2.83e+02  3.37e-03  2.50e-01    14s
 753   4.96502351e+05  2.76e-01  1.86e+01  3.37e-03  1.00e+00    14s
 754   4.96510558e+05  1.14e-01  8.92e+00  3.37e-03  1.00e+00    14s
 755   4.96511971e+05  1.13e-01  6.07e+02  3.37e-03  3.13e-02    14s
 756   4.96515717e+05  9.17e-03  7.87e-01  3.38e-03  1.00e+00    14s
 757   4.96515801e+05  9.15e-03  1.50e+03  3.37e-03  3.91e-03    14s
 758   4.96507326e+05  6.14e-02  8.83e+00  3.37e-03  1.00e+00    14s
 759   4.96512935e+05  2.17e-02  2.93e-01  3.38e-03  1.00e+00    14s
 760   4.96514959e+05  8.73e-03  1.15e+00  3.37e-03  1.00e+00    14s
 761   4.96512658e+05  1.03e-02  9.20e-01  3.37e-03  1.00e+00    14s
 762   4.96513078e+05  1.00e-02  7.36e+02  3.37e-03  6.25e-02    15s
 763   4.96510684e+05  7.00e-03  1.51e+00  3.37e-03  1.00e+00    15s
 764   4.96512836e+05  4.24e-03  8.49e-02  3.37e-03  1.00e+00    15s
 765   4.96513029e+05  4.19e-03  7.16e+02  3.37e-03  3.13e-02    15s
 766   4.96511018e+05  4.91e-03  1.19e+00  3.37e-03  1.00e+00    15s
 767   4.96512148e+05  3.95e-03  6.28e+01  3.37e-03  5.00e-01    15s
 768   4.96512283e+05  3.93e-03  9.58e+02  3.37e-03  1.56e-02    15s
 769   4.96509462e+05  1.03e-02  2.40e+00  3.37e-03  1.00e+00    15s
 770   4.96512550e+05  9.37e-03  1.77e-01  3.37e-03  1.00e+00    15s
 771   4.96512716e+05  9.28e-03  1.30e+03  3.37e-03  1.56e-02    15s
 772   4.96506289e+05  4.10e-02  6.09e+00  3.37e-03  1.00e+00    15s
 773   4.96509697e+05  3.29e-02  1.72e+02  3.37e-03  5.00e-01    15s
 774   4.96513652e+05  1.21e-02  5.66e-02  3.38e-03  1.00e+00    15s
 775   4.96514568e+05  1.20e-02  4.62e+02  3.37e-03  1.25e-01    15s
 776   4.96513088e+05  1.94e-03  4.56e-01  3.37e-03  1.00e+00    15s
 777   4.96513263e+05  1.87e-03  2.78e+02  3.37e-03  6.25e-02    15s
 778   4.96509920e+05  2.38e-02  3.99e+00  3.37e-03  1.00e+00    15s
 779   4.96511345e+05  2.25e-02  6.06e+02  3.37e-03  2.50e-01    15s
 780   4.96516871e+05  3.10e-02  1.21e+00  3.38e-03  1.00e+00    15s
 781   4.96517367e+05  2.97e-02  1.10e+03  3.37e-03  6.25e-02    15s
 782   4.96510617e+05  7.61e-02  1.53e+03  3.38e-03  2.17e-01    15s
 783   4.96513060e+05  7.47e-02  3.14e+02  3.37e-03  1.25e-01    15s
 784   4.96517750e+05  7.32e-02  5.08e+02  3.37e-03  2.50e-01    15s
 785   4.96517805e+05  7.32e-02  2.70e+03  3.37e-03  1.99e-04    15s
 786   4.96510039e+05  1.77e-01  9.16e+03  3.38e-03  3.41e-02    15s
 787   4.96514330e+05  1.71e-01  4.01e+03  3.37e-03  1.25e-01    15s
 788   4.96536967e+05  3.38e-06  2.75e+00  3.38e-03  1.00e+00    15s
 789   4.96526054e+05  1.06e-06  8.06e-01  3.38e-03  1.00e+00    15s
 790   4.96511834e+05  1.47e-06  1.11e+01  3.37e-03  5.01e-01    15s
 791   4.96514618e+05  2.40e-07  5.45e-02  3.37e-03  1.00e+00    15s
 792   4.96515622e+05  1.05e-06  2.43e-02  3.37e-03  1.00e+00    15s
 793   4.96515755e+05  7.95e-06  2.52e-03  3.37e-03  1.00e+00    15s
 794   4.96516072e+05  6.18e-05  9.53e-03  3.37e-03  1.00e+00    15s
 795   4.96516923e+05  5.09e-04  3.58e-02  3.37e-03  1.00e+00    15s
 796   4.96517083e+05  4.96e-04  9.76e+01  3.37e-03  6.25e-02    15s
 797   4.96517158e+05  4.96e-04  3.77e+02  3.37e-03  7.81e-03    15s
 798   4.96518373e+05  2.30e-03  3.02e-01  3.38e-03  1.00e+00    15s
 799   4.96518723e+05  2.25e-03  2.23e+02  3.37e-03  6.25e-02    15s
 800   4.96518780e+05  2.25e-03  1.05e+03  3.37e-03  1.95e-03    15s
 801   4.96517603e+05  1.74e-04  5.53e-01  3.37e-03  1.00e+00    15s
 802   4.96517830e+05  1.95e-04  8.96e+01  3.37e-03  1.25e-01    15s
 803   4.96517873e+05  1.96e-04  2.37e+02  3.37e-03  1.56e-02    15s
 804   4.96518659e+05  4.60e-03  1.64e+02  3.37e-03  5.00e-01    15s
 805   4.96511233e+05  2.34e-02  5.11e-01  3.37e-03  1.00e+00    15s
 806   4.96512060e+05  2.34e-02  1.24e+03  3.37e-03  6.25e-02    15s
 807   4.96512330e+05  4.46e-05  1.37e-01  3.38e-03  1.00e+00    15s
 808   4.96512444e+05  1.96e-05  3.77e+02  3.37e-03  3.13e-02    15s
 809   4.96512722e+05  3.50e-05  6.13e+01  3.37e-03  1.25e-01    15s
 810   4.96512725e+05  3.50e-05  1.38e+03  3.37e-03  2.44e-04    16s
 811   4.96506843e+05  4.06e-02  6.97e+00  3.37e-03  1.00e+00    16s
 812   4.96510165e+05  3.28e-02  1.72e+02  3.37e-03  5.00e-01    16s
 813   4.96515216e+05  2.26e-02  1.19e-01  3.37e-03  1.00e+00    16s
 814   4.96516122e+05  2.25e-02  8.27e+02  3.37e-03  6.25e-02    16s
 815   4.96509502e+05  3.74e-02  3.87e+00  3.37e-03  1.00e+00    16s
 816   4.96510751e+05  3.53e-02  8.05e+02  3.37e-03  1.25e-01    16s
 817   4.96516884e+05  2.34e-02  1.52e+00  3.38e-03  1.00e+00    16s
 818   4.96517634e+05  4.96e-03  1.00e+00  3.37e-03  1.00e+00    16s
 819   4.96513114e+05  3.82e-02  3.16e+00  3.37e-03  1.00e+00    16s
 820   4.96513884e+05  3.70e-02  1.29e+03  3.37e-03  6.25e-02    16s
 821   4.96507347e+05  4.46e-02  6.54e+00  3.37e-03  1.00e+00    16s
 822   4.96511178e+05  3.97e-02  2.25e+02  3.37e-03  5.00e-01    16s
 823   4.96516816e+05  2.72e-02  7.09e-02  3.38e-03  1.00e+00    16s
 824   4.96517821e+05  2.54e-02  4.98e+02  3.37e-03  1.25e-01    16s
 825   4.96511417e+05  8.47e-02  5.16e+03  3.38e-03  1.37e-03    16s
 826   4.96520030e+05  6.53e-02  8.24e+02  3.37e-03  1.00e+00    16s
 827   4.96528657e+05  2.36e-02  3.20e+00  3.37e-03  1.00e+00    16s
 828   4.96530255e+05  2.35e-02  3.24e+02  3.37e-03  3.13e-02    16s
 829   4.96522957e+05  1.22e-02  5.37e+00  3.37e-03  4.80e-01    16s
 830   4.96530312e+05  1.85e-06  1.11e+00  3.38e-03  1.00e+00    16s
 831   4.96530312e+05  1.85e-06  2.24e+03  3.37e-03  1.07e-06    16s
 832   4.96519590e+05  3.61e-03  2.49e+00  3.37e-03  1.00e+00    16s
 833   4.96513325e+05  7.97e-02  1.79e+00  3.37e-03  1.00e+00    16s
 834   4.96513368e+05  7.97e-02  1.28e+03  3.37e-03  9.78e-05    16s
 835   4.96506854e+05  4.41e-02  6.45e+00  3.37e-03  1.00e+00    16s
 836   4.96510549e+05  3.61e-02  1.67e+02  3.37e-03  5.00e-01    16s
 837   4.96515915e+05  2.48e-02  1.60e-01  3.37e-03  1.00e+00    16s
 838   4.96516870e+05  2.47e-02  8.25e+02  3.37e-03  6.25e-02    16s
 839   4.96510343e+05  3.65e-02  3.84e+00  3.37e-03  1.00e+00    16s
 840   4.96511613e+05  3.45e-02  8.16e+02  3.37e-03  1.25e-01    16s
 841   4.96516998e+05  1.63e-02  1.30e+00  3.38e-03  1.00e+00    16s
 842   4.96517878e+05  4.79e-03  7.55e-01  3.37e-03  1.00e+00    16s
 843   4.96514507e+05  2.20e-02  1.90e+00  3.37e-03  1.00e+00    16s
 844   4.96515119e+05  2.14e-02  1.12e+03  3.37e-03  6.25e-02    16s
 845   4.96510691e+05  2.15e-02  3.92e+00  3.37e-03  1.00e+00    16s
 846   4.96513096e+05  1.70e-02  1.19e+02  3.37e-03  5.00e-01    16s
 847   4.96513176e+05  1.70e-02  1.37e+03  3.37e-03  1.95e-03    16s
 848   4.96507966e+05  3.31e-02  6.22e+00  3.37e-03  1.00e+00    16s
 849   4.96511080e+05  2.62e-02  1.16e+02  3.37e-03  5.00e-01    16s
 850   4.96511271e+05  2.61e-02  1.31e+03  3.37e-03  7.81e-03    16s
 851   4.96512088e+05  8.10e-05  1.15e-01  3.38e-03  1.00e+00    16s
 852   4.96512105e+05  8.12e-05  4.51e+02  3.37e-03  3.91e-03    16s
 853   4.96512130e+05  8.15e-05  2.81e+02  3.37e-03  3.91e-03    16s
 854   4.96512138e+05  8.16e-05  5.47e+02  3.37e-03  9.77e-04    16s
 855   4.96512161e+05  8.17e-05  2.31e+02  3.37e-03  3.91e-03    16s
 856   4.96521335e+05  1.68e-01  1.25e+01  3.37e-03  1.00e+00    16s
 857   4.96511065e+05  1.94e-01  1.63e+01  3.37e-03  1.00e+00    16s
 858   4.96520702e+05  9.36e-02  2.80e+00  3.37e-03  1.00e+00    16s
 859   4.96521753e+05  9.22e-02  9.79e+02  3.37e-03  3.13e-02    17s
 860   4.96514027e+05  1.17e-01  7.26e+02  3.38e-03  3.30e-01    17s
 861   4.96518873e+05  1.15e-01  4.73e+02  3.37e-03  2.50e-01    17s
 862   4.96518841e+05  8.29e-04  2.02e-01  3.37e-03  1.00e+00    17s
 863   4.96518882e+05  7.96e-04  3.19e+02  3.37e-03  3.13e-02    17s
 864   4.96509234e+05  1.51e-01  1.38e+01  3.37e-03  1.00e+00    17s
 865   4.96515472e+05  8.26e-02  9.16e+00  3.37e-03  1.00e+00    17s
 866   4.96522375e+05  9.32e-02  3.38e+02  3.37e-03  5.00e-01    17s
 867   4.96513748e+05  1.40e-01  5.77e+02  3.38e-03  5.00e-01    17s
 868   4.96516629e+05  1.32e-01  2.70e+02  3.37e-03  1.25e-01    17s
 869   4.96520747e+05  1.07e-02  2.34e-01  3.38e-03  1.00e+00    17s
 870   4.96520859e+05  1.07e-02  1.52e+03  3.37e-03  7.81e-03    17s
 871   4.96514378e+05  4.77e-02  1.89e+03  3.38e-03  1.53e-01    17s
 872   4.96518062e+05  8.09e-03  3.14e+00  3.37e-03  1.00e+00    17s
 873   4.96518506e+05  8.03e-03  5.89e+02  3.37e-03  3.13e-02    17s
 874   4.96520367e+05  2.84e-03  4.78e-01  3.38e-03  1.00e+00    17s
 875   4.96520842e+05  2.74e-03  1.62e+02  3.37e-03  1.25e-01    17s
 876   4.96521045e+05  2.71e-03  3.48e+02  3.37e-03  3.13e-02    17s
 877   4.96504576e+05  3.50e-01  2.64e+01  3.37e-03  1.00e+00    17s
 878   4.96513135e+05  1.28e-01  1.05e+01  3.37e-03  1.00e+00    17s
 879   4.96515413e+05  1.26e-01  5.27e+02  3.37e-03  6.25e-02    17s
 880   4.96523640e+05  5.35e-02  8.85e-01  3.38e-03  1.00e+00    17s
 881   4.96524262e+05  5.14e-02  1.46e+03  3.37e-03  6.25e-02    17s
 882   4.96515815e+05  7.30e-02  3.59e+02  3.38e-03  4.62e-01    17s
 883   4.96521630e+05  2.69e-02  1.72e+00  3.37e-03  1.00e+00    17s
 884   4.96522201e+05  2.46e-02  6.88e+02  3.37e-03  1.25e-01    17s
 885   4.96508201e+05  2.57e-01  2.15e+01  3.37e-03  1.00e+00    17s
 886   4.96517082e+05  1.37e-01  1.08e+01  3.37e-03  1.00e+00    17s
 887   4.96524988e+05  1.33e-01  3.73e+02  3.37e-03  5.00e-01    17s
 888   4.96511482e+05  2.24e-01  1.42e+01  3.37e-03  1.00e+00    17s
 889   4.96519018e+05  4.49e-02  1.14e+00  3.38e-03  1.00e+00    17s
 890   4.96520481e+05  4.29e-02  7.60e+02  3.37e-03  1.25e-01    17s
 891   4.96514088e+05  8.19e-02  2.49e+03  3.38e-03  5.31e-03    17s
 892   4.96517541e+05  5.57e-03  3.55e+00  3.37e-03  1.00e+00    17s
 893   4.96518026e+05  5.55e-03  4.79e+02  3.37e-03  3.13e-02    17s
 894   4.96520117e+05  4.28e-03  5.34e+01  3.37e-03  5.00e-01    17s
 895   4.96520681e+05  4.26e-03  3.44e+02  3.37e-03  6.25e-02    17s
 896   4.96520944e+05  1.94e-03  2.30e-01  3.37e-03  1.00e+00    17s
 897   4.96521281e+05  1.89e-03  1.88e+02  3.37e-03  6.25e-02    17s
 898   4.96521402e+05  1.89e-03  6.58e+02  3.37e-03  7.81e-03    17s
 899   4.96521527e+05  1.88e-03  3.90e+02  3.37e-03  1.56e-02    17s
 900   4.96512040e+05  8.63e-02  9.91e+00  3.37e-03  1.00e+00    17s
 901   4.96515420e+05  6.51e-02  4.14e+02  3.37e-03  5.00e-01    17s
 902   4.96521645e+05  3.90e-02  4.41e-01  3.38e-03  1.00e+00    17s
 903   4.96522905e+05  2.56e-02  2.51e+02  3.37e-03  5.00e-01    17s
 904   4.96513250e+05  1.29e-01  1.01e+01  3.37e-03  1.00e+00    17s
 905   4.96516336e+05  1.16e-01  1.01e+03  3.37e-03  2.50e-01    17s
 906   4.96525028e+05  5.02e-02  2.69e+00  3.38e-03  1.00e+00    17s
 907   4.96518035e+05  4.63e-02  1.64e+00  3.37e-03  1.00e+00    17s
 908   4.96515788e+05  9.12e-03  7.19e-01  3.37e-03  1.00e+00    17s
 909   4.96516326e+05  8.60e-03  4.97e+02  3.37e-03  1.25e-01    17s
 910   4.96517468e+05  1.07e-03  2.78e-01  3.38e-03  1.00e+00    18s
 911   4.96517497e+05  1.06e-03  9.93e+02  3.37e-03  3.91e-03    18s
 912   4.96514518e+05  8.99e-03  2.07e+00  3.37e-03  1.00e+00    18s
 913   4.96516201e+05  8.38e-03  1.30e+02  3.37e-03  5.00e-01    18s
 914   4.96516296e+05  8.36e-03  1.43e+03  3.37e-03  3.91e-03    18s
 915   4.96509466e+05  4.89e-02  7.49e+00  3.37e-03  1.00e+00    18s
 916   4.96513092e+05  3.68e-02  1.44e+02  3.37e-03  5.00e-01    18s
 917   4.96513440e+05  3.65e-02  1.31e+03  3.37e-03  1.56e-02    18s
 918   4.96514223e+05  3.73e-05  7.09e-02  3.38e-03  1.00e+00    18s
 919   4.96514240e+05  3.76e-05  4.17e+02  3.37e-03  3.91e-03    18s
 920   4.96514263e+05  3.80e-05  2.47e+02  3.37e-03  3.91e-03    18s
 921   4.96514263e+05  3.80e-05  1.49e+03  3.37e-03  1.60e-06    18s
 922   4.96514678e+05  1.57e-05  5.09e-02  3.38e-03  1.00e+00    18s
 923   4.96514775e+05  1.24e-06  2.36e+02  3.37e-03  3.13e-02    18s
 924   4.96514802e+05  1.25e-06  1.44e+02  3.37e-03  7.81e-03    18s
 925   4.96514803e+05  1.25e-06  1.42e+03  3.37e-03  1.53e-05    18s
 926   4.96515190e+05  5.00e-06  3.77e-02  3.38e-03  1.00e+00    18s
 927   4.96515238e+05  5.00e-07  2.77e+02  3.37e-03  1.56e-02    18s
 928   4.96515263e+05  5.10e-07  1.34e+02  3.37e-03  7.81e-03    18s
 929   4.96515264e+05  5.10e-07  1.42e+03  3.37e-03  3.05e-05    18s
 930   4.96515266e+05  5.10e-07  1.65e+03  3.37e-03  6.10e-05    18s
 931   4.96512114e+05  2.04e-02  2.39e+01  3.38e-03  1.00e+00    18s
 932   4.96513903e+05  1.70e-03  9.82e-01  3.37e-03  1.00e+00    18s
 933   4.96514598e+05  2.12e-03  1.31e+02  3.37e-03  5.00e-01    18s
 934   4.96514879e+05  2.18e-03  6.88e+02  3.37e-03  6.25e-02    18s
 935   4.96516036e+05  3.17e-03  1.87e+02  3.37e-03  2.50e-01    18s
 936   4.96516047e+05  3.17e-03  1.49e+03  3.37e-03  9.68e-05    18s
 937   4.96511014e+05  2.52e-02  4.71e+02  3.38e-03  3.03e-01    18s
 938   4.96511547e+05  2.42e-02  1.07e+03  3.37e-03  6.25e-02    18s
 939   4.96514215e+05  2.50e-03  7.22e-01  3.38e-03  1.00e+00    18s
 940   4.96514242e+05  2.50e-03  1.35e+03  3.37e-03  3.91e-03    18s
 941   4.96516008e+05  2.08e-03  1.01e+00  3.38e-03  1.00e+00    18s
 942   4.96516012e+05  2.08e-03  1.63e+03  3.37e-03  6.10e-05    18s
 943   4.96516925e+05  7.69e-04  8.29e-01  3.38e-03  1.00e+00    18s
 944   4.96516927e+05  7.69e-04  1.50e+03  3.37e-03  3.05e-05    18s
 945   4.96517211e+05  1.11e-04  3.19e-01  3.38e-03  1.00e+00    18s
 946   4.96517213e+05  1.11e-04  1.46e+03  3.37e-03  2.44e-04    18s
 947   4.96517256e+05  5.52e-06  7.60e-02  3.38e-03  1.00e+00    18s
 948   4.96517260e+05  5.51e-06  8.37e+02  3.37e-03  9.77e-04    18s
 949   4.96517290e+05  5.43e-06  1.23e+02  3.37e-03  1.56e-02    18s
 950   4.96517292e+05  5.43e-06  1.40e+03  3.37e-03  2.44e-04    18s
 951   4.96515883e+05  1.25e-03  8.25e-01  3.37e-03  1.00e+00    18s
 952   4.96515941e+05  1.24e-03  5.80e+02  3.37e-03  1.56e-02    18s
 953   4.96516144e+05  1.21e-03  1.54e+02  3.37e-03  6.25e-02    18s
 954   4.96516161e+05  1.21e-03  1.50e+03  3.37e-03  9.77e-04    18s
 955   4.96516472e+05  6.34e-06  5.20e-02  3.38e-03  1.00e+00    18s
 956   4.96516478e+05  6.46e-06  5.89e+02  3.37e-03  1.95e-03    18s
 957   4.96516504e+05  7.18e-06  1.74e+02  3.37e-03  7.81e-03    18s
 958   4.96516505e+05  7.18e-06  1.50e+03  3.37e-03  6.10e-05    19s
 959   4.96516702e+05  7.57e-07  6.33e-03  3.38e-03  1.00e+00    19s
 960   4.96516713e+05  4.83e-07  5.06e+02  3.37e-03  3.91e-03    19s
 961   4.96516755e+05  1.76e-06  1.47e+02  3.37e-03  1.56e-02    19s
 962   4.96516756e+05  1.76e-06  1.49e+03  3.37e-03  3.05e-05    19s
 963   4.96516945e+05  4.75e-07  9.37e-03  3.38e-03  1.00e+00    19s
 964   4.96516955e+05  4.73e-07  5.14e+02  3.37e-03  3.91e-03    19s
 965   4.96516975e+05  8.13e-07  1.43e+02  3.37e-03  7.81e-03    19s
 966   4.96516977e+05  8.17e-07  1.50e+03  3.37e-03  6.10e-05    19s
 967   4.96517139e+05  4.76e-07  2.20e-03  3.38e-03  1.00e+00    19s
 968   4.96517149e+05  4.75e-07  4.97e+02  3.37e-03  3.91e-03    19s
 969   4.96517168e+05  5.32e-07  1.37e+02  3.37e-03  7.81e-03    19s
 970   4.96517169e+05  5.36e-07  1.49e+03  3.37e-03  6.10e-05    19s
 971   4.96517318e+05  4.75e-07  2.97e-03  3.38e-03  1.00e+00    19s
 972   4.96517328e+05  4.74e-07  4.89e+02  3.37e-03  3.91e-03    19s
 973   4.96517346e+05  5.69e-07  1.33e+02  3.37e-03  7.81e-03    19s
 974   4.96517347e+05  5.72e-07  1.49e+03  3.37e-03  6.10e-05    19s
 975   4.96517360e+05  7.37e-07  2.82e+02  3.37e-03  1.95e-03    19s
 976   4.96517044e+05  9.37e-05  1.44e-01  3.37e-03  1.00e+00    19s
 977   4.96517148e+05  1.13e-04  4.59e+02  3.37e-03  3.13e-02    19s
 978   4.96517719e+05  4.34e-04  8.96e+01  3.37e-03  2.50e-01    19s
 979   4.96517730e+05  4.34e-04  1.47e+03  3.37e-03  4.88e-04    19s
 980   4.96510882e+05  4.43e-02  6.74e+00  3.37e-03  1.00e+00    19s
 981   4.96514724e+05  3.96e-02  2.54e+02  3.37e-03  5.00e-01    19s
 982   4.96518091e+05  3.07e-02  1.50e+02  3.37e-03  5.00e-01    19s
 983   4.96518458e+05  3.06e-02  9.42e+02  3.37e-03  7.81e-03    19s
 984   4.96520541e+05  2.22e-03  6.52e-01  3.38e-03  1.00e+00    19s
 985   4.96520666e+05  1.79e-03  1.65e+02  3.37e-03  2.50e-01    19s
 986   4.96520820e+05  1.65e-03  2.12e+02  3.37e-03  1.25e-01    19s
 987   4.96518399e+05  7.98e-03  9.39e-01  3.37e-03  1.00e+00    19s
 988   4.96518611e+05  7.83e-03  8.56e+02  3.37e-03  3.13e-02    19s
 989   4.96518248e+05  2.94e-04  4.12e-01  3.37e-03  1.00e+00    19s
 990   4.96518277e+05  2.93e-04  4.53e+02  3.37e-03  7.81e-03    19s
 991   4.96518609e+05  3.14e-04  4.12e+01  3.37e-03  2.50e-01    19s
 992   4.96518618e+05  3.14e-04  1.14e+03  3.37e-03  9.77e-04    19s
 993   4.96516448e+05  5.72e-03  1.94e+00  3.37e-03  1.00e+00    19s
 994   4.96516934e+05  5.37e-03  2.98e+02  3.37e-03  1.25e-01    19s
 995   4.96518372e+05  4.43e-03  5.68e+01  3.37e-03  5.00e-01    19s
 996   4.96518418e+05  4.42e-03  1.43e+03  3.37e-03  1.95e-03    19s
 997   4.96512889e+05  3.15e-02  5.83e+00  3.37e-03  1.00e+00    19s
 998   4.96516249e+05  3.01e-02  2.16e+02  3.37e-03  5.00e-01    19s
 999   4.96521848e+05  2.90e-02  1.11e-01  3.37e-03  1.00e+00    19s
1000   4.96523318e+05  2.88e-02  7.40e+02  3.37e-03  1.25e-01    19s

NL barrier performed 1000 iterations in 19.35 seconds (25.25 work units)
Iteration limit reached

User-callback calls 9232, time in user-callback 0.01 sec
