
Gurobi 13.0.3 (win64) logging started Mon Sep 21 03:38:19 2026

Set parameter LogFile to value "<workspace>tmp\r9-flow-probe-vf-vt-local-v3\solver-local.log"

Gurobi 13.0.3 (win64) logging started Mon Sep 21 03:38:19 2026

Set parameter LogFile to value "<workspace>tmp\r9-flow-probe-vf-vt-local-v3\solver-local.log"
Set parameter TimeLimit to value 9.0889376099978108e+01
Gurobi Optimizer version 13.0.3 build v13.0.3rc0 (win64 - Windows 11+.0 (26200.2))

CPU model: 12th Gen Intel(R) Core(TM) i7-12700, instruction set [SSE2|AVX|AVX2]
Thread count: 12 physical cores, 20 logical processors, using up to 1 threads

Non-default parameters:
TimeLimit  9.0889376099978108e+01
FeasibilityTol  1e-09
OptimalityTol  1e-09
NLBarPFeasTol  1e-09
NLBarDFeasTol  1e-09
OptimalityTarget  1
LogToConsole  0
NonConvex  2
Threads  1

Optimize a model with 21183 rows, 32808 columns and 52239 nonzeros (Min)
Model fingerprint: 0x5c9b11e5
Model has 120 linear objective coefficients
Model has 9864 quadratic constraints
Model has 1776 general nonlinear constraints (3552 nonlinear terms)
Variable types: 32808 continuous, 0 integer (0 binary)
Coefficient statistics:
  Matrix range     [1e-05, 3e+01]
  QMatrix range    [5e-02, 2e+02]
  QLMatrix range   [2e-01, 1e+00]
  Objective range  [5e+01, 1e+03]
  Bounds range     [1e-03, 5e+03]
  RHS range        [5e-03, 4e+02]
  QRHS range       [1e+00, 6e+01]
  NLCon coe range  [8e-04, 3e+02]

Presolve removed 16493 rows and 15102 columns
Presolve time: 0.11s
Presolved: 4690 rows, 17706 columns, 15715 nonzeros
Presolved model has 10657 quadratic constraint(s)
Presolved model has 1776 nonlinear constraint(s)

Solving NLP to local optimality

Loaded warm-start solution
Ordering time: 0.02s

NL barrier statistics:
  Hessian NZ  : 2.171e+04
  Jacobian NZ : 5.510e+04
  Factor NZ   : 4.942e+05
  Factor Ops  : 1.878e+07
  Threads     : 1

                           Residuals
Iter     Objective      Primal     Dual      Compl     Step     Time
   0   5.08115433e+05  1.00e+01  2.00e+03  2.35e+02  0.00e+00     0s
   1   5.08172721e+05  9.46e+00  1.36e+03  1.62e+02  5.55e-02     0s
   2   5.13020300e+05  3.60e+00  1.10e+03  1.28e+02  6.20e-01     0s
   3   5.26798117e+05  2.60e-01  7.20e+02  8.26e+01  9.28e-01     0s
   4   5.36478214e+05  1.14e-02  4.79e+02  5.50e+01  9.89e-01     0s
   5   5.38909803e+05  1.56e-03  2.53e+02  2.43e+01  8.85e-01     0s
   6   5.39079341e+05  4.29e-03  7.61e+01  5.41e+00  7.50e-01     0s
   7   5.39086558e+05  4.27e-03  2.66e+02  1.03e+00  3.13e-02     0s
   8   5.39086598e+05  4.27e-03  2.54e+03  1.05e+00  4.88e-04     0s
   9   5.39086581e+05  4.27e-03  2.51e+03  1.07e+00  4.88e-04     0s
  10   5.39086564e+05  4.27e-03  2.80e+03  1.09e+00  4.88e-04     0s
  11   5.38957674e+05  3.65e+00  2.35e+02  9.91e-01  1.00e+00     0s
  12   5.38932646e+05  7.74e-03  2.50e+01  1.00e+00  1.00e+00     0s
  13   5.38877986e+05  6.64e-05  1.96e+00  9.99e-01  1.00e+00     0s
  14   5.38832791e+05  2.96e-05  7.55e-01  1.00e+00  1.00e+00     0s
  15   5.38790731e+05  2.76e-05  5.06e-01  1.00e+00  1.00e+00     0s
  16   5.38751739e+05  2.60e-05  3.54e-01  1.00e+00  1.00e+00     0s
  17   5.38715464e+05  2.47e-05  2.81e-01  1.00e+00  1.00e+00     0s
  18   5.38681646e+05  2.35e-05  2.31e-01  1.00e+00  1.00e+00     0s
  19   5.38650050e+05  2.25e-05  1.93e-01  1.00e+00  1.00e+00     0s
  20   5.38620465e+05  2.16e-05  1.64e-01  1.00e+00  1.00e+00     0s
  21   5.38592702e+05  2.08e-05  1.40e-01  1.00e+00  1.00e+00     0s
  22   5.38566594e+05  2.01e-05  1.22e-01  1.00e+00  1.00e+00     0s
  23   5.38541991e+05  1.95e-05  1.07e-01  1.00e+00  1.00e+00     1s
  24   5.38518762e+05  1.89e-05  9.40e-02  1.00e+00  1.00e+00     1s
  25   5.38359060e+05  2.72e-04  2.59e+02  3.44e-01  6.25e-02     1s
  26   5.37804769e+05  4.58e-04  3.91e+02  2.10e-01  6.25e-02     1s
  27   5.37480944e+05  4.47e-04  1.08e+03  2.09e-01  2.45e-02     1s
  28   5.37300173e+05  4.40e-04  1.34e+03  2.08e-01  1.56e-02     1s
  29   5.37124959e+05  4.34e-04  1.35e+03  2.07e-01  1.56e-02     1s
  30   5.36956465e+05  4.28e-04  1.40e+03  2.07e-01  1.56e-02     1s
  31   5.26476639e+05  2.23e-01  7.42e+00  1.50e-01  1.00e+00     1s
  32   5.26147373e+05  3.25e-03  3.21e+00  1.50e-01  1.00e+00     1s
  33   5.26289431e+05  6.18e-04  1.13e+00  1.50e-01  1.00e+00     1s
  34   5.26396486e+05  7.85e-05  1.55e-01  1.50e-01  1.00e+00     1s
  35   5.26489325e+05  4.53e-05  1.18e-01  1.50e-01  1.00e+00     1s
  36   5.26566514e+05  3.36e-05  9.91e-02  1.50e-01  1.00e+00     1s
  37   5.26632561e+05  3.07e-05  9.08e-02  1.50e-01  1.00e+00     1s
  38   5.26689389e+05  2.76e-05  8.31e-02  1.50e-01  1.00e+00     1s
  39   5.26738665e+05  2.45e-05  7.61e-02  1.50e-01  1.00e+00     1s
  40   5.26781703e+05  2.16e-05  6.97e-02  1.50e-01  1.00e+00     1s
  41   5.26819576e+05  1.89e-05  6.39e-02  1.50e-01  1.00e+00     1s
  42   5.26853157e+05  1.64e-05  5.85e-02  1.50e-01  1.00e+00     1s
  43   5.26883159e+05  1.42e-05  5.37e-02  1.50e-01  1.00e+00     1s
  44   5.26910161e+05  1.23e-05  4.92e-02  1.50e-01  1.00e+00     1s
  45   5.26934631e+05  1.06e-05  4.51e-02  1.50e-01  1.00e+00     1s
  46   5.26956953e+05  9.12e-06  4.14e-02  1.50e-01  1.00e+00     1s
  47   5.26977435e+05  7.84e-06  3.80e-02  1.50e-01  1.00e+00     1s
  48   5.26996331e+05  6.72e-06  3.49e-02  1.50e-01  1.00e+00     1s
  49   5.27013850e+05  5.76e-06  3.20e-02  1.50e-01  1.00e+00     1s
  50   5.27030164e+05  5.49e-06  3.00e-02  1.50e-01  1.00e+00     1s
  51   5.27045417e+05  5.37e-06  2.90e-02  1.50e-01  1.00e+00     1s
  52   5.27059729e+05  5.25e-06  2.81e-02  1.50e-01  1.00e+00     1s
  53   5.27073204e+05  5.12e-06  2.72e-02  1.50e-01  1.00e+00     1s
  54   5.27085929e+05  4.98e-06  2.63e-02  1.50e-01  1.00e+00     1s
  55   5.27097978e+05  4.85e-06  2.55e-02  1.50e-01  1.00e+00     1s
  56   5.27109418e+05  4.71e-06  2.47e-02  1.50e-01  1.00e+00     1s
  57   5.27120304e+05  4.57e-06  2.39e-02  1.50e-01  1.00e+00     1s
  58   5.27130687e+05  4.42e-06  2.31e-02  1.50e-01  1.00e+00     1s
  59   5.27140609e+05  4.28e-06  2.24e-02  1.50e-01  1.00e+00     1s
  60   5.27150109e+05  4.14e-06  2.17e-02  1.50e-01  1.00e+00     1s
  61   5.27159221e+05  4.00e-06  2.10e-02  1.50e-01  1.00e+00     1s
  62   5.27167976e+05  3.87e-06  2.03e-02  1.50e-01  1.00e+00     1s
  63   5.27176399e+05  3.73e-06  1.97e-02  1.50e-01  1.00e+00     1s
  64   5.27184516e+05  3.60e-06  1.91e-02  1.50e-01  1.00e+00     1s
  65   5.27192348e+05  3.48e-06  1.85e-02  1.50e-01  1.00e+00     1s
  66   5.27199915e+05  3.42e-06  1.79e-02  1.50e-01  1.00e+00     1s
  67   5.27207233e+05  3.37e-06  1.74e-02  1.50e-01  1.00e+00     1s
  68   5.27214320e+05  3.32e-06  1.68e-02  1.50e-01  1.00e+00     1s
  69   5.27221188e+05  3.27e-06  1.63e-02  1.50e-01  1.00e+00     1s
  70   5.27227853e+05  3.22e-06  1.58e-02  1.50e-01  1.00e+00     1s
  71   5.27234324e+05  3.17e-06  1.53e-02  1.50e-01  1.00e+00     1s
  72   5.27240614e+05  3.12e-06  1.49e-02  1.50e-01  1.00e+00     1s
  73   5.27246733e+05  3.08e-06  1.44e-02  1.50e-01  1.00e+00     1s
  74   5.27252689e+05  3.04e-06  1.40e-02  1.50e-01  1.00e+00     1s
  75   5.27238739e+05  3.04e-06  1.31e+03  6.72e-02  1.57e-03     1s
  76   5.27235150e+05  3.04e-06  4.43e+03  3.41e-02  2.38e-04     1s
  77   5.27234233e+05  3.04e-06  7.56e+03  3.46e-02  4.47e-05     1s
  78   5.27233329e+05  3.04e-06  8.77e+03  3.46e-02  4.70e-05     1s
  79   5.12015953e+05  5.68e+00  1.64e+03  2.48e-02  8.17e-01     1s
  80   5.09558769e+05  2.84e+00  2.02e+03  2.35e-02  5.53e-01     1s
  81   5.09218699e+05  6.88e-03  1.25e+03  2.26e-02  1.00e+00     1s
  82   5.09138875e+05  8.49e-06  6.10e-01  2.25e-02  1.00e+00     1s
  83   5.08941730e+05  8.16e-06  1.05e+00  2.25e-02  1.00e+00     1s
  84   5.08880317e+05  7.77e-06  1.25e+00  2.25e-02  1.00e+00     2s
  85   5.08704906e+05  9.13e-06  3.08e+00  2.25e-02  1.00e+00     2s
  86   5.08645569e+05  6.86e-06  2.81e+00  2.25e-02  1.00e+00     2s
  87   5.08454230e+05  3.00e-05  3.53e+01  2.25e-02  1.00e+00     2s
  88   5.08244134e+05  3.11e-05  3.99e+01  2.25e-02  1.00e+00     2s
  89   5.08052397e+05  4.57e-05  3.23e+01  2.25e-02  3.65e-01     2s
  90   5.07942892e+05  1.98e-05  1.10e+01  2.25e-02  6.73e-01     2s
  91   5.07877065e+05  4.32e-05  3.99e+02  2.25e-02  2.75e-02     2s
  92   5.07846681e+05  1.90e-05  5.12e-01  2.25e-02  1.00e+00     2s
  93   5.07847228e+05  3.22e-05  1.22e-01  2.25e-02  1.00e+00     2s
  94   5.07856515e+05  1.56e-04  1.44e-01  2.25e-02  1.00e+00     2s
  95   5.07871714e+05  1.23e-03  4.86e-01  2.25e-02  1.00e+00     2s
  96   5.07883519e+05  1.07e-02  1.96e+00  2.25e-02  1.00e+00     2s
  97   5.07878185e+05  1.12e-01  1.25e+01  2.25e-02  1.00e+00     2s
  98   5.07835305e+05  6.67e-01  7.89e+01  2.25e-02  1.00e+00     2s
  99   5.07617908e+05  2.36e+00  2.30e+03  2.25e-02  3.13e-01     2s
 100   5.07464469e+05  5.59e-01  3.80e+02  2.25e-02  1.00e+00     2s
 101   5.07338976e+05  1.90e+00  5.12e+03  2.25e-02  2.89e-01     2s
 102   5.07360969e+05  9.15e-03  1.30e+01  2.25e-02  1.00e+00     2s
 103   5.07353117e+05  1.88e-01  6.03e+00  2.25e-02  1.00e+00     2s
 104   5.07315714e+05  6.17e-01  3.10e+03  2.25e-02  9.22e-02     2s
 105   5.07266015e+05  9.43e-01  6.82e+02  2.25e-02  8.04e-01     2s
 106   5.07261596e+05  6.77e-01  2.10e+03  2.25e-02  4.67e-01     2s
 107   5.07301683e+05  1.09e-01  2.15e+01  2.25e-02  1.00e+00     2s
 108   5.07321347e+05  1.82e-03  1.98e-01  2.25e-02  1.00e+00     2s
 109   5.07337286e+05  7.69e-05  3.28e-02  2.25e-02  1.00e+00     2s
 110   5.07352492e+05  6.93e-05  3.09e-02  2.25e-02  1.00e+00     2s
 111   5.07367085e+05  6.29e-05  2.92e-02  2.25e-02  1.00e+00     2s
 112   5.07381108e+05  5.73e-05  2.76e-02  2.25e-02  1.00e+00     2s
 113   5.07394599e+05  5.22e-05  2.62e-02  2.25e-02  1.00e+00     2s
 114   5.07407595e+05  4.77e-05  2.48e-02  2.25e-02  1.00e+00     2s
 115   5.07420128e+05  4.37e-05  2.35e-02  2.25e-02  1.00e+00     2s
 116   5.07432227e+05  4.00e-05  2.23e-02  2.25e-02  1.00e+00     2s
 117   5.07443920e+05  3.67e-05  2.12e-02  2.25e-02  1.00e+00     2s
 118   5.07455231e+05  3.38e-05  2.02e-02  2.25e-02  1.00e+00     2s
 119   5.07466182e+05  3.11e-05  1.92e-02  2.25e-02  1.00e+00     2s
 120   5.07476793e+05  2.86e-05  1.83e-02  2.25e-02  1.00e+00     2s
 121   5.07487083e+05  2.63e-05  1.74e-02  2.25e-02  1.00e+00     2s
 122   5.07497068e+05  2.43e-05  1.70e-02  2.25e-02  1.00e+00     2s
 123   5.07506763e+05  2.24e-05  1.67e-02  2.25e-02  1.00e+00     2s
 124   5.07516183e+05  2.06e-05  1.64e-02  2.25e-02  1.00e+00     2s
 125   5.07525340e+05  1.90e-05  1.60e-02  2.25e-02  1.00e+00     2s
 126   5.07534248e+05  1.82e-05  1.56e-02  2.25e-02  1.00e+00     2s
 127   5.07542917e+05  1.76e-05  1.53e-02  2.25e-02  1.00e+00     2s
 128   5.07551358e+05  1.69e-05  1.49e-02  2.25e-02  1.00e+00     2s
 129   5.07559582e+05  1.63e-05  1.45e-02  2.25e-02  1.00e+00     2s
 130   5.07567598e+05  1.57e-05  1.41e-02  2.25e-02  1.00e+00     2s
 131   5.07575415e+05  1.50e-05  1.37e-02  2.25e-02  1.00e+00     2s
 132   5.07583043e+05  1.44e-05  1.33e-02  2.25e-02  1.00e+00     2s
 133   5.07590488e+05  1.38e-05  1.29e-02  2.25e-02  1.00e+00     2s
 134   5.07597758e+05  1.31e-05  1.25e-02  2.25e-02  1.00e+00     2s
 135   5.07604862e+05  1.26e-05  1.22e-02  2.25e-02  1.00e+00     2s
 136   5.07611805e+05  1.20e-05  1.18e-02  2.25e-02  1.00e+00     2s
 137   5.07618594e+05  1.14e-05  1.15e-02  2.25e-02  1.00e+00     2s
 138   5.07625236e+05  1.09e-05  1.11e-02  2.25e-02  1.00e+00     2s
 139   5.07631736e+05  1.04e-05  1.08e-02  2.25e-02  1.00e+00     2s
 140   5.07638099e+05  9.98e-06  1.05e-02  2.25e-02  1.00e+00     2s
 141   5.07644331e+05  9.55e-06  1.02e-02  2.25e-02  1.00e+00     2s
 142   5.07650436e+05  9.13e-06  9.92e-03  2.25e-02  1.00e+00     3s
 143   5.07656419e+05  8.74e-06  9.65e-03  2.25e-02  1.00e+00     3s
 144   5.07662285e+05  8.37e-06  9.39e-03  2.25e-02  1.00e+00     3s
 145   5.07668037e+05  8.02e-06  9.14e-03  2.25e-02  1.00e+00     3s
 146   5.07673678e+05  7.68e-06  8.89e-03  2.25e-02  1.00e+00     3s
 147   5.07679214e+05  7.36e-06  8.66e-03  2.25e-02  1.00e+00     3s
 148   5.07684647e+05  7.05e-06  8.43e-03  2.25e-02  1.00e+00     3s
 149   5.07689979e+05  6.75e-06  8.21e-03  2.25e-02  1.00e+00     3s
 150   5.07695215e+05  6.45e-06  7.99e-03  2.25e-02  1.00e+00     3s
 151   5.07700357e+05  6.17e-06  7.77e-03  2.25e-02  1.00e+00     3s
 152   5.07705408e+05  5.90e-06  7.56e-03  2.25e-02  1.00e+00     3s
 153   5.07710371e+05  5.63e-06  7.35e-03  2.25e-02  1.00e+00     3s
 154   5.07715247e+05  5.37e-06  7.14e-03  2.25e-02  1.00e+00     3s
 155   5.07720040e+05  5.11e-06  6.94e-03  2.25e-02  1.00e+00     3s
 156   5.07724751e+05  4.86e-06  6.73e-03  2.25e-02  1.00e+00     3s
 157   5.07729383e+05  4.61e-06  6.53e-03  2.25e-02  1.00e+00     3s
 158   5.07733938e+05  4.37e-06  6.33e-03  2.25e-02  1.00e+00     3s
 159   5.07738418e+05  4.13e-06  6.13e-03  2.25e-02  1.00e+00     3s
 160   5.07742825e+05  3.90e-06  5.93e-03  2.25e-02  1.00e+00     3s
 161   5.07747160e+05  3.68e-06  5.73e-03  2.25e-02  1.00e+00     3s
 162   5.07751426e+05  3.46e-06  5.53e-03  2.25e-02  1.00e+00     3s
 163   5.07755624e+05  3.24e-06  5.34e-03  2.25e-02  1.00e+00     3s
 164   5.07759757e+05  3.04e-06  5.14e-03  2.25e-02  1.00e+00     3s
 165   5.07763824e+05  2.84e-06  4.95e-03  2.25e-02  1.00e+00     3s
 166   5.07767829e+05  2.65e-06  4.76e-03  2.25e-02  1.00e+00     3s
 167   5.07771773e+05  2.46e-06  4.58e-03  2.25e-02  1.00e+00     3s
 168   5.07775657e+05  2.29e-06  4.39e-03  2.25e-02  1.00e+00     3s
 169   5.07779483e+05  2.12e-06  4.21e-03  2.25e-02  1.00e+00     3s
 170   5.07783252e+05  1.96e-06  4.04e-03  2.25e-02  1.00e+00     3s
 171   5.07786965e+05  1.81e-06  3.87e-03  2.25e-02  1.00e+00     3s
 172   5.07790625e+05  1.67e-06  3.70e-03  2.25e-02  1.00e+00     3s
 173   5.07794231e+05  1.53e-06  3.54e-03  2.25e-02  1.00e+00     3s
 174   5.07797786e+05  1.40e-06  3.38e-03  2.25e-02  1.00e+00     3s
 175   5.07801290e+05  1.29e-06  3.22e-03  2.25e-02  1.00e+00     3s
 176   5.07804745e+05  1.18e-06  3.07e-03  2.25e-02  1.00e+00     3s
 177   5.07808152e+05  1.07e-06  2.93e-03  2.25e-02  1.00e+00     3s
 178   5.07811511e+05  9.77e-07  2.79e-03  2.25e-02  1.00e+00     3s
 179   5.07814825e+05  9.66e-07  2.65e-03  2.25e-02  1.00e+00     3s
 180   5.07818094e+05  9.57e-07  2.53e-03  2.25e-02  1.00e+00     3s
 181   5.07821319e+05  9.49e-07  2.40e-03  2.25e-02  1.00e+00     3s
 182   5.07824502e+05  9.40e-07  2.28e-03  2.25e-02  1.00e+00     3s
 183   5.07827642e+05  9.34e-07  2.17e-03  2.25e-02  1.00e+00     3s
 184   5.07830741e+05  9.29e-07  2.06e-03  2.25e-02  1.00e+00     3s
 185   5.05393953e+05  7.60e-01  2.29e+03  1.19e-02  3.09e-01     3s
 186   5.01770750e+05  4.30e+00  2.22e+03  7.56e-03  4.57e-01     3s
 187   4.99894427e+05  2.37e+00  1.66e+03  6.62e-03  4.62e-01     3s
 188   4.99554558e+05  2.21e+00  1.12e+04  4.51e-03  9.58e-02     3s
 189   4.99374255e+05  2.09e+00  1.08e+04  4.19e-03  5.65e-02     3s
 190   4.99159770e+05  1.95e+00  1.43e+04  3.83e-03  7.19e-02     3s
 191   4.98911628e+05  1.78e+00  1.30e+04  3.78e-03  9.15e-02     3s
 192   4.98665200e+05  1.61e+00  1.13e+04  3.74e-03  1.00e-01     3s
 193   4.97123457e+05  1.00e+00  2.02e+03  3.39e-03  1.00e+00     3s
 194   4.96617591e+05  1.23e+00  3.09e+03  3.38e-03  6.51e-01     3s
 195   4.96430894e+05  3.07e-01  3.74e+01  3.37e-03  1.00e+00     3s
 196   4.96418865e+05  3.77e-02  1.49e+00  3.37e-03  1.00e+00     3s
 197   4.96407191e+05  1.30e-02  1.43e+01  3.37e-03  6.55e-01     3s
 198   4.96402445e+05  3.87e-02  4.08e+01  3.37e-03  1.00e+00     3s
 199   4.96386625e+05  4.83e-02  1.01e+03  3.38e-03  5.84e-01     3s
 200   4.96397516e+05  3.10e-02  3.31e+02  3.37e-03  4.29e-01     3s
 201   4.96403321e+05  9.15e-04  2.35e+02  3.38e-03  1.00e+00     3s
 202   4.96395098e+05  1.25e-02  4.38e+01  3.37e-03  7.92e-01     3s
 203   4.96405622e+05  4.41e-03  6.87e+00  3.37e-03  1.00e+00     3s
 204   4.96404223e+05  1.96e-03  3.00e-01  3.37e-03  1.00e+00     4s
 205   4.96397530e+05  5.59e-02  1.00e+00  3.37e-03  1.00e+00     4s
 206   4.96419033e+05  7.19e-01  8.26e+02  3.38e-03  1.00e+00     4s
 207   4.96407561e+05  2.46e-01  8.80e-01  3.37e-03  1.00e+00     4s
 208   4.96407724e+05  8.87e-03  2.91e-01  3.37e-03  1.00e+00     4s
 209   4.96400792e+05  9.51e-02  6.67e+03  3.38e-03  4.30e-02     4s
 210   4.96423000e+05  7.36e-01  5.41e+03  3.38e-03  1.00e+00     4s
 211   4.96442959e+05  7.20e-02  1.99e+03  3.38e-03  1.00e+00     4s
 212   4.96440535e+05  7.89e-02  1.26e+03  3.37e-03  9.03e-03     4s
 213   4.96439284e+05  7.16e-02  7.84e+02  3.37e-03  1.00e-01     4s
 214   4.96420791e+05  3.91e-01  6.30e+01  3.37e-03  1.00e+00     4s
 215   4.96407177e+05  1.66e-01  2.41e+02  3.37e-03  7.45e-01     4s
 216   4.96419053e+05  1.28e-01  1.03e+01  3.37e-03  1.00e+00     4s
 217   4.96425096e+05  8.58e-03  5.27e-01  3.37e-03  1.00e+00     4s
 218   4.96413473e+05  2.55e-01  1.61e+01  3.37e-03  1.00e+00     4s
 219   4.96433391e+05  7.74e-01  1.31e+03  3.38e-03  1.00e+00     4s
 220   4.96427422e+05  1.45e-01  2.33e+00  3.37e-03  1.00e+00     4s
 221   4.96419241e+05  2.29e-01  4.59e+03  3.38e-03  9.96e-02     4s
 222   4.96445485e+05  4.43e-01  3.03e+03  3.38e-03  1.00e+00     4s
 223   4.96476256e+05  1.17e-01  2.19e+03  3.38e-03  1.00e+00     4s
 224   4.96466092e+05  2.34e-01  2.68e+02  3.38e-03  2.11e-02     4s
 225   4.96470018e+05  2.49e-01  4.01e+03  3.38e-03  8.21e-02     4s
 226   4.96442539e+05  2.39e-01  2.80e+01  3.38e-03  1.00e+00     4s
 227   4.96427079e+05  4.18e-01  4.42e+02  3.37e-03  7.09e-01     4s
 228   4.96427162e+05  1.07e-02  8.29e-01  3.37e-03  1.00e+00     4s
 229   4.96427828e+05  4.29e-03  3.19e+00  3.37e-03  1.00e+00     4s
 230   4.96430912e+05  7.39e-03  1.18e+00  3.37e-03  1.00e+00     4s
 231   4.96434866e+05  6.39e-03  2.25e-01  3.37e-03  1.00e+00     4s
 232   4.96437731e+05  1.73e-03  6.22e-02  3.37e-03  1.00e+00     4s
 233   4.96443682e+05  2.72e-02  9.45e-01  3.37e-03  1.00e+00     4s
 234   4.96442366e+05  2.01e-03  1.24e-01  3.37e-03  1.00e+00     4s
 235   4.96429303e+05  2.86e-01  1.01e+01  3.37e-03  1.00e+00     4s
 236   4.96437516e+05  6.52e-02  1.92e+00  3.37e-03  1.00e+00     4s
 237   4.96450844e+05  1.72e-01  1.75e+01  3.37e-03  1.00e+00     4s
 238   4.96457085e+05  1.98e-02  1.27e+00  3.37e-03  1.00e+00     4s
 239   4.96444929e+05  1.35e-01  2.89e+00  3.37e-03  1.00e+00     4s
 240   4.96446045e+05  7.32e-05  2.95e-03  3.37e-03  1.00e+00     4s
 241   4.96445767e+05  3.44e-03  1.76e-01  3.37e-03  1.00e+00     4s
 242   4.96448156e+05  1.97e-03  3.45e-02  3.37e-03  1.00e+00     4s
 243   4.96450764e+05  3.22e-03  1.18e-01  3.37e-03  1.00e+00     4s
 244   4.96444417e+05  7.21e-02  1.11e+03  3.38e-03  2.88e-01     4s
 245   4.96451584e+05  9.66e-02  2.70e+02  3.37e-03  1.00e+00     4s
 246   4.96457203e+05  1.20e-02  7.75e-01  3.37e-03  1.00e+00     4s
 247   4.96464246e+05  3.04e-02  1.33e+00  3.37e-03  1.00e+00     4s
 248   4.96454581e+05  1.11e-01  1.27e+01  3.37e-03  1.00e+00     4s
 249   4.96457122e+05  1.17e-03  5.98e-02  3.37e-03  1.00e+00     4s
 250   4.96454997e+05  1.09e-02  3.22e-01  3.37e-03  1.00e+00     4s
 251   4.96453758e+05  1.06e-02  7.92e-01  3.37e-03  1.00e+00     4s
 252   4.96461043e+05  9.61e-02  8.83e+00  3.37e-03  1.00e+00     4s
 253   4.96461421e+05  7.50e-04  5.33e-02  3.37e-03  1.00e+00     4s
 254   4.96447109e+05  4.10e-01  9.74e+01  3.37e-03  9.57e-01     4s
 255   4.96455344e+05  8.80e-02  5.82e+00  3.37e-03  1.00e+00     4s
 256   4.96470268e+05  2.47e-01  1.66e+02  3.37e-03  1.00e+00     4s
 257   4.96477012e+05  2.92e-02  2.05e+00  3.37e-03  1.00e+00     5s
 258   4.96462686e+05  1.68e-01  4.59e+00  3.37e-03  1.00e+00     5s
 259   4.96462206e+05  2.12e-03  4.66e-02  3.37e-03  1.00e+00     5s
 260   4.96456367e+05  6.77e-02  7.59e+03  3.38e-03  5.72e-02     5s
 261   4.96458837e+05  8.25e-02  2.92e+03  3.38e-03  1.00e+00     5s
 262   4.96470543e+05  1.62e-01  2.00e+03  3.37e-03  1.29e-01     5s
 263   4.96484937e+05  2.58e-05  4.41e+00  3.38e-03  1.00e+00     5s
 264   4.96471120e+05  1.94e-06  2.03e+00  3.37e-03  1.00e+00     5s
 265   4.96472435e+05  1.68e-06  4.08e-03  3.37e-03  1.00e+00     5s
 266   4.96468501e+05  5.74e-02  4.53e+01  3.37e-03  1.00e+00     5s
 267   4.96455035e+05  3.40e-01  3.83e+01  3.37e-03  9.81e-01     5s
 268   4.96463345e+05  9.58e-02  6.65e+00  3.37e-03  1.00e+00     5s
 269   4.96465957e+05  2.08e-03  5.56e-02  3.37e-03  1.00e+00     5s
 270   4.96472602e+05  3.39e-02  9.37e-01  3.37e-03  1.00e+00     5s
 271   4.96475106e+05  3.03e-03  1.92e-01  3.37e-03  1.00e+00     5s
 272   4.96477829e+05  6.45e-03  3.69e-01  3.37e-03  1.00e+00     5s
 273   4.96468457e+05  6.32e-02  9.70e-01  3.37e-03  1.00e+00     5s
 274   4.96471356e+05  3.99e-03  1.12e-01  3.37e-03  1.00e+00     5s
 275   4.96473555e+05  5.05e-03  2.08e-01  3.37e-03  1.00e+00     5s
 276   4.96466365e+05  9.19e-02  1.08e+03  3.38e-03  3.52e-01     5s
 277   4.96466559e+05  9.16e-02  3.53e+02  3.37e-03  3.91e-03     5s
 278   4.96469576e+05  1.78e-03  2.14e-01  3.38e-03  1.00e+00     5s
 279   4.96473607e+05  1.24e-02  3.75e-01  3.37e-03  1.00e+00     5s
 280   4.96475711e+05  2.09e-03  6.77e-02  3.37e-03  1.00e+00     5s
 281   4.96480302e+05  1.81e-02  5.32e-01  3.37e-03  1.00e+00     5s
 282   4.96484310e+05  2.52e-02  1.01e+00  3.37e-03  1.00e+00     5s
 283   4.96471235e+05  1.45e-01  1.68e+00  3.37e-03  1.00e+00     5s
 284   4.96473555e+05  8.03e-04  1.35e-02  3.37e-03  1.00e+00     5s
 285   4.96477198e+05  1.53e-02  5.33e-01  3.37e-03  1.00e+00     5s
 286   4.96472825e+05  3.08e-02  1.13e+00  3.37e-03  1.00e+00     5s
 287   4.96477452e+05  2.17e-02  7.36e-01  3.37e-03  1.00e+00     5s
 288   4.96478415e+05  3.49e-04  2.72e-02  3.37e-03  1.00e+00     5s
 289   4.96471471e+05  8.51e-02  1.37e+03  3.38e-03  3.02e-01     5s
 290   4.96478835e+05  2.14e-01  1.02e+03  3.37e-03  5.00e-01     5s
 291   4.96484198e+05  1.11e-02  2.10e+00  3.37e-03  1.00e+00     5s
 292   4.96484442e+05  1.10e-02  7.32e+02  3.37e-03  1.56e-02     5s
 293   4.96476774e+05  1.08e-01  3.63e+01  3.38e-03  1.00e+00     5s
 294   4.96472143e+05  2.82e-02  5.62e-01  3.37e-03  1.00e+00     5s
 295   4.96474238e+05  2.40e-03  1.79e+00  3.37e-03  1.00e+00     5s
 296   4.96475831e+05  3.89e-03  6.79e-01  3.37e-03  1.00e+00     5s
 297   4.96484963e+05  1.84e-01  2.16e+01  3.37e-03  1.00e+00     5s
 298   4.96482444e+05  1.29e-02  4.70e-01  3.37e-03  1.00e+00     5s
 299   4.96470506e+05  3.17e-01  3.07e+01  3.37e-03  1.00e+00     5s
 300   4.96478196e+05  9.74e-02  7.51e+00  3.37e-03  1.00e+00     5s
 301   4.96479603e+05  9.66e-02  5.33e+02  3.37e-03  3.13e-02     5s
 302   4.96482016e+05  2.01e-03  3.47e-01  3.38e-03  1.00e+00     5s
 303   4.96483852e+05  3.21e-03  1.06e-01  3.37e-03  1.00e+00     5s
 304   4.96483947e+05  7.04e-05  1.77e-02  3.37e-03  1.00e+00     5s
 305   4.96470752e+05  3.10e-01  1.97e+01  3.37e-03  1.00e+00     6s
 306   4.96477787e+05  7.55e-02  5.21e+00  3.37e-03  1.00e+00     6s
 307   4.96489920e+05  1.72e-01  1.63e+01  3.37e-03  1.00e+00     6s
 308   4.96496658e+05  3.28e-02  1.71e+00  3.38e-03  1.00e+00     6s
 309   4.96484535e+05  1.11e-01  3.44e+00  3.37e-03  1.00e+00     6s
 310   4.96484501e+05  2.00e-04  1.21e-02  3.37e-03  1.00e+00     6s
 311   4.96472675e+05  2.77e-01  2.33e+01  3.37e-03  1.00e+00     6s
 312   4.96479187e+05  6.39e-02  4.52e+00  3.37e-03  1.00e+00     6s
 313   4.96486305e+05  5.75e-02  2.09e+00  3.37e-03  1.00e+00     6s
 314   4.96494265e+05  5.18e-02  1.39e+00  3.37e-03  1.00e+00     6s
 315   4.96494345e+05  5.18e-02  1.40e+03  3.37e-03  2.60e-04     6s
 316   4.96475978e+05  2.41e-01  9.17e+00  3.37e-03  1.00e+00     6s
 317   4.96480789e+05  2.19e-01  7.16e+02  3.37e-03  2.50e-01     6s
 318   4.96482378e+05  5.72e-04  3.17e-01  3.37e-03  1.00e+00     6s
 319   4.96483611e+05  9.16e-03  2.08e+00  3.37e-03  1.00e+00     6s
 320   4.96486221e+05  5.63e-03  1.79e-01  3.37e-03  1.00e+00     6s
 321   4.96489243e+05  1.78e-02  5.49e+02  3.37e-03  2.50e-01     6s
 322   4.96481283e+05  6.06e-02  3.65e+00  3.37e-03  1.00e+00     6s
 323   4.96481528e+05  6.05e-02  8.81e+02  3.37e-03  3.91e-03     6s
 324   4.96482478e+05  1.48e-04  2.22e-01  3.37e-03  1.00e+00     6s
 325   4.96484318e+05  1.35e-03  2.77e-01  3.37e-03  1.00e+00     6s
 326   4.96489655e+05  6.21e-02  7.41e+00  3.37e-03  1.00e+00     6s
 327   4.96491791e+05  2.15e-03  1.32e-01  3.37e-03  1.00e+00     6s
 328   4.96483471e+05  1.20e-01  8.84e+00  3.37e-03  1.00e+00     6s
 329   4.96485202e+05  1.12e-01  9.49e+02  3.37e-03  1.25e-01     6s
 330   4.96486067e+05  6.33e-06  2.87e-02  3.37e-03  1.00e+00     6s
 331   4.96493697e+05  1.27e-01  1.21e+01  3.37e-03  1.00e+00     6s
 332   4.96486049e+05  1.96e-01  4.45e+03  3.38e-03  8.18e-02     6s
 333   4.96491175e+05  1.94e-01  3.03e+03  3.38e-03  1.25e-01     6s
 334   4.96508814e+05  7.04e-02  1.41e+03  3.38e-03  1.00e+00     6s
 335   4.96511817e+05  3.45e-06  8.54e-01  3.38e-03  1.00e+00     6s
 336   4.96505732e+05  2.52e-06  1.36e+00  3.37e-03  1.00e+00     6s
 337   4.96498689e+05  1.58e-06  1.43e+00  3.37e-03  9.04e-01     6s
 338   4.96503115e+05  1.83e-06  6.06e-01  3.38e-03  1.00e+00     6s
 339   4.96496230e+05  9.01e-03  1.53e+00  3.37e-03  1.00e+00     6s
 340   4.96488239e+05  1.19e-01  6.41e+00  3.37e-03  1.00e+00     6s
 341   4.96490075e+05  7.30e-04  1.94e-02  3.37e-03  1.00e+00     6s
 342   4.96490076e+05  7.30e-04  1.23e+03  3.37e-03  2.61e-06     6s
 343   4.96478294e+05  1.35e-01  1.17e+01  3.37e-03  1.00e+00     6s
 344   4.96489617e+05  1.14e-01  2.43e+00  3.37e-03  1.00e+00     6s
 345   4.96497139e+05  5.76e-02  1.87e+00  3.37e-03  1.00e+00     6s
 346   4.96497472e+05  1.77e-03  1.83e-01  3.37e-03  1.00e+00     6s
 347   4.96487863e+05  1.27e-01  4.58e+00  3.37e-03  1.00e+00     6s
 348   4.96488044e+05  1.27e-01  1.02e+03  3.37e-03  1.28e-03     6s
 349   4.96488329e+05  3.80e-05  2.75e-01  3.37e-03  1.00e+00     6s
 350   4.96489644e+05  2.15e-04  4.84e-02  3.37e-03  1.00e+00     6s
 351   4.96489943e+05  4.03e-04  1.09e+03  3.37e-03  3.13e-02     6s
 352   4.96484525e+05  2.97e-02  3.89e+02  3.38e-03  3.47e-01     6s
 353   4.96493846e+05  1.50e-01  1.88e+01  3.37e-03  1.00e+00     6s
 354   4.96495927e+05  1.33e-03  1.32e-01  3.38e-03  1.00e+00     7s
 355   4.96497229e+05  7.50e-04  9.76e-02  3.37e-03  1.00e+00     7s
 356   4.96490629e+05  7.52e-02  8.54e+00  3.37e-03  1.00e+00     7s
 357   4.96492945e+05  4.17e-03  1.43e-01  3.37e-03  1.00e+00     7s
 358   4.96498415e+05  4.59e-02  1.95e+00  3.37e-03  1.00e+00     7s
 359   4.96487915e+05  1.49e-01  5.30e+00  3.37e-03  1.00e+00     7s
 360   4.96488106e+05  1.49e-01  9.60e+02  3.37e-03  1.14e-03     7s
 361   4.96489328e+05  8.26e-05  4.70e-02  3.38e-03  1.00e+00     7s
 362   4.96493167e+05  3.46e-02  3.25e+00  3.37e-03  1.00e+00     7s
 363   4.96495844e+05  3.29e-02  3.08e+02  3.37e-03  2.50e-01     7s
 364   4.96488248e+05  8.05e-02  5.20e+00  3.37e-03  1.00e+00     7s
 365   4.96489789e+05  7.49e-02  9.18e+02  3.37e-03  1.25e-01     7s
 366   4.96490831e+05  3.12e-06  2.46e-02  3.38e-03  1.00e+00     7s
 367   4.96495519e+05  3.67e-02  1.42e+00  3.37e-03  1.00e+00     7s
 368   4.96497599e+05  2.26e-03  1.14e-01  3.37e-03  1.00e+00     7s
 369   4.96491274e+05  6.84e-02  4.97e+00  3.37e-03  1.00e+00     7s
 370   4.96492082e+05  6.77e-02  1.05e+03  3.37e-03  3.13e-02     7s
 371   4.96486716e+05  9.02e-02  2.96e+03  3.38e-03  6.04e-02     7s
 372   4.96490823e+05  9.17e-02  1.62e+03  3.38e-03  2.50e-01     7s
 373   4.96503445e+05  9.56e-02  1.14e+01  3.37e-03  1.00e+00     7s
 374   4.96504176e+05  9.52e-02  8.85e+02  3.37e-03  7.81e-03     7s
 375   4.96498256e+05  9.37e-02  1.23e+03  3.38e-03  6.67e-02     7s
 376   4.96507337e+05  3.10e-02  5.27e+00  3.37e-03  1.00e+00     7s
 377   4.96584198e+05  2.87e-02  1.43e+02  3.38e-03  5.00e-01     7s
 378   4.96543633e+05  1.79e+00  8.19e+02  3.38e-03  1.21e-01     7s
 379   4.96548428e+05  1.81e+00  8.88e+03  3.38e-03  1.84e-02     7s
 380   4.96532475e+05  1.10e+00  3.60e+02  3.38e-03  3.99e-01     7s
 381   4.96509805e+05  7.07e-01  3.88e+01  3.37e-03  1.00e+00     7s
 382   4.96499742e+05  7.04e-02  3.57e+00  3.37e-03  1.00e+00     7s
 383   4.96490836e+05  1.54e-01  1.02e+01  3.37e-03  1.00e+00     7s
 384   4.96495651e+05  1.96e-02  5.08e-01  3.37e-03  1.00e+00     7s
 385   4.96496023e+05  1.96e-02  7.48e+02  3.37e-03  1.56e-02     7s
 386   4.96485697e+05  9.34e-02  6.18e+00  3.37e-03  1.00e+00     7s
 387   4.96491098e+05  8.55e-02  3.50e+02  3.37e-03  5.00e-01     7s
 388   4.96493120e+05  8.45e-02  8.36e+02  3.37e-03  6.25e-02     7s
 389   4.96493971e+05  3.79e-04  3.41e-01  3.38e-03  1.00e+00     7s
 390   4.96497004e+05  1.43e-02  5.50e-01  3.37e-03  1.00e+00     7s
 391   4.96497631e+05  7.90e-06  1.02e-02  3.37e-03  1.00e+00     7s
 392   4.96494238e+05  2.23e-02  1.76e+00  3.37e-03  1.00e+00     7s
 393   4.96495000e+05  2.21e-02  1.11e+03  3.37e-03  6.25e-02     7s
 394   4.96484260e+05  1.14e-01  9.57e+00  3.37e-03  1.00e+00     7s
 395   4.96495098e+05  1.17e-01  3.32e+00  3.37e-03  1.00e+00     7s
 396   4.96501407e+05  1.01e-01  2.76e+02  3.37e-03  5.00e-01     7s
 397   4.96493534e+05  5.79e-02  2.46e+00  3.37e-03  1.00e+00     7s
 398   4.96498658e+05  1.88e-02  4.22e-01  3.37e-03  1.00e+00     7s
 399   4.96500071e+05  1.72e-02  2.51e+02  3.37e-03  2.50e-01     7s
 400   4.96492884e+05  8.95e-02  1.21e+03  3.38e-03  2.99e-01     7s
 401   4.96498018e+05  7.80e-02  8.26e+01  3.37e-03  5.00e-01     7s
 402   4.96503075e+05  7.81e-02  4.91e+02  3.37e-03  2.50e-01     7s
 403   4.96496154e+05  2.86e-02  3.07e+00  3.37e-03  1.00e+00     7s
 404   4.96498339e+05  1.99e-03  1.35e-01  3.37e-03  1.00e+00     8s
 405   4.96498460e+05  1.99e-03  7.43e+02  3.37e-03  1.56e-02     8s
 406   4.96492400e+05  5.45e-02  4.41e+03  3.38e-03  4.93e-02     8s
 407   4.96492754e+05  5.43e-02  3.14e+03  3.38e-03  7.81e-03     8s
 408   4.96495942e+05  3.46e-03  3.43e+00  3.38e-03  1.00e+00     8s
 409   4.96496225e+05  3.42e-03  3.07e+02  3.37e-03  3.13e-02     8s
 410   4.96498797e+05  3.40e-03  2.51e-01  3.38e-03  1.00e+00     8s
 411   4.96499315e+05  3.39e-03  2.70e+02  3.37e-03  6.25e-02     8s
 412   4.96500899e+05  2.24e-03  1.86e-01  3.38e-03  1.00e+00     8s
 413   4.96501260e+05  2.20e-03  1.87e+02  3.37e-03  6.25e-02     8s
 414   4.96501314e+05  2.20e-03  9.17e+02  3.37e-03  1.95e-03     8s
 415   4.96499994e+05  4.81e-05  3.61e-02  3.37e-03  1.00e+00     8s
 416   4.96501520e+05  4.43e-04  2.85e-02  3.37e-03  1.00e+00     8s
 417   4.96502069e+05  2.18e-03  9.95e-02  3.37e-03  1.00e+00     8s
 418   4.96502661e+05  1.07e-02  2.36e+00  3.37e-03  1.00e+00     8s
 419   4.96494399e+05  1.17e-01  7.38e+00  3.37e-03  1.00e+00     8s
 420   4.96496106e+05  1.09e-01  9.85e+02  3.37e-03  1.25e-01     8s
 421   4.96496416e+05  4.07e-06  1.67e-01  3.37e-03  1.00e+00     8s
 422   4.96499278e+05  1.34e-02  7.09e-01  3.37e-03  1.00e+00     8s
 423   4.96500235e+05  4.36e-04  1.75e-02  3.37e-03  1.00e+00     8s
 424   4.96499046e+05  2.43e-03  1.74e-01  3.37e-03  1.00e+00     8s
 425   4.96500641e+05  4.42e-03  3.82e-01  3.37e-03  1.00e+00     8s
 426   4.96495896e+05  4.27e-02  3.07e+00  3.37e-03  1.00e+00     8s
 427   4.96497112e+05  4.06e-02  9.94e+02  3.37e-03  1.25e-01     8s
 428   4.96494564e+05  9.10e-03  2.29e+00  3.37e-03  1.00e+00     8s
 429   4.96495305e+05  8.89e-03  4.32e+02  3.37e-03  1.25e-01     8s
 430   4.96499843e+05  1.58e-02  6.30e-01  3.38e-03  1.00e+00     8s
 431   4.96500017e+05  1.58e-02  1.23e+03  3.37e-03  7.81e-03     8s
 432   4.96490896e+05  7.22e-02  7.65e+00  3.37e-03  1.00e+00     8s
 433   4.96495253e+05  5.64e-02  1.96e+02  3.37e-03  5.00e-01     8s
 434   4.96499332e+05  1.07e-02  1.31e-01  3.38e-03  1.00e+00     8s
 435   4.96499335e+05  1.07e-02  1.27e+03  3.37e-03  2.07e-06     8s
 436   4.96490325e+05  7.47e-02  8.33e+00  3.37e-03  1.00e+00     8s
 437   4.96494753e+05  5.80e-02  1.83e+02  3.37e-03  5.00e-01     8s
 438   4.96500179e+05  2.21e-02  4.21e-02  3.38e-03  1.00e+00     8s
 439   4.96500843e+05  2.14e-02  6.20e+02  3.37e-03  6.25e-02     8s
 440   4.96495155e+05  2.98e-02  2.75e+00  3.37e-03  1.00e+00     8s
 441   4.96496760e+05  2.59e-02  2.96e+02  3.37e-03  2.50e-01     8s
 442   4.96499239e+05  2.33e-03  1.50e-01  3.38e-03  1.00e+00     8s
 443   4.96499297e+05  2.32e-03  7.98e+02  3.37e-03  7.81e-03     8s
 444   4.96496188e+05  1.12e-02  2.11e+00  3.37e-03  1.00e+00     8s
 445   4.96497857e+05  9.01e-03  6.07e+01  3.37e-03  5.00e-01     8s
 446   4.96497962e+05  9.00e-03  1.17e+03  3.37e-03  3.91e-03     8s
 447   4.96489405e+05  7.77e-02  8.32e+00  3.37e-03  1.00e+00     8s
 448   4.96498209e+05  7.10e-02  1.16e+00  3.37e-03  1.00e+00     8s
 449   4.96503805e+05  3.41e-02  1.12e+00  3.37e-03  1.00e+00     8s
 450   4.96504852e+05  3.35e-02  8.78e+02  3.37e-03  6.25e-02     8s
 451   4.96497844e+05  6.62e-02  6.92e+02  3.38e-03  2.87e-01     8s
 452   4.96500856e+05  5.91e-02  3.67e+02  3.37e-03  2.50e-01     8s
 453   4.96502329e+05  1.44e-04  8.03e-02  3.38e-03  1.00e+00     8s
 454   4.96502590e+05  6.46e-05  1.34e+03  3.37e-03  3.91e-03     8s
 455   4.96492964e+05  9.03e-02  1.07e+01  3.37e-03  1.00e+00     9s
 456   4.96500692e+05  6.10e-02  2.00e+00  3.37e-03  1.00e+00     9s
 457   4.96501191e+05  6.05e-02  1.16e+03  3.37e-03  1.56e-02     9s
 458   4.96492944e+05  6.57e-02  7.01e+00  3.37e-03  1.00e+00     9s
 459   4.96500989e+05  5.33e-02  1.08e+00  3.37e-03  1.00e+00     9s
 460   4.96501600e+05  5.23e-02  1.15e+03  3.37e-03  3.13e-02     9s
 461   4.96493391e+05  6.24e-02  6.64e+00  3.37e-03  1.00e+00     9s
 462   4.96501227e+05  4.85e-02  8.36e-01  3.37e-03  1.00e+00     9s
 463   4.96503185e+05  4.39e-02  5.99e+02  3.37e-03  2.50e-01     9s
 464   4.96496671e+05  1.00e-01  4.43e+03  3.38e-03  7.76e-02     9s
 465   4.96503902e+05  4.14e-02  2.10e+02  3.37e-03  1.00e+00     9s
 466   4.96510337e+05  1.45e-02  8.77e-01  3.38e-03  1.00e+00     9s
 467   4.96511035e+05  1.43e-02  6.14e+02  3.37e-03  3.13e-02     9s
 468   4.96505681e+05  1.38e-02  7.50e+01  3.38e-03  3.34e-02     9s
 469   4.96508038e+05  1.18e-06  4.88e+00  3.37e-03  1.00e+00     9s
 470   4.96514328e+05  1.75e-06  1.11e+00  3.38e-03  1.00e+00     9s
 471   4.96515973e+05  1.90e-06  2.65e-01  3.37e-03  1.00e+00     9s
 472   4.96530945e+05  3.72e-06  4.35e+00  3.38e-03  1.00e+00     9s
 473   4.96510636e+05  2.59e-06  1.27e+00  3.37e-03  1.00e+00     9s
 474   4.96512327e+05  1.36e-06  1.71e-01  3.38e-03  1.00e+00     9s
 475   4.96510290e+05  1.11e-06  2.11e-01  3.37e-03  1.00e+00     9s
 476   4.96510487e+05  1.05e-06  6.72e-03  3.37e-03  1.00e+00     9s
 477   4.96510305e+05  1.75e-06  2.66e-02  3.37e-03  1.00e+00     9s
 478   4.96510362e+05  5.04e-06  7.50e-03  3.37e-03  1.00e+00     9s
 479   4.96510508e+05  7.32e-06  1.52e-03  3.37e-03  1.00e+00     9s
 480   4.96510509e+05  7.32e-06  1.41e+03  3.37e-03  1.53e-05     9s
 481   4.96501023e+05  7.02e-02  4.47e+02  3.38e-03  4.30e-01     9s
 482   4.96504495e+05  4.98e-03  6.68e-01  3.38e-03  1.00e+00     9s
 483   4.96504522e+05  4.98e-03  1.35e+03  3.37e-03  4.88e-04     9s
 484   4.96494454e+05  8.52e-02  9.68e+00  3.37e-03  1.00e+00     9s
 485   4.96498459e+05  6.27e-02  2.15e+02  3.37e-03  5.00e-01     9s
 486   4.96502176e+05  9.26e-03  1.65e-01  3.38e-03  1.00e+00     9s
 487   4.96502197e+05  9.26e-03  1.26e+03  3.37e-03  2.08e-04     9s
 488   4.96493586e+05  6.75e-02  7.76e+00  3.37e-03  1.00e+00     9s
 489   4.96497879e+05  5.45e-02  2.03e+02  3.37e-03  5.00e-01     9s
 490   4.96503680e+05  2.71e-02  5.68e-02  3.38e-03  1.00e+00     9s
 491   4.96505077e+05  2.68e-02  6.11e+02  3.37e-03  1.25e-01     9s
 492   4.96498680e+05  3.60e-02  3.00e+00  3.37e-03  1.00e+00     9s
 493   4.96504135e+05  3.24e-02  1.18e+00  3.37e-03  1.00e+00     9s
 494   4.96503106e+05  2.54e-03  1.99e-01  3.37e-03  1.00e+00     9s
 495   4.96503696e+05  2.55e-03  1.72e+02  3.37e-03  2.50e-01     9s
 496   4.96495885e+05  1.15e-01  1.04e+01  3.37e-03  1.00e+00     9s
 497   4.96501393e+05  6.31e-02  6.34e+00  3.37e-03  1.00e+00     9s
 498   4.96507459e+05  7.22e-02  2.67e+02  3.37e-03  5.00e-01     9s
 499   4.96504485e+05  6.99e-03  5.91e-01  3.37e-03  1.00e+00     9s
 500   4.96503572e+05  2.36e-03  1.52e-01  3.37e-03  1.00e+00     9s
 501   4.96504045e+05  2.17e-03  1.33e+02  3.37e-03  2.50e-01     9s
 502   4.96498434e+05  6.09e-02  5.64e+00  3.37e-03  1.00e+00     9s
 503   4.96501456e+05  5.07e-02  3.64e+02  3.37e-03  5.00e-01     9s
 504   4.96509864e+05  7.08e-02  6.31e-01  3.38e-03  1.00e+00     9s
 505   4.96505231e+05  1.41e-02  3.70e-01  3.37e-03  1.00e+00    10s
 506   4.96502542e+05  1.49e-02  1.12e+00  3.37e-03  1.00e+00    10s
 507   4.96503097e+05  1.46e-02  8.84e+02  3.37e-03  6.25e-02    10s
 508   4.96498892e+05  2.02e-02  3.06e+00  3.37e-03  1.00e+00    10s
 509   4.96502726e+05  1.28e-02  2.14e-01  3.37e-03  1.00e+00    10s
 510   4.96503060e+05  1.26e-02  1.13e+03  3.37e-03  3.13e-02    10s
 511   4.96496006e+05  4.94e-02  5.90e+00  3.37e-03  1.00e+00    10s
 512   4.96499659e+05  3.83e-02  1.54e+02  3.37e-03  5.00e-01    10s
 513   4.96503670e+05  1.16e-02  5.74e-02  3.38e-03  1.00e+00    10s
 514   4.96504555e+05  1.14e-02  3.96e+02  3.37e-03  1.25e-01    10s
 515   4.96503356e+05  1.38e-03  3.34e-01  3.37e-03  1.00e+00    10s
 516   4.96503527e+05  1.35e-03  2.46e+02  3.37e-03  6.25e-02    10s
 517   4.96493309e+05  2.06e-01  2.08e+01  3.37e-03  1.00e+00    10s
 518   4.96499216e+05  6.57e-02  5.42e+00  3.37e-03  1.00e+00    10s
 519   4.96499239e+05  6.57e-02  1.15e+03  3.37e-03  5.67e-05    10s
 520   4.96500857e+05  1.39e-03  6.78e-01  3.38e-03  1.00e+00    10s
 521   4.96500873e+05  1.39e-03  1.34e+03  3.37e-03  9.77e-04    10s
 522   4.96501915e+05  7.31e-04  6.36e-01  3.38e-03  1.00e+00    10s
 523   4.96501918e+05  7.31e-04  1.31e+03  3.37e-03  1.22e-04    10s
 524   4.96502401e+05  1.74e-04  3.32e-01  3.38e-03  1.00e+00    10s
 525   4.96502404e+05  1.74e-04  1.27e+03  3.37e-03  2.44e-04    10s
 526   4.96502620e+05  1.77e-05  1.22e-01  3.38e-03  1.00e+00    10s
 527   4.96502625e+05  1.77e-05  8.71e+02  3.37e-03  9.77e-04    10s
 528   4.96505551e+05  1.13e-02  1.63e+00  3.38e-03  1.00e+00    10s
 529   4.96505760e+05  1.11e-02  1.06e+03  3.37e-03  3.13e-02    10s
 530   4.96500170e+05  2.41e-02  3.18e+00  3.37e-03  1.00e+00    10s
 531   4.96501329e+05  2.03e-02  3.09e+02  3.37e-03  2.50e-01    10s
 532   4.96503794e+05  4.00e-03  2.62e-01  3.38e-03  1.00e+00    10s
 533   4.96503857e+05  4.00e-03  1.25e+03  3.37e-03  3.91e-03    10s
 534   4.96495383e+05  6.61e-02  7.33e+00  3.37e-03  1.00e+00    10s
 535   4.96499681e+05  5.54e-02  2.40e+02  3.37e-03  5.00e-01    10s
 536   4.96506944e+05  4.73e-02  1.71e-01  3.37e-03  1.00e+00    10s
 537   4.96508227e+05  4.68e-02  7.62e+02  3.37e-03  6.25e-02    10s
 538   4.96501730e+05  8.34e-02  2.28e+03  3.38e-03  6.08e-02    10s
 539   4.96504822e+05  3.96e-03  2.72e+00  3.37e-03  1.00e+00    10s
 540   4.96505186e+05  3.93e-03  3.90e+02  3.37e-03  3.13e-02    10s
 541   4.96508097e+05  3.85e-03  3.53e-01  3.38e-03  1.00e+00    10s
 542   4.96508581e+05  3.79e-03  2.63e+02  3.37e-03  6.25e-02    10s
 543   4.96508602e+05  3.79e-03  8.97e+02  3.37e-03  9.81e-05    10s
 544   4.96505692e+05  1.77e-03  1.32e+01  3.37e-03  6.42e-01    10s
 545   4.96514868e+05  4.50e-02  1.19e+00  3.37e-03  1.00e+00    10s
 546   4.96519079e+05  2.77e-02  1.73e+00  3.37e-03  1.00e+00    10s
 547   4.96505573e+05  1.55e-01  2.60e+00  3.37e-03  1.00e+00    10s
 548   4.96500166e+05  1.37e-01  5.67e+02  3.38e-03  5.00e-01    10s
 549   4.96504253e+05  1.08e-01  4.87e+02  3.37e-03  5.00e-01    10s
 550   4.96505834e+05  8.94e-04  2.18e-01  3.38e-03  1.00e+00    10s
 551   4.96506121e+05  8.48e-04  6.44e+01  3.37e-03  1.25e-01    10s
 552   4.96506364e+05  8.53e-04  1.33e+02  3.37e-03  6.25e-02    10s
 553   4.96506367e+05  8.53e-04  1.29e+03  3.37e-03  2.97e-05    10s
 554   4.96498764e+05  5.98e-02  8.50e+00  3.37e-03  1.00e+00    11s
 555   4.96503550e+05  2.13e-03  6.71e-01  3.38e-03  1.00e+00    11s
 556   4.96504985e+05  5.07e-03  9.04e-01  3.37e-03  1.00e+00    11s
 557   4.96505323e+05  5.15e-03  1.12e+03  3.37e-03  3.13e-02    11s
 558   4.96498616e+05  4.45e-02  5.56e+00  3.37e-03  1.00e+00    11s
 559   4.96505085e+05  3.79e-02  8.04e-01  3.37e-03  1.00e+00    11s
 560   4.96505349e+05  3.77e-02  1.19e+03  3.37e-03  7.81e-03    11s
 561   4.96497593e+05  5.68e-02  6.56e+00  3.37e-03  1.00e+00    11s
 562   4.96501642e+05  4.45e-02  1.63e+02  3.37e-03  5.00e-01    11s
 563   4.96505667e+05  1.13e-02  6.47e-02  3.38e-03  1.00e+00    11s
 564   4.96505678e+05  1.13e-02  1.28e+03  3.37e-03  5.08e-05    11s
 565   4.96497818e+05  5.73e-02  7.24e+00  3.37e-03  1.00e+00    11s
 566   4.96501843e+05  4.67e-02  1.85e+02  3.37e-03  5.00e-01    11s
 567   4.96506647e+05  1.78e-02  4.82e-02  3.38e-03  1.00e+00    11s
 568   4.96507583e+05  1.70e-02  4.17e+02  3.37e-03  1.25e-01    11s
 569   4.96504873e+05  6.75e-03  8.50e-01  3.37e-03  1.00e+00    11s
 570   4.96506324e+05  2.17e-03  4.21e-02  3.37e-03  1.00e+00    11s
 571   4.96506632e+05  2.08e-03  2.17e+02  3.37e-03  1.25e-01    11s
 572   4.96499028e+05  1.10e-01  1.06e+01  3.37e-03  1.00e+00    11s
 573   4.96504394e+05  6.03e-02  6.13e+00  3.37e-03  1.00e+00    11s
 574   4.96510080e+05  6.65e-02  2.57e+02  3.37e-03  5.00e-01    11s
 575   4.96514513e+05  5.83e-02  2.21e+02  3.37e-03  5.00e-01    11s
 576   4.96503063e+05  1.57e-01  7.14e+00  3.37e-03  1.00e+00    11s
 577   4.96504934e+05  2.20e-04  6.97e-02  3.38e-03  1.00e+00    11s
 578   4.96505034e+05  2.22e-04  3.81e+02  3.37e-03  3.13e-02    11s
 579   4.96505921e+05  6.87e-04  2.08e-01  3.38e-03  1.00e+00    11s
 580   4.96505950e+05  6.86e-04  9.09e+02  3.37e-03  3.91e-03    11s
 581   4.96502769e+05  1.04e-02  1.99e+00  3.37e-03  1.00e+00    11s
 582   4.96504505e+05  9.29e-03  1.17e+02  3.37e-03  5.00e-01    11s
 583   4.96504611e+05  9.28e-03  1.25e+03  3.37e-03  3.91e-03    11s
 584   4.96497295e+05  5.68e-02  7.17e+00  3.37e-03  1.00e+00    11s
 585   4.96501170e+05  4.30e-02  1.41e+02  3.37e-03  5.00e-01    11s
 586   4.96501558e+05  4.26e-02  1.14e+03  3.37e-03  1.56e-02    11s
 587   4.96502716e+05  1.76e-04  1.67e-01  3.38e-03  1.00e+00    11s
 588   4.96502734e+05  1.76e-04  4.64e+02  3.37e-03  3.91e-03    11s
 589   4.96502752e+05  1.76e-04  3.89e+02  3.37e-03  1.95e-03    11s
 590   4.96502765e+05  1.76e-04  7.37e+02  3.37e-03  9.77e-04    11s
 591   4.96503209e+05  3.19e-04  2.05e+02  3.37e-03  6.25e-02    11s
 592   4.96505537e+05  6.26e-03  1.29e-01  3.37e-03  1.00e+00    11s
 593   4.96505680e+05  6.21e-03  1.03e+03  3.37e-03  1.56e-02    11s
 594   4.96502053e+05  1.51e-02  2.93e+00  3.37e-03  1.00e+00    11s
 595   4.96504378e+05  1.45e-02  1.41e+02  3.37e-03  5.00e-01    11s
 596   4.96507286e+05  6.93e-03  4.55e-02  3.38e-03  1.00e+00    11s
 597   4.96507307e+05  6.93e-03  1.26e+03  3.37e-03  2.02e-04    11s
 598   4.96499326e+05  5.80e-02  7.02e+00  3.37e-03  1.00e+00    11s
 599   4.96503232e+05  4.49e-02  1.75e+02  3.37e-03  5.00e-01    11s
 600   4.96507077e+05  1.03e-02  8.82e-02  3.38e-03  1.00e+00    11s
 601   4.96507098e+05  1.03e-02  1.28e+03  3.37e-03  1.99e-04    11s
 602   4.96499368e+05  5.53e-02  7.07e+00  3.37e-03  1.00e+00    11s
 603   4.96503332e+05  4.54e-02  1.88e+02  3.37e-03  5.00e-01    11s
 604   4.96508009e+05  1.70e-02  6.11e-02  3.38e-03  1.00e+00    11s
 605   4.96508909e+05  1.61e-02  4.05e+02  3.37e-03  1.25e-01    11s
 606   4.96506489e+05  5.34e-03  7.23e-01  3.37e-03  1.00e+00    11s
 607   4.96507905e+05  2.37e-03  7.09e-02  3.37e-03  1.00e+00    11s
 608   4.96508384e+05  2.20e-03  1.41e+02  3.37e-03  2.50e-01    12s
 609   4.96503826e+05  4.01e-02  3.97e+00  3.37e-03  1.00e+00    12s
 610   4.96505508e+05  3.64e-02  6.20e+02  3.37e-03  2.50e-01    12s
 611   4.96511112e+05  2.96e-02  1.31e+00  3.38e-03  1.00e+00    12s
 612   4.96511469e+05  4.67e-03  1.48e+00  3.37e-03  1.00e+00    12s
 613   4.96504910e+05  7.51e-02  5.12e+00  3.37e-03  1.00e+00    12s
 614   4.96506559e+05  7.15e-02  1.04e+03  3.37e-03  1.25e-01    12s
 615   4.96501268e+05  3.26e-02  4.75e+00  3.37e-03  1.00e+00    12s
 616   4.96503180e+05  2.95e-02  3.70e+02  3.37e-03  2.50e-01    12s
 617   4.96506685e+05  2.48e-02  1.16e+02  3.37e-03  5.00e-01    12s
 618   4.96508367e+05  2.26e-02  2.89e+02  3.37e-03  2.50e-01    12s
 619   4.96508349e+05  3.73e-05  1.00e-01  3.37e-03  1.00e+00    12s
 620   4.96508443e+05  1.66e-05  1.25e+02  3.37e-03  6.25e-02    12s
 621   4.96505741e+05  1.45e-02  1.92e+00  3.37e-03  1.00e+00    12s
 622   4.96506587e+05  1.42e-02  7.06e+02  3.37e-03  1.25e-01    12s
 623   4.96507250e+05  1.68e-04  1.21e-01  3.38e-03  1.00e+00    12s
 624   4.96507266e+05  1.68e-04  5.01e+02  3.37e-03  3.91e-03    12s
 625   4.96507138e+05  4.59e-05  7.07e-02  3.37e-03  1.00e+00    12s
 626   4.96507146e+05  4.59e-05  4.43e+02  3.37e-03  1.95e-03    12s
 627   4.96507384e+05  1.46e-05  2.57e-02  3.38e-03  1.00e+00    12s
 628   4.96507392e+05  1.47e-05  5.19e+02  3.37e-03  1.95e-03    12s
 629   4.96507213e+05  8.16e-05  1.03e-01  3.37e-03  1.00e+00    12s
 630   4.96507227e+05  8.17e-05  4.19e+02  3.37e-03  3.91e-03    12s
 631   4.96507696e+05  1.25e-04  8.23e-02  3.38e-03  1.00e+00    12s
 632   4.96507706e+05  1.25e-04  5.93e+02  3.37e-03  1.95e-03    12s
 633   4.96507075e+05  5.26e-04  2.91e-01  3.37e-03  1.00e+00    12s
 634   4.96507124e+05  5.23e-04  3.44e+02  3.37e-03  1.56e-02    12s
 635   4.96507597e+05  4.28e-04  1.61e+01  3.37e-03  5.00e-01    12s
 636   4.96507611e+05  4.28e-04  8.22e+02  3.37e-03  1.95e-03    12s
 637   4.96505958e+05  3.51e-03  1.09e+00  3.37e-03  1.00e+00    12s
 638   4.96506326e+05  3.33e-03  2.25e+02  3.37e-03  1.25e-01    12s
 639   4.96506337e+05  3.33e-03  1.31e+03  3.37e-03  1.22e-04    12s
 640   4.96499604e+05  4.84e-02  6.86e+00  3.37e-03  1.00e+00    12s
 641   4.96503111e+05  3.65e-02  1.22e+02  3.37e-03  5.00e-01    12s
 642   4.96503554e+05  3.58e-02  1.16e+03  3.37e-03  3.13e-02    12s
 643   4.96504834e+05  3.36e-04  2.57e-01  3.38e-03  1.00e+00    12s
 644   4.96504854e+05  3.35e-04  5.92e+02  3.37e-03  3.91e-03    12s
 645   4.96504870e+05  3.35e-04  7.20e+02  3.37e-03  9.77e-04    12s
 646   4.96506325e+05  8.75e-04  2.56e-01  3.38e-03  1.00e+00    12s
 647   4.96506358e+05  8.71e-04  5.30e+02  3.37e-03  7.81e-03    12s
 648   4.96506503e+05  8.67e-04  1.91e+02  3.37e-03  3.13e-02    12s
 649   4.96506515e+05  8.67e-04  1.32e+03  3.37e-03  4.88e-04    12s
 650   4.96501675e+05  2.39e-02  4.72e+00  3.37e-03  1.00e+00    12s
 651   4.96504459e+05  2.23e-02  1.40e+02  3.37e-03  5.00e-01    12s
 652   4.96504524e+05  2.23e-02  1.19e+03  3.37e-03  9.77e-04    12s
 653   4.96505431e+05  1.48e-04  1.62e-01  3.38e-03  1.00e+00    12s
 654   4.96505448e+05  1.48e-04  4.73e+02  3.37e-03  3.91e-03    12s
 655   4.96505478e+05  1.49e-04  3.24e+02  3.37e-03  3.91e-03    12s
 656   4.96505488e+05  1.49e-04  6.07e+02  3.37e-03  9.77e-04    12s
 657   4.96505514e+05  1.49e-04  2.37e+02  3.37e-03  3.91e-03    12s
 658   4.96510767e+05  5.52e-02  2.14e+00  3.37e-03  1.00e+00    12s
 659   4.96512297e+05  1.44e-03  6.61e-02  3.37e-03  1.00e+00    12s
 660   4.96509040e+05  1.84e-02  1.45e+00  3.37e-03  1.00e+00    12s
 661   4.96509883e+05  1.75e-02  6.13e+02  3.37e-03  1.25e-01    12s
 662   4.96507174e+05  8.77e-03  1.43e+00  3.37e-03  1.00e+00    13s
 663   4.96508562e+05  3.50e-04  6.44e-02  3.37e-03  1.00e+00    13s
 664   4.96508699e+05  3.80e-04  4.94e+02  3.37e-03  3.13e-02    13s
 665   4.96508516e+05  9.39e-05  1.03e-01  3.37e-03  1.00e+00    13s
 666   4.96508530e+05  9.39e-05  4.02e+02  3.37e-03  3.91e-03    13s
 667   4.96508888e+05  4.74e-05  4.48e-02  3.38e-03  1.00e+00    13s
 668   4.96508897e+05  4.75e-05  5.36e+02  3.37e-03  1.95e-03    13s
 669   4.96508493e+05  2.72e-04  1.94e-01  3.37e-03  1.00e+00    13s
 670   4.96508518e+05  2.71e-04  3.61e+02  3.37e-03  7.81e-03    13s
 671   4.96509226e+05  3.33e-04  1.12e-01  3.38e-03  1.00e+00    13s
 672   4.96509248e+05  3.33e-04  6.73e+02  3.37e-03  3.91e-03    13s
 673   4.96507991e+05  1.83e-03  6.33e-01  3.37e-03  1.00e+00    13s
 674   4.96508166e+05  1.78e-03  2.53e+02  3.37e-03  6.25e-02    13s
 675   4.96508169e+05  1.78e-03  1.35e+03  3.37e-03  1.66e-05    13s
 676   4.96500796e+05  5.51e-02  7.39e+00  3.37e-03  1.00e+00    13s
 677   4.96508218e+05  5.08e-02  1.01e+00  3.37e-03  1.00e+00    13s
 678   4.96508380e+05  5.07e-02  1.22e+03  3.37e-03  1.95e-03    13s
 679   4.96501920e+05  3.96e-02  5.34e+00  3.37e-03  1.00e+00    13s
 680   4.96503895e+05  3.47e-02  3.63e+02  3.37e-03  2.50e-01    13s
 681   4.96508043e+05  3.26e-02  1.50e+02  3.37e-03  5.00e-01    13s
 682   4.96508634e+05  3.21e-02  8.20e+02  3.37e-03  3.13e-02    13s
 683   4.96511312e+05  3.61e-03  6.80e-01  3.38e-03  1.00e+00    13s
 684   4.96510659e+05  4.15e-04  9.51e-02  3.38e-03  1.00e+00    13s
 685   4.96511277e+05  4.78e-04  6.15e+01  3.37e-03  5.00e-01    13s
 686   4.96509460e+05  6.70e-03  6.81e-01  3.37e-03  1.00e+00    13s
 687   4.96509824e+05  6.55e-03  6.02e+02  3.37e-03  6.25e-02    13s
 688   4.96508552e+05  2.22e-03  6.75e-01  3.37e-03  1.00e+00    13s
 689   4.96508869e+05  2.10e-03  1.70e+02  3.37e-03  1.25e-01    13s
 690   4.96508926e+05  2.09e-03  1.33e+03  3.37e-03  3.91e-03    13s
 691   4.96501596e+05  5.56e-02  7.38e+00  3.37e-03  1.00e+00    13s
 692   4.96509023e+05  4.67e-02  7.63e-01  3.37e-03  1.00e+00    13s
 693   4.96509274e+05  4.65e-02  1.22e+03  3.37e-03  7.81e-03    13s
 694   4.96502438e+05  4.36e-02  5.63e+00  3.37e-03  1.00e+00    13s
 695   4.96504462e+05  3.77e-02  3.52e+02  3.37e-03  2.50e-01    13s
 696   4.96508252e+05  3.09e-02  1.30e+02  3.37e-03  5.00e-01    13s
 697   4.96509028e+05  2.99e-02  7.52e+02  3.37e-03  6.25e-02    13s
 698   4.96512018e+05  2.98e-02  3.01e+02  3.37e-03  2.50e-01    13s
 699   4.96506866e+05  4.14e-02  5.14e+00  3.37e-03  1.00e+00    13s
 700   4.96509118e+05  8.95e-03  1.06e+00  3.37e-03  1.00e+00    13s
 701   4.96509417e+05  8.87e-03  1.11e+03  3.37e-03  3.13e-02    13s
 702   4.96505646e+05  1.48e-02  2.99e+00  3.37e-03  1.00e+00    13s
 703   4.96507004e+05  1.37e-02  2.85e+02  3.37e-03  2.50e-01    13s
 704   4.96511050e+05  1.33e-02  2.88e-01  3.38e-03  1.00e+00    13s
 705   4.96511106e+05  1.33e-02  1.31e+03  3.37e-03  9.77e-04    13s
 706   4.96503471e+05  5.20e-02  6.74e+00  3.37e-03  1.00e+00    13s
 707   4.96507397e+05  4.41e-02  2.10e+02  3.37e-03  5.00e-01    13s
 708   4.96511730e+05  1.45e-02  1.25e-01  3.38e-03  1.00e+00    13s
 709   4.96511751e+05  1.45e-02  1.32e+03  3.37e-03  1.29e-04    13s
 710   4.96504014e+05  5.42e-02  7.13e+00  3.37e-03  1.00e+00    13s
 711   4.96507694e+05  4.08e-02  1.54e+02  3.37e-03  5.00e-01    13s
 712   4.96507781e+05  4.08e-02  1.23e+03  3.37e-03  8.37e-04    13s
 713   4.96505473e+05  1.04e-02  3.56e+00  3.37e-03  1.00e+00    13s
 714   4.96507498e+05  9.45e-03  6.68e+01  3.37e-03  5.00e-01    13s
 715   4.96507725e+05  9.42e-03  1.20e+03  3.37e-03  1.56e-02    13s
 716   4.96508146e+05  5.07e-06  1.44e-02  3.38e-03  1.00e+00    13s
 717   4.96508159e+05  5.40e-06  3.03e+02  3.37e-03  3.91e-03    14s
 718   4.96508186e+05  6.02e-06  1.28e+02  3.37e-03  7.81e-03    14s
 719   4.96508188e+05  6.03e-06  1.28e+03  3.37e-03  6.10e-05    14s
 720   4.96508191e+05  6.04e-06  1.10e+03  3.37e-03  1.22e-04    14s
 721   4.96505218e+05  2.33e-02  1.73e+01  3.37e-03  1.00e+00    14s
 722   4.96507078e+05  4.09e-03  1.00e+00  3.37e-03  1.00e+00    14s
 723   4.96507911e+05  3.85e-03  1.37e+02  3.37e-03  5.00e-01    14s
 724   4.96508106e+05  3.83e-03  8.56e+02  3.37e-03  3.13e-02    14s
 725   4.96508921e+05  4.07e-03  2.57e+02  3.37e-03  1.25e-01    14s
 726   4.96509025e+05  4.07e-03  1.44e+03  3.37e-03  7.81e-03    14s
 727   4.96504582e+05  2.02e-02  1.66e+02  3.38e-03  5.00e-01    14s
 728   4.96505397e+05  1.88e-02  5.40e+02  3.37e-03  1.25e-01    14s
 729   4.96506758e+05  1.84e-02  4.06e+02  3.37e-03  1.25e-01    14s
 730   4.96506929e+05  1.83e-02  9.81e+02  3.37e-03  3.91e-03    14s
 731   4.96508093e+05  2.77e-04  2.18e-01  3.38e-03  1.00e+00    14s
 732   4.96508103e+05  2.77e-04  7.88e+02  3.37e-03  1.95e-03    14s
 733   4.96508115e+05  2.77e-04  1.17e+03  3.37e-03  4.88e-04    14s
 734   4.96508314e+05  1.65e-04  2.65e-01  3.38e-03  1.00e+00    14s
 735   4.96508515e+05  5.03e-05  1.56e+02  3.37e-03  1.25e-01    14s
 736   4.96508645e+05  1.76e-05  1.04e+03  3.37e-03  1.56e-02    14s
 737   4.96508781e+05  1.78e-05  3.40e+02  3.37e-03  1.56e-02    14s
 738   4.96508819e+05  1.78e-05  2.56e+02  3.37e-03  1.56e-02    14s
 739   4.96508826e+05  1.78e-05  9.04e+02  3.37e-03  9.77e-04    14s
 740   4.96511604e+05  5.94e-03  1.15e+00  3.38e-03  1.00e+00    14s
 741   4.96511822e+05  5.74e-03  5.84e+02  3.37e-03  6.25e-02    14s
 742   4.96511934e+05  1.13e-04  2.71e-01  3.38e-03  1.00e+00    14s
 743   4.96511946e+05  1.13e-04  8.33e+02  3.37e-03  1.95e-03    14s
 744   4.96509726e+05  4.59e-03  1.11e+00  3.37e-03  1.00e+00    14s
 745   4.96510100e+05  4.28e-03  2.77e+02  3.37e-03  1.25e-01    14s
 746   4.96510117e+05  4.28e-03  1.39e+03  3.37e-03  2.44e-04    14s
 747   4.96503175e+05  5.04e-02  7.16e+00  3.37e-03  1.00e+00    14s
 748   4.96506774e+05  3.81e-02  1.46e+02  3.37e-03  5.00e-01    14s
 749   4.96507235e+05  3.74e-02  1.19e+03  3.37e-03  3.13e-02    14s
 750   4.96508426e+05  2.90e-04  2.48e-01  3.38e-03  1.00e+00    14s
 751   4.96508446e+05  2.90e-04  6.15e+02  3.37e-03  3.91e-03    14s
 752   4.96508461e+05  2.90e-04  6.65e+02  3.37e-03  9.77e-04    14s
 753   4.96508468e+05  2.90e-04  1.23e+03  3.37e-03  2.44e-04    14s
 754   4.96509121e+05  3.03e-04  1.69e+01  3.37e-03  2.50e-01    14s
 755   4.96509240e+05  2.75e-04  6.62e+01  3.37e-03  1.25e-01    14s
 756   4.96509273e+05  2.75e-04  4.28e+02  3.37e-03  7.81e-03    14s
 757   4.96509381e+05  2.77e-04  1.29e+02  3.37e-03  3.13e-02    14s
 758   4.96509388e+05  2.77e-04  1.30e+03  3.37e-03  4.88e-04    14s
 759   4.96509913e+05  7.78e-06  2.05e-02  3.38e-03  1.00e+00    14s
 760   4.96509925e+05  8.09e-06  3.43e+02  3.37e-03  3.91e-03    14s
 761   4.96509948e+05  8.62e-06  1.29e+02  3.37e-03  7.81e-03    14s
 762   4.96509950e+05  8.62e-06  1.31e+03  3.37e-03  6.10e-05    14s
 763   4.96510223e+05  1.22e-06  1.36e-02  3.38e-03  1.00e+00    14s
 764   4.96510233e+05  1.48e-06  2.99e+02  3.37e-03  3.91e-03    14s
 765   4.96510254e+05  1.93e-06  1.15e+02  3.37e-03  7.81e-03    14s
 766   4.96510255e+05  1.94e-06  1.30e+03  3.37e-03  6.10e-05    14s
 767   4.96510257e+05  1.94e-06  2.44e+03  3.37e-03  1.53e-05    14s
 768   4.96509344e+05  7.55e-04  8.18e+00  3.38e-03  1.00e+00    15s
 769   4.96509951e+05  6.96e-04  2.51e+02  3.38e-03  2.50e-01    15s
 770   4.96509986e+05  6.95e-04  1.41e+03  3.37e-03  9.77e-04    15s
 771   4.96510113e+05  7.02e-06  8.16e-03  3.37e-03  1.00e+00    15s
 772   4.96510182e+05  1.88e-06  2.80e+02  3.37e-03  3.13e-02    15s
 773   4.96510185e+05  1.90e-06  1.44e+03  3.37e-03  2.44e-04    15s
 774   4.96504229e+05  3.28e-02  5.28e+00  3.37e-03  1.00e+00    15s
 775   4.96505992e+05  2.82e-02  3.16e+02  3.37e-03  2.50e-01    15s
 776   4.96506263e+05  2.79e-02  1.29e+03  3.37e-03  1.56e-02    15s
 777   4.96508492e+05  1.23e-03  5.72e-01  3.38e-03  1.00e+00    15s
 778   4.96508554e+05  1.22e-03  5.69e+02  3.37e-03  1.56e-02    15s
 779   4.96508579e+05  1.22e-03  1.04e+03  3.37e-03  9.77e-04    15s
 780   4.96508851e+05  1.20e-03  1.15e+02  3.37e-03  6.25e-02    15s
 781   4.96508922e+05  1.19e-03  5.63e+02  3.37e-03  1.56e-02    15s
 782   4.96508996e+05  1.18e-03  4.27e+02  3.37e-03  7.81e-03    15s
 783   4.96509033e+05  1.18e-03  1.01e+03  3.37e-03  1.95e-03    15s
 784   4.96509808e+05  1.13e-04  1.32e-01  3.38e-03  1.00e+00    15s
 785   4.96509822e+05  1.13e-04  4.66e+02  3.37e-03  3.91e-03    15s
 786   4.96509844e+05  1.13e-04  2.59e+02  3.37e-03  3.91e-03    15s
 787   4.96509853e+05  1.13e-04  6.10e+02  3.37e-03  9.77e-04    15s
 788   4.96509863e+05  1.13e-04  4.43e+02  3.37e-03  9.77e-04    15s
 789   4.96522336e+05  3.46e-01  3.79e+01  3.37e-03  1.00e+00    15s
 790   4.96511206e+05  2.21e-01  1.68e+01  3.37e-03  1.00e+00    15s
 791   4.96522550e+05  1.17e-01  2.92e+00  3.37e-03  1.00e+00    15s
 792   4.96515332e+05  5.15e-02  1.60e+00  3.37e-03  1.00e+00    15s
 793   4.96515691e+05  1.26e-04  1.93e-02  3.37e-03  1.00e+00    15s
 794   4.96513150e+05  1.23e-02  9.04e-01  3.37e-03  1.00e+00    15s
 795   4.96513907e+05  1.19e-02  5.81e+02  3.37e-03  1.25e-01    15s
 796   4.96512274e+05  3.42e-03  8.29e-01  3.37e-03  1.00e+00    15s
 797   4.96513315e+05  2.98e-03  5.43e+01  3.37e-03  5.00e-01    15s
 798   4.96513498e+05  2.95e-03  5.51e+02  3.37e-03  3.13e-02    15s
 799   4.96512095e+05  3.01e-03  7.82e-01  3.37e-03  1.00e+00    15s
 800   4.96513069e+05  2.51e-03  3.64e+01  3.37e-03  5.00e-01    15s
 801   4.96513176e+05  2.50e-03  6.79e+02  3.37e-03  1.56e-02    15s
 802   4.96512428e+05  2.09e-03  4.47e+01  3.38e-03  5.00e-01    15s
 803   4.96512941e+05  1.89e-03  8.36e+01  3.37e-03  2.50e-01    15s
 804   4.96513014e+05  1.89e-03  9.25e+02  3.37e-03  7.81e-03    15s
 805   4.96511529e+05  3.83e-03  7.85e+01  3.38e-03  5.00e-01    15s
 806   4.96512606e+05  2.88e-03  3.04e+01  3.37e-03  5.00e-01    15s
 807   4.96512737e+05  2.87e-03  8.60e+02  3.37e-03  1.56e-02    15s
 808   4.96512026e+05  2.29e-03  4.65e+01  3.38e-03  5.00e-01    15s
 809   4.96512374e+05  2.17e-03  1.64e+02  3.37e-03  1.25e-01    15s
 810   4.96512390e+05  2.17e-03  1.32e+03  3.37e-03  4.88e-04    15s
 811   4.96505946e+05  4.51e-02  6.69e+00  3.37e-03  1.00e+00    15s
 812   4.96512870e+05  4.35e-02  7.39e-01  3.37e-03  1.00e+00    15s
 813   4.96513016e+05  4.34e-02  1.24e+03  3.37e-03  1.95e-03    15s
 814   4.96507034e+05  3.47e-02  5.13e+00  3.37e-03  1.00e+00    15s
 815   4.96508898e+05  3.05e-02  3.49e+02  3.37e-03  2.50e-01    15s
 816   4.96512419e+05  2.59e-02  1.26e+02  3.37e-03  5.00e-01    15s
 817   4.96513157e+05  2.51e-02  7.25e+02  3.37e-03  6.25e-02    15s
 818   4.96516464e+05  7.26e-03  8.59e-01  3.38e-03  1.00e+00    15s
 819   4.96515584e+05  4.66e-04  1.05e-01  3.38e-03  1.00e+00    15s
 820   4.96515674e+05  2.49e-06  1.10e-03  3.37e-03  1.00e+00    15s
 821   4.96515832e+05  3.67e-05  1.44e+01  3.38e-03  5.00e-01    15s
 822   4.96515726e+05  5.51e-05  3.69e+01  3.38e-03  2.50e-01    15s
 823   4.96515793e+05  5.91e-05  9.67e+01  3.37e-03  6.25e-02    16s
 824   4.96515776e+05  5.92e-05  2.27e+02  3.38e-03  7.81e-03    16s
 825   4.96515784e+05  5.92e-05  4.79e+02  3.37e-03  1.95e-03    16s
 826   4.96509674e+05  6.29e-02  6.13e+03  3.38e-03  7.44e-02    16s
 827   4.96509714e+05  6.28e-02  3.35e+03  3.38e-03  1.54e-03    16s
 828   4.96512257e+05  6.03e-02  5.88e+02  3.37e-03  1.25e-01    16s
 829   4.96517459e+05  3.73e-07  1.40e-01  3.38e-03  1.00e+00    16s
 830   4.96513650e+05  1.59e-07  4.82e-02  3.38e-03  1.00e+00    16s
 831   4.96513146e+05  1.31e-07  7.32e-03  3.37e-03  1.00e+00    16s
 832   4.96513246e+05  1.30e-07  9.32e-04  3.37e-03  1.00e+00    16s
 833   4.96513297e+05  4.60e-07  9.12e-04  3.37e-03  1.00e+00    16s
 834   4.96513393e+05  3.63e-06  9.76e-04  3.37e-03  1.00e+00    16s
 835   4.96513616e+05  2.91e-05  3.31e-03  3.37e-03  1.00e+00    16s
 836   4.96513914e+05  7.58e-05  9.89e+00  3.37e-03  5.00e-01    16s
 837   4.96514024e+05  8.00e-05  5.77e+01  3.37e-03  6.25e-02    16s
 838   4.96514048e+05  8.02e-05  2.24e+02  3.37e-03  3.91e-03    16s
 839   4.96514049e+05  8.02e-05  7.50e+02  3.37e-03  5.70e-06    16s
 840   4.96514084e+05  8.05e-05  1.61e+02  3.37e-03  7.81e-03    16s
 841   4.96514095e+05  8.06e-05  4.83e+02  3.37e-03  9.77e-04    16s
 842   4.96516173e+05  4.38e-03  4.81e-01  3.38e-03  1.00e+00    16s
 843   4.96516578e+05  4.27e-03  2.73e+02  3.37e-03  6.25e-02    16s
 844   4.96518041e+05  1.80e-03  1.74e-01  3.38e-03  1.00e+00    16s
 845   4.96518459e+05  1.78e-03  1.41e+02  3.37e-03  1.25e-01    16s
 846   4.96518578e+05  1.77e-03  4.00e+02  3.37e-03  1.56e-02    16s
 847   4.96515065e+05  4.70e-03  4.19e-01  3.37e-03  1.00e+00    16s
 848   4.96515155e+05  4.69e-03  1.38e+03  3.37e-03  7.81e-03    16s
 849   4.96507449e+05  5.76e-02  7.34e+00  3.37e-03  1.00e+00    16s
 850   4.96511299e+05  4.51e-02  2.07e+02  3.37e-03  5.00e-01    16s
 851   4.96511344e+05  4.51e-02  1.28e+03  3.37e-03  2.65e-04    16s
 852   4.96511965e+05  2.40e-05  2.62e-02  3.38e-03  1.00e+00    16s
 853   4.96512076e+05  6.58e-06  2.84e+02  3.37e-03  3.13e-02    16s
 854   4.96512144e+05  6.48e-06  1.62e+02  3.37e-03  1.56e-02    16s
 855   4.96512145e+05  6.48e-06  1.33e+03  3.37e-03  1.53e-05    16s
 856   4.96512568e+05  1.36e-05  2.80e-02  3.38e-03  1.00e+00    16s
 857   4.96512675e+05  6.92e-06  2.97e+02  3.37e-03  3.13e-02    16s
 858   4.96512703e+05  7.59e-06  1.37e+02  3.37e-03  7.81e-03    16s
 859   4.96512704e+05  7.59e-06  1.32e+03  3.37e-03  3.05e-05    16s
 860   4.96512704e+05  7.59e-06  2.61e+03  3.37e-03  1.85e-06    16s
 861   4.96502472e+05  1.61e-01  3.79e+01  3.37e-03  1.00e+00    16s
 862   4.96512382e+05  1.30e-01  5.23e+00  3.37e-03  1.00e+00    16s
 863   4.96514886e+05  1.48e-02  3.17e+00  3.37e-03  1.00e+00    16s
 864   4.96518610e+05  1.51e-02  4.70e-01  3.37e-03  1.00e+00    16s
 865   4.96519726e+05  1.34e-02  2.29e+02  3.37e-03  2.50e-01    16s
 866   4.96508644e+05  1.74e-01  1.13e+01  3.37e-03  1.00e+00    16s
 867   4.96516735e+05  1.31e-01  1.25e+01  3.37e-03  1.00e+00    16s
 868   4.96523114e+05  1.40e-01  8.21e+02  3.37e-03  2.50e-01    16s
 869   4.96507035e+05  3.41e-01  2.89e+01  3.37e-03  1.00e+00    16s
 870   4.96511932e+05  3.01e-01  6.39e+02  3.37e-03  2.50e-01    17s
 871   4.96513216e+05  2.40e-05  3.07e-02  3.38e-03  1.00e+00    17s
 872   4.96513224e+05  2.41e-05  7.75e+02  3.37e-03  9.77e-04    17s
 873   4.96513228e+05  2.41e-05  1.33e+03  3.37e-03  1.22e-04    17s
 874   4.96507274e+05  8.06e-02  4.92e+01  3.37e-03  1.00e+00    17s
 875   4.96511875e+05  2.95e-02  4.96e+00  3.37e-03  1.00e+00    17s
 876   4.96514263e+05  1.50e-02  2.63e+00  3.37e-03  1.00e+00    17s
 877   4.96514366e+05  1.50e-02  1.24e+03  3.37e-03  1.95e-03    17s
 878   4.96511734e+05  7.43e-03  2.37e+00  3.37e-03  1.00e+00    17s
 879   4.96512381e+05  7.19e-03  3.86e+02  3.37e-03  1.25e-01    17s
 880   4.96513548e+05  6.62e-03  1.32e+02  3.37e-03  2.50e-01    17s
 881   4.96513584e+05  6.62e-03  1.34e+03  3.37e-03  9.77e-04    17s
 882   4.96513816e+05  1.25e-05  6.31e-02  3.38e-03  1.00e+00    17s
 883   4.96513914e+05  6.59e-06  3.00e+02  3.37e-03  3.13e-02    17s
 884   4.96513958e+05  8.30e-06  1.09e+02  3.37e-03  1.56e-02    17s
 885   4.96513959e+05  8.30e-06  1.32e+03  3.37e-03  6.10e-05    17s
 886   4.96513928e+05  1.53e-05  3.55e+01  3.38e-03  2.50e-01    17s
 887   4.96513949e+05  1.59e-05  2.29e+02  3.37e-03  7.81e-03    17s
 888   4.96513950e+05  1.59e-05  1.36e+03  3.37e-03  1.53e-05    17s
 889   4.96513933e+05  1.62e-05  2.01e+02  3.38e-03  3.91e-03    17s
 890   4.96513948e+05  1.65e-05  3.73e+02  3.37e-03  3.91e-03    17s
 891   4.96517162e+05  8.88e-03  4.39e-01  3.38e-03  1.00e+00    17s
 892   4.96517251e+05  8.86e-03  1.32e+03  3.37e-03  3.91e-03    17s
 893   4.96509757e+05  4.82e-02  6.39e+00  3.37e-03  1.00e+00    17s
 894   4.96513543e+05  4.11e-02  2.16e+02  3.37e-03  5.00e-01    17s
 895   4.96517487e+05  1.20e-02  1.44e-01  3.38e-03  1.00e+00    17s
 896   4.96517522e+05  1.20e-02  1.34e+03  3.37e-03  4.88e-04    17s
 897   4.96510162e+05  4.93e-02  6.87e+00  3.37e-03  1.00e+00    17s
 898   4.96513764e+05  3.83e-02  1.65e+02  3.37e-03  5.00e-01    17s
 899   4.96516911e+05  6.79e-03  8.44e-02  3.38e-03  1.00e+00    17s
 900   4.96516965e+05  6.78e-03  1.31e+03  3.37e-03  1.95e-03    17s
 901   4.96510028e+05  4.52e-02  6.47e+00  3.37e-03  1.00e+00    17s
 902   4.96513652e+05  3.68e-02  1.67e+02  3.37e-03  5.00e-01    17s
 903   4.96517447e+05  1.10e-02  6.07e-02  3.38e-03  1.00e+00    17s
 904   4.96517485e+05  1.10e-02  1.34e+03  3.37e-03  4.88e-04    17s
 905   4.96510328e+05  4.72e-02  6.76e+00  3.37e-03  1.00e+00    17s
 906   4.96513943e+05  3.76e-02  1.65e+02  3.37e-03  5.00e-01    17s
 907   4.96517357e+05  8.40e-03  7.62e-02  3.38e-03  1.00e+00    17s
 908   4.96517429e+05  8.39e-03  1.32e+03  3.37e-03  1.95e-03    17s
 909   4.96510383e+05  4.62e-02  6.62e+00  3.37e-03  1.00e+00    17s
 910   4.96513979e+05  3.68e-02  1.59e+02  3.37e-03  5.00e-01    17s
 911   4.96517470e+05  8.90e-03  6.42e-02  3.38e-03  1.00e+00    17s
 912   4.96517511e+05  8.89e-03  1.32e+03  3.37e-03  9.77e-04    17s
 913   4.96510474e+05  4.61e-02  6.64e+00  3.37e-03  1.00e+00    17s
 914   4.96514073e+05  3.69e-02  1.62e+02  3.37e-03  5.00e-01    17s
 915   4.96517623e+05  9.29e-03  6.49e-02  3.38e-03  1.00e+00    17s
 916   4.96517668e+05  9.29e-03  1.33e+03  3.37e-03  9.77e-04    17s
 917   4.96510608e+05  4.62e-02  6.67e+00  3.37e-03  1.00e+00    17s
 918   4.96514206e+05  3.69e-02  1.62e+02  3.37e-03  5.00e-01    17s
 919   4.96517707e+05  8.98e-03  6.73e-02  3.38e-03  1.00e+00    17s
 920   4.96517749e+05  8.98e-03  1.33e+03  3.37e-03  9.77e-04    17s
 921   4.96510703e+05  4.61e-02  6.65e+00  3.37e-03  1.00e+00    17s
 922   4.96514297e+05  3.68e-02  1.61e+02  3.37e-03  5.00e-01    17s
 923   4.96517807e+05  9.05e-03  6.53e-02  3.38e-03  1.00e+00    17s
 924   4.96517850e+05  9.04e-03  1.33e+03  3.37e-03  9.77e-04    18s
 925   4.96510813e+05  4.60e-02  6.65e+00  3.37e-03  1.00e+00    18s
 926   4.96514409e+05  3.68e-02  1.62e+02  3.37e-03  5.00e-01    18s
 927   4.96517932e+05  9.14e-03  6.64e-02  3.38e-03  1.00e+00    18s
 928   4.96517976e+05  9.14e-03  1.33e+03  3.37e-03  9.77e-04    18s
 929   4.96510931e+05  4.60e-02  6.66e+00  3.37e-03  1.00e+00    18s
 930   4.96514522e+05  3.68e-02  1.61e+02  3.37e-03  5.00e-01    18s
 931   4.96518015e+05  8.94e-03  6.66e-02  3.38e-03  1.00e+00    18s
 932   4.96518057e+05  8.94e-03  1.33e+03  3.37e-03  9.77e-04    18s
 933   4.96511028e+05  4.59e-02  6.64e+00  3.37e-03  1.00e+00    18s
 934   4.96514618e+05  3.67e-02  1.62e+02  3.37e-03  5.00e-01    18s
 935   4.96518130e+05  9.08e-03  6.57e-02  3.38e-03  1.00e+00    18s
 936   4.96518174e+05  9.08e-03  1.33e+03  3.37e-03  9.77e-04    18s
 937   4.96511144e+05  4.59e-02  6.65e+00  3.37e-03  1.00e+00    18s
 938   4.96514733e+05  3.67e-02  1.62e+02  3.37e-03  5.00e-01    18s
 939   4.96518233e+05  9.01e-03  6.67e-02  3.38e-03  1.00e+00    18s
 940   4.96518276e+05  9.01e-03  1.33e+03  3.37e-03  9.77e-04    18s
 941   4.96511250e+05  4.58e-02  6.65e+00  3.37e-03  1.00e+00    18s
 942   4.96514835e+05  3.66e-02  1.61e+02  3.37e-03  5.00e-01    18s
 943   4.96518328e+05  8.97e-03  6.61e-02  3.38e-03  1.00e+00    18s
 944   4.96518370e+05  8.96e-03  1.33e+03  3.37e-03  9.77e-04    18s
 945   4.96511353e+05  4.57e-02  6.64e+00  3.37e-03  1.00e+00    18s
 946   4.96514938e+05  3.66e-02  1.62e+02  3.37e-03  5.00e-01    18s
 947   4.96518440e+05  9.03e-03  6.61e-02  3.38e-03  1.00e+00    18s
 948   4.96518483e+05  9.03e-03  1.33e+03  3.37e-03  9.77e-04    18s
 949   4.96511465e+05  4.57e-02  6.64e+00  3.37e-03  1.00e+00    18s
 950   4.96515047e+05  3.65e-02  1.62e+02  3.37e-03  5.00e-01    18s
 951   4.96518535e+05  8.95e-03  6.65e-02  3.38e-03  1.00e+00    18s
 952   4.96518577e+05  8.94e-03  1.33e+03  3.37e-03  9.77e-04    18s
 953   4.96511567e+05  4.56e-02  6.64e+00  3.37e-03  1.00e+00    18s
 954   4.96515147e+05  3.65e-02  1.62e+02  3.37e-03  5.00e-01    18s
 955   4.96518638e+05  8.97e-03  6.61e-02  3.38e-03  1.00e+00    18s
 956   4.96518680e+05  8.96e-03  1.33e+03  3.37e-03  9.77e-04    18s
 957   4.96511674e+05  4.56e-02  6.64e+00  3.37e-03  1.00e+00    18s
 958   4.96515253e+05  3.64e-02  1.62e+02  3.37e-03  5.00e-01    18s
 959   4.96518741e+05  8.96e-03  6.64e-02  3.38e-03  1.00e+00    18s
 960   4.96518783e+05  8.96e-03  1.33e+03  3.37e-03  9.77e-04    18s
 961   4.96511780e+05  4.55e-02  6.64e+00  3.37e-03  1.00e+00    18s
 962   4.96515356e+05  3.64e-02  1.62e+02  3.37e-03  5.00e-01    18s
 963   4.96518837e+05  8.92e-03  6.63e-02  3.38e-03  1.00e+00    18s
 964   4.96518879e+05  8.91e-03  1.33e+03  3.37e-03  9.77e-04    18s
 965   4.96511882e+05  4.54e-02  6.63e+00  3.37e-03  1.00e+00    18s
 966   4.96515457e+05  3.64e-02  1.62e+02  3.37e-03  5.00e-01    18s
 967   4.96518940e+05  8.94e-03  6.62e-02  3.38e-03  1.00e+00    18s
 968   4.96518983e+05  8.93e-03  1.33e+03  3.37e-03  9.77e-04    18s
 969   4.96511988e+05  4.54e-02  6.63e+00  3.37e-03  1.00e+00    18s
 970   4.96515561e+05  3.63e-02  1.62e+02  3.37e-03  5.00e-01    18s
 971   4.96519039e+05  8.91e-03  6.64e-02  3.38e-03  1.00e+00    18s
 972   4.96519081e+05  8.90e-03  1.33e+03  3.37e-03  9.77e-04    18s
 973   4.96512091e+05  4.53e-02  6.63e+00  3.37e-03  1.00e+00    18s
 974   4.96515662e+05  3.63e-02  1.62e+02  3.37e-03  5.00e-01    18s
 975   4.96519137e+05  8.90e-03  6.62e-02  3.38e-03  1.00e+00    18s
 976   4.96519179e+05  8.89e-03  1.34e+03  3.37e-03  9.77e-04    18s
 977   4.96512194e+05  4.53e-02  6.63e+00  3.37e-03  1.00e+00    18s
 978   4.96515763e+05  3.62e-02  1.62e+02  3.37e-03  5.00e-01    18s
 979   4.96519237e+05  8.89e-03  6.63e-02  3.38e-03  1.00e+00    19s
 980   4.96519279e+05  8.89e-03  1.34e+03  3.37e-03  9.77e-04    19s
 981   4.96512297e+05  4.52e-02  6.63e+00  3.37e-03  1.00e+00    19s
 982   4.96515865e+05  3.62e-02  1.62e+02  3.37e-03  5.00e-01    19s
 983   4.96519334e+05  8.87e-03  6.63e-02  3.38e-03  1.00e+00    19s
 984   4.96519375e+05  8.86e-03  1.34e+03  3.37e-03  9.77e-04    19s
 985   4.96512398e+05  4.52e-02  6.63e+00  3.37e-03  1.00e+00    19s
 986   4.96515964e+05  3.62e-02  1.62e+02  3.37e-03  5.00e-01    19s
 987   4.96519432e+05  8.87e-03  6.63e-02  3.38e-03  1.00e+00    19s
 988   4.96519474e+05  8.86e-03  1.34e+03  3.37e-03  9.77e-04    19s
 989   4.96512500e+05  4.51e-02  6.63e+00  3.37e-03  1.00e+00    19s
 990   4.96516065e+05  3.61e-02  1.62e+02  3.37e-03  5.00e-01    19s
 991   4.96519529e+05  8.85e-03  6.63e-02  3.38e-03  1.00e+00    19s
 992   4.96519571e+05  8.85e-03  1.34e+03  3.37e-03  9.77e-04    19s
 993   4.96512601e+05  4.51e-02  6.63e+00  3.37e-03  1.00e+00    19s
 994   4.96516164e+05  3.61e-02  1.62e+02  3.37e-03  5.00e-01    19s
 995   4.96519626e+05  8.84e-03  6.63e-02  3.38e-03  1.00e+00    19s
 996   4.96519667e+05  8.83e-03  1.34e+03  3.37e-03  9.77e-04    19s
 997   4.96512702e+05  4.50e-02  6.62e+00  3.37e-03  1.00e+00    19s
 998   4.96516263e+05  3.60e-02  1.62e+02  3.37e-03  5.00e-01    19s
 999   4.96519723e+05  8.83e-03  6.63e-02  3.38e-03  1.00e+00    19s
1000   4.96519764e+05  8.83e-03  1.34e+03  3.37e-03  9.77e-04    19s

NL barrier performed 1000 iterations in 18.90 seconds (25.21 work units)
Iteration limit reached

User-callback calls 8998, time in user-callback 0.01 sec
